Component: ARM Compiler 5.06 update 7 (build 960) Tool: armlink [4d3601]

==============================================================================

Section Cross References

    startup_gd32f450_470.o(STACK) refers (Special) to heapauxi.o(.text) for __use_two_region_memory
    startup_gd32f450_470.o(HEAP) refers (Special) to heapauxi.o(.text) for __use_two_region_memory
    startup_gd32f450_470.o(RESET) refers (Special) to heapauxi.o(.text) for __use_two_region_memory
    startup_gd32f450_470.o(RESET) refers to startup_gd32f450_470.o(STACK) for __initial_sp
    startup_gd32f450_470.o(RESET) refers to startup_gd32f450_470.o(.text) for Reset_Handler
    startup_gd32f450_470.o(RESET) refers to gd32f4xx_it.o(i.NMI_Handler) for NMI_Handler
    startup_gd32f450_470.o(RESET) refers to gd32f4xx_it.o(i.HardFault_Handler) for HardFault_Handler
    startup_gd32f450_470.o(RESET) refers to gd32f4xx_it.o(i.MemManage_Handler) for MemManage_Handler
    startup_gd32f450_470.o(RESET) refers to gd32f4xx_it.o(i.BusFault_Handler) for BusFault_Handler
    startup_gd32f450_470.o(RESET) refers to gd32f4xx_it.o(i.UsageFault_Handler) for UsageFault_Handler
    startup_gd32f450_470.o(RESET) refers to gd32f4xx_it.o(i.SVC_Handler) for SVC_Handler
    startup_gd32f450_470.o(RESET) refers to gd32f4xx_it.o(i.DebugMon_Handler) for DebugMon_Handler
    startup_gd32f450_470.o(RESET) refers to gd32f4xx_it.o(i.PendSV_Handler) for PendSV_Handler
    startup_gd32f450_470.o(RESET) refers to gd32f4xx_it.o(i.SysTick_Handler) for SysTick_Handler
    startup_gd32f450_470.o(RESET) refers to rtc.o(i.RTC_WKUP_IRQHandler) for RTC_WKUP_IRQHandler
    startup_gd32f450_470.o(RESET) refers to usmart_port.o(i.TIMER3_IRQHandler) for TIMER3_IRQHandler
    startup_gd32f450_470.o(RESET) refers to usart.o(i.USART0_IRQHandler) for USART0_IRQHandler
    startup_gd32f450_470.o(RESET) refers to rtc.o(i.RTC_Alarm_IRQHandler) for RTC_Alarm_IRQHandler
    startup_gd32f450_470.o(.text) refers (Special) to heapauxi.o(.text) for __use_two_region_memory
    startup_gd32f450_470.o(.text) refers to system_gd32f4xx.o(i.SystemInit) for SystemInit
    startup_gd32f450_470.o(.text) refers to __main.o(!!!main) for __main
    startup_gd32f450_470.o(.text) refers to startup_gd32f450_470.o(HEAP) for Heap_Mem
    startup_gd32f450_470.o(.text) refers to startup_gd32f450_470.o(STACK) for Stack_Mem
    main.o(i.main) refers to delay.o(i.delay_init) for delay_init
    main.o(i.main) refers to usart.o(i.usart_init) for usart_init
    main.o(i.main) refers to usmart.o(i.usmart_init) for usmart_init
    main.o(i.main) refers to led.o(i.led_init) for led_init
    main.o(i.main) refers to oled.o(i.oled_init) for oled_init
    main.o(i.main) refers to key.o(i.key_init) for key_init
    main.o(i.main) refers to rtc.o(i.rtc_config) for rtc_config
    main.o(i.main) refers to rtc.o(i.rtc_set_wakeup) for rtc_set_wakeup
    main.o(i.main) refers to menu.o(i.menu_init) for menu_init
    main.o(i.main) refers to key.o(i.key_scan) for key_scan
    main.o(i.main) refers to menu.o(i.menu_exit) for menu_exit
    main.o(i.main) refers to main.o(i.menu_switch_key) for menu_switch_key
    main.o(i.main) refers to menu.o(i.judge_the_app) for judge_the_app
    main.o(i.main) refers to delay.o(i.delay_ms) for delay_ms
    main.o(i.main) refers to main.o(.data) for key
    main.o(i.menu_switch_key) refers to _printf_percent.o(.ARM.Collect$$_printf_percent$$00000000) for _printf_percent
    main.o(i.menu_switch_key) refers to _printf_s.o(.ARM.Collect$$_printf_percent$$00000014) for _printf_s
    main.o(i.menu_switch_key) refers to _printf_str.o(.text) for _printf_str
    main.o(i.menu_switch_key) refers to oled.o(i.oled_clear) for oled_clear
    main.o(i.menu_switch_key) refers to menu.o(i.judge_the_app) for judge_the_app
    main.o(i.menu_switch_key) refers to menu.o(i.menu_last_app) for menu_last_app
    main.o(i.menu_switch_key) refers to delay.o(i.delay_ms) for delay_ms
    main.o(i.menu_switch_key) refers to noretval__2printf.o(.text) for __2printf
    main.o(i.menu_switch_key) refers to menu.o(i.menu_next_app) for menu_next_app
    main.o(i.menu_switch_key) refers to main.o(.data) for curr_state
    main.o(i.menu_switch_key) refers to menu.o(.data) for menu
    system_gd32f4xx.o(i.SystemCoreClockUpdate) refers to system_gd32f4xx.o(.data) for SystemCoreClock
    system_gd32f4xx.o(i.SystemInit) refers to system_gd32f4xx.o(i.system_clock_config) for system_clock_config
    system_gd32f4xx.o(i.system_clock_config) refers to system_gd32f4xx.o(i.system_clock_240m_25m_hxtal) for system_clock_240m_25m_hxtal
    delay.o(i.delay_init) refers to delay.o(.data) for g_fac_us
    delay.o(i.delay_ms) refers to delay.o(i.delay_us) for delay_us
    delay.o(i.delay_us) refers to delay.o(.data) for g_fac_us
    usart.o(.rev16_text) refers (Special) to use_no_semi_2.o(.text) for __use_no_semihosting
    usart.o(.revsh_text) refers (Special) to use_no_semi_2.o(.text) for __use_no_semihosting
[...]
    i.TIMER3_IRQHandler                      0x0800097c   Section        0  usmart_port.o(i.TIMER3_IRQHandler)
    i.USART0_IRQHandler                      0x080009b4   Section        0  usart.o(i.USART0_IRQHandler)
    i.UsageFault_Handler                     0x08000a3c   Section        0  gd32f4xx_it.o(i.UsageFault_Handler)
    i._is_digit                              0x08000a40   Section        0  __printf_wp.o(i._is_digit)
    i._sys_exit                              0x08000a4e   Section        0  usart.o(i._sys_exit)
    i.clock_DisplaySize_12                   0x08000a54   Section        0  clock.o(i.clock_DisplaySize_12)
    i.clock_DisplaySize_16                   0x08000b38   Section        0  clock.o(i.clock_DisplaySize_16)
    i.clock_DisplaySize_24                   0x08000c48   Section        0  clock.o(i.clock_DisplaySize_24)
    i.clock_JudgeDisplayMode                 0x08000d04   Section        0  clock.o(i.clock_JudgeDisplayMode)
    i.delay_init                             0x08000d30   Section        0  delay.o(i.delay_init)
    i.delay_ms                               0x08000d5c   Section        0  delay.o(i.delay_ms)
    i.delay_us                               0x08000d70   Section        0  delay.o(i.delay_us)
    i.display_clock                          0x08000db8   Section        0  menu.o(i.display_clock)
    i.display_noteBook                       0x08000e0c   Section        0  menu.o(i.display_noteBook)
    i.exti_flag_clear                        0x08000e30   Section        0  gd32f4xx_exti.o(i.exti_flag_clear)
    i.exti_init                              0x08000e3c   Section        0  gd32f4xx_exti.o(i.exti_init)
    i.fputc                                  0x08000ef8   Section        0  usart.o(i.fputc)
    i.gpio_af_set                            0x08000f1c   Section        0  gd32f4xx_gpio.o(i.gpio_af_set)
    i.gpio_bit_toggle                        0x08000f7a   Section        0  gd32f4xx_gpio.o(i.gpio_bit_toggle)
    i.gpio_bit_write                         0x08000f7e   Section        0  gd32f4xx_gpio.o(i.gpio_bit_write)
    i.gpio_input_bit_get                     0x08000f88   Section        0  gd32f4xx_gpio.o(i.gpio_input_bit_get)
    i.gpio_mode_set                          0x08000f98   Section        0  gd32f4xx_gpio.o(i.gpio_mode_set)
    i.gpio_output_options_set                0x08000fe6   Section        0  gd32f4xx_gpio.o(i.gpio_output_options_set)
    i.iic_delay                              0x08001028   Section        0  myiic.o(i.iic_delay)
    iic_delay                                0x08001029   Thumb Code    10  myiic.o(i.iic_delay)
    i.iic_init                               0x08001034   Section        0  myiic.o(i.iic_init)
    i.iic_send_byte                          0x08001088   Section        0  myiic.o(i.iic_send_byte)
    i.iic_start                              0x080010f8   Section        0  myiic.o(i.iic_start)
    i.iic_stop                               0x08001148   Section        0  myiic.o(i.iic_stop)
    i.iic_wait_ack                           0x08001188   Section        0  myiic.o(i.iic_wait_ack)
    i.judge_the_app                          0x080011cc   Section        0  menu.o(i.judge_the_app)
    i.key_init                               0x08001240   Section        0  key.o(i.key_init)
    i.key_scan                               0x080012e4   Section        0  key.o(i.key_scan)
    i.led_init                               0x08001424   Section        0  led.o(i.led_init)
    i.main                                   0x08001544   Section        0  main.o(i.main)
    i.menu_contain                           0x080015bc   Section        0  menu.o(i.menu_contain)
    menu_contain                             0x080015bd   Thumb Code    44  menu.o(i.menu_contain)
    i.menu_display_point_down                0x080015ec   Section        0  menu.o(i.menu_display_point_down)
    menu_display_point_down                  0x080015ed   Thumb Code    46  menu.o(i.menu_display_point_down)
    i.menu_display_point_up                  0x08001624   Section        0  menu.o(i.menu_display_point_up)
    menu_display_point_up                    0x08001625   Thumb Code    46  menu.o(i.menu_display_point_up)
    i.menu_exit                              0x0800165c   Section        0  menu.o(i.menu_exit)
    i.menu_init                              0x08001684   Section        0  menu.o(i.menu_init)
    i.menu_last_app                          0x08001690   Section        0  menu.o(i.menu_last_app)
    i.menu_next_app                          0x080016f8   Section        0  menu.o(i.menu_next_app)
    i.menu_pointer                           0x08001744   Section        0  menu.o(i.menu_pointer)
    menu_pointer                             0x08001745   Thumb Code    80  menu.o(i.menu_pointer)
    i.menu_skeletons                         0x0800179c   Section        0  menu.o(i.menu_skeletons)
    menu_skeletons                           0x0800179d   Thumb Code    72  menu.o(i.menu_skeletons)
    i.menu_switch_key                        0x080017e4   Section        0  main.o(i.menu_switch_key)
    i.nvic_irq_enable                        0x0800187c   Section        0  gd32f4xx_misc.o(i.nvic_irq_enable)
    i.nvic_priority_group_set                0x08001940   Section        0  gd32f4xx_misc.o(i.nvic_priority_group_set)
    i.oled_clear                             0x08001954   Section        0  oled.o(i.oled_clear)
    i.oled_draw_point                        0x08001984   Section        0  oled.o(i.oled_draw_point)
    i.oled_fill                              0x080019e4   Section        0  oled.o(i.oled_fill)
    i.oled_init                              0x08001a1e   Section        0  oled.o(i.oled_init)
    i.oled_pow                               0x08001af2   Section        0  oled.o(i.oled_pow)
    oled_pow                                 0x08001af3   Thumb Code    22  oled.o(i.oled_pow)
    i.oled_refresh_gram                      0x08001b08   Section        0  oled.o(i.oled_refresh_gram)
    i.oled_show_char                         0x08001b70   Section        0  oled.o(i.oled_show_char)
    i.oled_show_num                          0x08001c90   Section        0  oled.o(i.oled_show_num)
    i.oled_show_string                       0x08001d2c   Section        0  oled.o(i.oled_show_string)
    i.oled_wr_byte                           0x08001d8a   Section        0  oled.o(i.oled_wr_byte)
    oled_wr_byte                             0x08001d8b   Thumb Code    56  oled.o(i.oled_wr_byte)
    i.pmu_backup_write_enable                0x08001dc4   Section        0  gd32f4xx_pmu.o(i.pmu_backup_write_enable)
    i.rcu_clock_freq_get                     0x08001dd8   Section        0  gd32f4xx_rcu.o(i.rcu_clock_freq_get)
    i.rcu_flag_get                           0x08001efc   Section        0  gd32f4xx_rcu.o(i.rcu_flag_get)
    i.rcu_osci_on                            0x08001f20   Section        0  gd32f4xx_rcu.o(i.rcu_osci_on)
    i.rcu_osci_stab_wait                     0x08001f44   Section        0  gd32f4xx_rcu.o(i.rcu_osci_stab_wait)
    i.rcu_periph_clock_enable                0x080020a0   Section        0  gd32f4xx_rcu.o(i.rcu_periph_clock_enable)
    i.rcu_periph_reset_disable               0x080020c4   Section        0  gd32f4xx_rcu.o(i.rcu_periph_reset_disable)
    i.rcu_periph_reset_enable                0x080020e8   Section        0  gd32f4xx_rcu.o(i.rcu_periph_reset_enable)
    i.rcu_rtc_clock_config                   0x0800210c   Section        0  gd32f4xx_rcu.o(i.rcu_rtc_clock_config)
    i.read_addr                              0x08002124   Section        0  usmart.o(i.read_addr)
    i.rtc_alarm_config                       0x0800212c   Section        0  gd32f4xx_rtc.o(i.rtc_alarm_config)
    i.rtc_alarm_disable                      0x08002190   Section        0  gd32f4xx_rtc.o(i.rtc_alarm_disable)
    i.rtc_alarm_enable                       0x08002210   Section        0  gd32f4xx_rtc.o(i.rtc_alarm_enable)
    i.rtc_bcd2dec                            0x0800224c   Section        0  rtc.o(i.rtc_bcd2dec)
    rtc_bcd2dec                              0x0800224d   Thumb Code    22  rtc.o(i.rtc_bcd2dec)
    i.rtc_config                             0x08002264   Section        0  rtc.o(i.rtc_config)
    i.rtc_current_time_get                   0x08002330   Section        0  gd32f4xx_rtc.o(i.rtc_current_time_get)
    i.rtc_dec2bcd                            0x08002394   Section        0  rtc.o(i.rtc_dec2bcd)
    rtc_dec2bcd                              0x08002395   Thumb Code    28  rtc.o(i.rtc_dec2bcd)
    i.rtc_flag_clear                         0x080023b0   Section        0  gd32f4xx_rtc.o(i.rtc_flag_clear)
    i.rtc_flag_get                           0x080023c0   Section        0  gd32f4xx_rtc.o(i.rtc_flag_get)
    i.rtc_get_time                           0x080023d4   Section        0  rtc.o(i.rtc_get_time)
    i.rtc_get_week                           0x08002418   Section        0  rtc.o(i.rtc_get_week)
    i.rtc_init                               0x08002498   Section        0  gd32f4xx_rtc.o(i.rtc_init)
    i.rtc_init_mode_enter                    0x08002574   Section        0  gd32f4xx_rtc.o(i.rtc_init_mode_enter)
    i.rtc_init_mode_exit                     0x080025bc   Section        0  gd32f4xx_rtc.o(i.rtc_init_mode_exit)
    i.rtc_interrupt_enable                   0x080025d0   Section        0  gd32f4xx_rtc.o(i.rtc_interrupt_enable)
    i.rtc_register_sync_wait                 0x0800260c   Section        0  gd32f4xx_rtc.o(i.rtc_register_sync_wait)
    i.rtc_set_alarma                         0x0800266c   Section        0  rtc.o(i.rtc_set_alarma)
    i.rtc_set_date                           0x080026f4   Section        0  rtc.o(i.rtc_set_date)
    i.rtc_set_time                           0x08002744   Section        0  rtc.o(i.rtc_set_time)
    i.rtc_set_wakeup                         0x08002794   Section        0  rtc.o(i.rtc_set_wakeup)
    i.rtc_wakeup_clock_set                   0x080027e0   Section        0  gd32f4xx_rtc.o(i.rtc_wakeup_clock_set)
    i.rtc_wakeup_disable                     0x0800283c   Section        0  gd32f4xx_rtc.o(i.rtc_wakeup_disable)
    i.rtc_wakeup_enable                      0x08002890   Section        0  gd32f4xx_rtc.o(i.rtc_wakeup_enable)
    i.rtc_wakeup_timer_set                   0x080028b8   Section        0  gd32f4xx_rtc.o(i.rtc_wakeup_timer_set)
    i.system_clock_240m_25m_hxtal            0x08002904   Section        0  system_gd32f4xx.o(i.system_clock_240m_25m_hxtal)
    system_clock_240m_25m_hxtal              0x08002905   Thumb Code   250  system_gd32f4xx.o(i.system_clock_240m_25m_hxtal)
    i.system_clock_config                    0x08002a0c   Section        0  system_gd32f4xx.o(i.system_clock_config)
    system_clock_config                      0x08002a0d   Thumb Code     8  system_gd32f4xx.o(i.system_clock_config)
    i.timer_autoreload_value_config          0x08002a14   Section        0  gd32f4xx_timer.o(i.timer_autoreload_value_config)
    i.timer_counter_read                     0x08002a18   Section        0  gd32f4xx_timer.o(i.timer_counter_read)
    i.timer_counter_value_config             0x08002a20   Section        0  gd32f4xx_timer.o(i.timer_counter_value_config)
    i.timer_deinit                           0x08002a24   Section        0  gd32f4xx_timer.o(i.timer_deinit)
    i.timer_enable                           0x08002ba8   Section        0  gd32f4xx_timer.o(i.timer_enable)
    i.timer_init                             0x08002bb4   Section        0  gd32f4xx_timer.o(i.timer_init)
    i.timer_interrupt_enable                 0x08002c4c   Section        0  gd32f4xx_timer.o(i.timer_interrupt_enable)
    i.timer_interrupt_flag_clear             0x08002c54   Section        0  gd32f4xx_timer.o(i.timer_interrupt_flag_clear)
    i.timer_interrupt_flag_get               0x08002c5a   Section        0  gd32f4xx_timer.o(i.timer_interrupt_flag_get)
    i.timer_struct_para_init                 0x08002c72   Section        0  gd32f4xx_timer.o(i.timer_struct_para_init)
    i.usart_baudrate_set                     0x08002c88   Section        0  gd32f4xx_usart.o(i.usart_baudrate_set)
    i.usart_data_receive                     0x08002d70   Section        0  gd32f4xx_usart.o(i.usart_data_receive)
    i.usart_data_transmit                    0x08002d7a   Section        0  gd32f4xx_usart.o(i.usart_data_transmit)
    i.usart_deinit                           0x08002d84   Section        0  gd32f4xx_usart.o(i.usart_deinit)
    i.usart_enable                           0x08002e60   Section        0  gd32f4xx_usart.o(i.usart_enable)
    i.usart_flag_get                         0x08002e6a   Section        0  gd32f4xx_usart.o(i.usart_flag_get)
    i.usart_init                             0x08002e88   Section        0  usart.o(i.usart_init)
    i.usart_interrupt_enable                 0x08002f50   Section        0  gd32f4xx_usart.o(i.usart_interrupt_enable)
    i.usart_interrupt_flag_get               0x08002f6a   Section        0  gd32f4xx_usart.o(i.usart_interrupt_flag_get)
    i.usart_parity_config                    0x08002fa2   Section        0  gd32f4xx_usart.o(i.usart_parity_config)
    i.usart_receive_config                   0x08002fb2   Section        0  gd32f4xx_usart.o(i.usart_receive_config)
    i.usart_stop_bit_set                     0x08002fc2   Section        0  gd32f4xx_usart.o(i.usart_stop_bit_set)
    i.usart_transmit_config                  0x08002fd2   Section        0  gd32f4xx_usart.o(i.usart_transmit_config)
    i.usart_word_length_set                  0x08002fe2   Section        0  gd32f4xx_usart.o(i.usart_word_length_set)
    i.usmart_cmd_rec                         0x08002ff4   Section        0  usmart.o(i.usmart_cmd_rec)
    i.usmart_exe                             0x080030a4   Section        0  usmart.o(i.usmart_exe)
    i.usmart_get_aparm                       0x08003378   Section        0  usmart_str.o(i.usmart_get_aparm)
    i.usmart_get_cmdname                     0x0800344c   Section        0  usmart_str.o(i.usmart_get_cmdname)
    i.usmart_get_fname                       0x08003484   Section        0  usmart_str.o(i.usmart_get_fname)
    i.usmart_get_fparam                      0x08003644   Section        0  usmart_str.o(i.usmart_get_fparam)
    i.usmart_get_input_string                0x08003750   Section        0  usmart_port.o(i.usmart_get_input_string)
    i.usmart_get_parmpos                     0x08003778   Section        0  usmart_str.o(i.usmart_get_parmpos)
    i.usmart_init                            0x08003798   Section        0  usmart.o(i.usmart_init)
    i.usmart_pow                             0x080037b0   Section        0  usmart_str.o(i.usmart_pow)
    i.usmart_scan                            0x080037c8   Section        0  usmart.o(i.usmart_scan)
    i.usmart_search_nextc                    0x08003870   Section        0  usmart_str.o(i.usmart_search_nextc)
    i.usmart_str2num                         0x08003886   Section        0  usmart_str.o(i.usmart_str2num)
    i.usmart_strcmp                          0x0800398c   Section        0  usmart_str.o(i.usmart_strcmp)
    i.usmart_strcopy                         0x080039ae   Section        0  usmart_str.o(i.usmart_strcopy)
    i.usmart_strlen                          0x080039c4   Section        0  usmart_str.o(i.usmart_strlen)
    i.usmart_sys_cmd_exe                     0x080039dc   Section        0  usmart.o(i.usmart_sys_cmd_exe)
    i.usmart_timerx_get_runtime              0x08004050   Section        0  usmart_port.o(i.usmart_timerx_get_runtime)
    i.usmart_timerx_init                     0x08004094   Section        0  usmart_port.o(i.usmart_timerx_init)
    i.usmart_timerx_reset_runtime            0x08004108   Section        0  usmart_port.o(i.usmart_timerx_reset_runtime)
    i.write_addr                             0x08004138   Section        0  usmart.o(i.write_addr)
    x$fpl$fpinit                             0x0800413c   Section       10  fpinit.o(x$fpl$fpinit)
    $v0                                      0x0800413c   Number         0  fpinit.o(x$fpl$fpinit)
    .constdata                               0x08004146   Section     6584  oled.o(.constdata)
    .constdata                               0x08005afe   Section       12  rtc.o(.constdata)
    .constdata                               0x08005b0a   Section       40  _printf_hex_int.o(.constdata)
    uc_hextab                                0x08005b0a   Data          20  _printf_hex_int.o(.constdata)
    lc_hextab                                0x08005b1e   Data          20  _printf_hex_int.o(.constdata)
    .constdata                               0x08005b32   Section       17  __printf_flags_ss_wp.o(.constdata)
    maptable                                 0x08005b32   Data          17  __printf_flags_ss_wp.o(.constdata)
    .conststring                             0x08005b44   Section      108  usmart.o(.conststring)
    .conststring                             0x08005bb0   Section      488  usmart_config.o(.conststring)
    .conststring                             0x08005d98   Section       60  menu.o(.conststring)
    .data                                    0x20000000   Section        8  main.o(.data)
    .data                                    0x20000008   Section        4  delay.o(.data)
    g_fac_us                                 0x20000008   Data           4  delay.o(.data)
    .data                                    0x2000000c   Section        6  usart.o(.data)
    .data                                    0x20000012   Section        1  key.o(.data)
    key_up                                   0x20000012   Data           1  key.o(.data)
    .data                                    0x20000014   Section       28  usmart.o(.data)
    .data                                    0x20000030   Section      316  usmart_config.o(.data)
    .data                                    0x2000016c   Section       11  clock.o(.data)
    display_mode                             0x2000016c   Data           1  clock.o(.data)
    cur_pos_index                            0x2000016d   Data           1  clock.o(.data)
    cur_pos                                  0x20000170   Data           4  clock.o(.data)
    size                                     0x20000174   Data           1  clock.o(.data)
    size                                     0x20000175   Data           1  clock.o(.data)
    size                                     0x20000176   Data           1  clock.o(.data)
    .data                                    0x20000178   Section       30  menu.o(.data)
    add                                      0x20000195   Data           1  menu.o(.data)
    .bss                                     0x20000198   Section      200  usart.o(.bss)
    .bss                                     0x20000260   Section      512  oled.o(.bss)
    g_oled_gram                              0x20000260   Data         512  oled.o(.bss)
    .bss                                     0x20000460   Section       20  rtc.o(.bss)
    .bss                                     0x20000474   Section       96  libspace.o(.bss)
    HEAP                                     0x200004d8   Section     1024  startup_gd32f450_470.o(HEAP)
    Heap_Mem                                 0x200004d8   Data        1024  startup_gd32f450_470.o(HEAP)
    STACK                                    0x200008d8   Section     1024  startup_gd32f450_470.o(STACK)
    Stack_Mem                                0x200008d8   Data        1024  startup_gd32f450_470.o(STACK)
    __initial_sp                             0x20000cd8   Data           0  startup_gd32f450_470.o(STACK)

    Global Symbols

    Symbol Name                              Value     Ov Type        Size  Object(Section)

    BuildAttributes$$THM_ISAv4$E$P$D$K$B$S$7EM$VFPi3$EXTD16$VFPS$VFMA$PE$A:L22UL41UL21$X:L11$S22US41US21$IEEE1$IW$USESV6$~STKCKD$USESV7$~SHL$OSPACE$ROPI$EBA8$UX$STANDARDLIB$REQ8$PRES8$EABIv2 0x00000000   Number         0  anon$$obj.o ABSOLUTE
    __ARM_use_no_argv                        0x00000000   Number         0  main.o ABSOLUTE
    _printf_flags                            0x00000000   Number         0  printf_stubs.o ABSOLUTE
    _printf_return_value                     0x00000000   Number         0  printf_stubs.o ABSOLUTE
    _printf_sizespec                         0x00000000   Number         0  printf_stubs.o ABSOLUTE
    _printf_widthprec                        0x00000000   Number         0  printf_stubs.o ABSOLUTE
    __ARM_exceptions_init                     - Undefined Weak Reference
    __alloca_initialize                       - Undefined Weak Reference
    __arm_fini_                               - Undefined Weak Reference
    __arm_preinit_                            - Undefined Weak Reference
    __cpp_initialize__aeabi_                  - Undefined Weak Reference
    __cxa_finalize                            - Undefined Weak Reference
    __rt_locale                               - Undefined Weak Reference
    __sigvec_lookup                           - Undefined Weak Reference
    _atexit_init                              - Undefined Weak Reference
    _call_atexit_fns                          - Undefined Weak Reference
    _clock_init                               - Undefined Weak Reference
    _fp_trap_init                             - Undefined Weak Reference
    _fp_trap_shutdown                         - Undefined Weak Reference
    _get_lc_collate                           - Undefined Weak Reference
    _get_lc_ctype                             - Undefined Weak Reference
    _get_lc_monetary                          - Undefined Weak Reference
    _get_lc_numeric                           - Undefined Weak Reference
    _get_lc_time                              - Undefined Weak Reference
    _getenv_init                              - Undefined Weak Reference
    _handle_redirection                       - Undefined Weak Reference
    _init_alloc                               - Undefined Weak Reference
    _init_user_alloc                          - Undefined Weak Reference
    _initio                                   - Undefined Weak Reference
    _mutex_acquire                            - Undefined Weak Reference
    _mutex_release                            - Undefined Weak Reference
    _printf_mbtowc                            - Undefined Weak Reference
    _printf_truncate_signed                   - Undefined Weak Reference
    _printf_truncate_unsigned                 - Undefined Weak Reference
    _rand_init                                - Undefined Weak Reference
    _signal_finish                            - Undefined Weak Reference
    _signal_init                              - Undefined Weak Reference
    _terminate_alloc                          - Undefined Weak Reference
    _terminate_user_alloc                     - Undefined Weak Reference
    _terminateio                              - Undefined Weak Reference
    __Vectors_Size                           0x000001ac   Number         0  startup_gd32f450_470.o ABSOLUTE
    __Vectors                                0x08000000   Data           4  startup_gd32f450_470.o(RESET)
    __Vectors_End                            0x080001ac   Data           0  startup_gd32f450_470.o(RESET)
    __main                                   0x080001ad   Thumb Code     8  __main.o(!!!main)
    __scatterload                            0x080001b5   Thumb Code     0  __scatter.o(!!!scatter)
    __scatterload_rt2                        0x080001b5   Thumb Code    44  __scatter.o(!!!scatter)
    __scatterload_rt2_thumb_only             0x080001b5   Thumb Code     0  __scatter.o(!!!scatter)
    __scatterload_null                       0x080001c3   Thumb Code     0  __scatter.o(!!!scatter)
    __decompress                             0x080001e9   Thumb Code    90  __dczerorl2.o(!!dczerorl2)
    __decompress1                            0x080001e9   Thumb Code     0  __dczerorl2.o(!!dczerorl2)
    __scatterload_zeroinit                   0x08000245   Thumb Code    28  __scatter_zi.o(!!handler_zi)
    _printf_d                                0x08000261   Thumb Code     0  _printf_d.o(.ARM.Collect$$_printf_percent$$00000009)
    _printf_percent                          0x08000261   Thumb Code     0  _printf_percent.o(.ARM.Collect$$_printf_percent$$00000000)
    _printf_u                                0x08000267   Thumb Code     0  _printf_u.o(.ARM.Collect$$_printf_percent$$0000000A)
    _printf_x                                0x0800026d   Thumb Code     0  _printf_x.o(.ARM.Collect$$_printf_percent$$0000000C)
    _printf_c                                0x08000273   Thumb Code     0  _printf_c.o(.ARM.Collect$$_printf_percent$$00000013)
    _printf_s                                0x08000279   Thumb Code     0  _printf_s.o(.ARM.Collect$$_printf_percent$$00000014)
    _printf_percent_end                      0x0800027f   Thumb Code     0  _printf_percent_end.o(.ARM.Collect$$_printf_percent$$00000017)
    __rt_lib_init                            0x08000283   Thumb Code     0  libinit.o(.ARM.Collect$$libinit$$00000000)
    __rt_lib_init_fp_1                       0x08000285   Thumb Code     0  libinit2.o(.ARM.Collect$$libinit$$00000001)
    __rt_lib_init_alloca_1                   0x08000289   Thumb Code     0  libinit2.o(.ARM.Collect$$libinit$$0000002E)
    __rt_lib_init_argv_1                     0x08000289   Thumb Code     0  libinit2.o(.ARM.Collect$$libinit$$0000002C)
    __rt_lib_init_atexit_1                   0x08000289   Thumb Code     0  libinit2.o(.ARM.Collect$$libinit$$0000001B)
    __rt_lib_init_clock_1                    0x08000289   Thumb Code     0  libinit2.o(.ARM.Collect$$libinit$$00000021)
    __rt_lib_init_cpp_1                      0x08000289   Thumb Code     0  libinit2.o(.ARM.Collect$$libinit$$00000032)
    __rt_lib_init_exceptions_1               0x08000289   Thumb Code     0  libinit2.o(.ARM.Collect$$libinit$$00000030)
    __rt_lib_init_fp_trap_1                  0x08000289   Thumb Code     0  libinit2.o(.ARM.Collect$$libinit$$0000001F)
    __rt_lib_init_getenv_1                   0x08000289   Thumb Code     0  libinit2.o(.ARM.Collect$$libinit$$00000023)
    __rt_lib_init_heap_1                     0x08000289   Thumb Code     0  libinit2.o(.ARM.Collect$$libinit$$0000000A)
    __rt_lib_init_lc_collate_1               0x08000289   Thumb Code     0  libinit2.o(.ARM.Collect$$libinit$$00000011)
    __rt_lib_init_lc_ctype_1                 0x08000289   Thumb Code     0  libinit2.o(.ARM.Collect$$libinit$$00000013)
    __rt_lib_init_lc_monetary_1              0x08000289   Thumb Code     0  libinit2.o(.ARM.Collect$$libinit$$00000015)
    __rt_lib_init_lc_numeric_1               0x08000289   Thumb Code     0  libinit2.o(.ARM.Collect$$libinit$$00000017)
    __rt_lib_init_lc_time_1                  0x08000289   Thumb Code     0  libinit2.o(.ARM.Collect$$libinit$$00000019)
    __rt_lib_init_preinit_1                  0x08000289   Thumb Code     0  libinit2.o(.ARM.Collect$$libinit$$00000004)
    __rt_lib_init_rand_1                     0x08000289   Thumb Code     0  libinit2.o(.ARM.Collect$$libinit$$0000000E)
    __rt_lib_init_return                     0x08000289   Thumb Code     0  libinit2.o(.ARM.Collect$$libinit$$00000033)
    __rt_lib_init_signal_1                   0x08000289   Thumb Code     0  libinit2.o(.ARM.Collect$$libinit$$0000001D)
    __rt_lib_init_stdio_1                    0x08000289   Thumb Code     0  libinit2.o(.ARM.Collect$$libinit$$00000025)
    __rt_lib_init_user_alloc_1               0x08000289   Thumb Code     0  libinit2.o(.ARM.Collect$$libinit$$0000000C)
    __rt_lib_shutdown                        0x0800028b   Thumb Code     0  libshutdown.o(.ARM.Collect$$libshutdown$$00000000)
    __rt_lib_shutdown_cpp_1                  0x0800028d   Thumb Code     0  libshutdown2.o(.ARM.Collect$$libshutdown$$00000004)
    __rt_lib_shutdown_fini_1                 0x0800028d   Thumb Code     0  libshutdown2.o(.ARM.Collect$$libshutdown$$00000002)
    __rt_lib_shutdown_fp_trap_1              0x0800028d   Thumb Code     0  libshutdown2.o(.ARM.Collect$$libshutdown$$00000009)
    __rt_lib_shutdown_heap_1                 0x0800028d   Thumb Code     0  libshutdown2.o(.ARM.Collect$$libshutdown$$00000011)
    __rt_lib_shutdown_return                 0x0800028d   Thumb Code     0  libshutdown2.o(.ARM.Collect$$libshutdown$$00000012)
    __rt_lib_shutdown_signal_1               0x0800028d   Thumb Code     0  libshutdown2.o(.ARM.Collect$$libshutdown$$0000000C)
    __rt_lib_shutdown_stdio_1                0x0800028d   Thumb Code     0  libshutdown2.o(.ARM.Collect$$libshutdown$$00000006)
    __rt_lib_shutdown_user_alloc_1           0x0800028d   Thumb Code     0  libshutdown2.o(.ARM.Collect$$libshutdown$$0000000E)
    __rt_entry                               0x0800028f   Thumb Code     0  __rtentry.o(.ARM.Collect$$rtentry$$00000000)
    __rt_entry_presh_1                       0x0800028f   Thumb Code     0  __rtentry2.o(.ARM.Collect$$rtentry$$00000002)
    __rt_entry_sh                            0x0800028f   Thumb Code     0  __rtentry4.o(.ARM.Collect$$rtentry$$00000004)
    __rt_entry_li                            0x08000295   Thumb Code     0  __rtentry2.o(.ARM.Collect$$rtentry$$0000000A)
    __rt_entry_postsh_1                      0x08000295   Thumb Code     0  __rtentry2.o(.ARM.Collect$$rtentry$$00000009)
    __rt_entry_main                          0x08000299   Thumb Code     0  __rtentry2.o(.ARM.Collect$$rtentry$$0000000D)
    __rt_entry_postli_1                      0x08000299   Thumb Code     0  __rtentry2.o(.ARM.Collect$$rtentry$$0000000C)
    __rt_exit                                0x080002a1   Thumb Code     0  rtexit.o(.ARM.Collect$$rtexit$$00000000)
    __rt_exit_ls                             0x080002a3   Thumb Code     0  rtexit2.o(.ARM.Collect$$rtexit$$00000003)
    __rt_exit_prels_1                        0x080002a3   Thumb Code     0  rtexit2.o(.ARM.Collect$$rtexit$$00000002)
    __rt_exit_exit                           0x080002a7   Thumb Code     0  rtexit2.o(.ARM.Collect$$rtexit$$00000004)
    Reset_Handler                            0x080002ad   Thumb Code     8  startup_gd32f450_470.o(.text)
    ADC_IRQHandler                           0x080002c7   Thumb Code     0  startup_gd32f450_470.o(.text)
    CAN0_EWMC_IRQHandler                     0x080002c7   Thumb Code     0  startup_gd32f450_470.o(.text)
    CAN0_RX0_IRQHandler                      0x080002c7   Thumb Code     0  startup_gd32f450_470.o(.text)
    CAN0_RX1_IRQHandler                      0x080002c7   Thumb Code     0  startup_gd32f450_470.o(.text)
    CAN0_TX_IRQHandler                       0x080002c7   Thumb Code     0  startup_gd32f450_470.o(.text)
    CAN1_EWMC_IRQHandler                     0x080002c7   Thumb Code     0  startup_gd32f450_470.o(.text)
    CAN1_RX0_IRQHandler                      0x080002c7   Thumb Code     0  startup_gd32f450_470.o(.text)
    CAN1_RX1_IRQHandler                      0x080002c7   Thumb Code     0  startup_gd32f450_470.o(.text)
    CAN1_TX_IRQHandler                       0x080002c7   Thumb Code     0  startup_gd32f450_470.o(.text)
    DCI_IRQHandler                           0x080002c7   Thumb Code     0  startup_gd32f450_470.o(.text)
    DMA0_Channel0_IRQHandler                 0x080002c7   Thumb Code     0  startup_gd32f450_470.o(.text)
    DMA0_Channel1_IRQHandler                 0x080002c7   Thumb Code     0  startup_gd32f450_470.o(.text)
    DMA0_Channel2_IRQHandler                 0x080002c7   Thumb Code     0  startup_gd32f450_470.o(.text)
    DMA0_Channel3_IRQHandler                 0x080002c7   Thumb Code     0  startup_gd32f450_470.o(.text)
    DMA0_Channel4_IRQHandler                 0x080002c7   Thumb Code     0  startup_gd32f450_470.o(.text)
    DMA0_Channel5_IRQHandler                 0x080002c7   Thumb Code     0  startup_gd32f450_470.o(.text)
    DMA0_Channel6_IRQHandler                 0x080002c7   Thumb Code     0  startup_gd32f450_470.o(.text)
    DMA0_Channel7_IRQHandler                 0x080002c7   Thumb Code     0  startup_gd32f450_470.o(.text)
    DMA1_Channel0_IRQHandler                 0x080002c7   Thumb Code     0  startup_gd32f450_470.o(.text)
    DMA1_Channel1_IRQHandler                 0x080002c7   Thumb Code     0  startup_gd32f450_470.o(.text)
    DMA1_Channel2_IRQHandler                 0x080002c7   Thumb Code     0  startup_gd32f450_470.o(.text)
    DMA1_Channel3_IRQHandler                 0x080002c7   Thumb Code     0  startup_gd32f450_470.o(.text)
    DMA1_Channel4_IRQHandler                 0x080002c7   Thumb Code     0  startup_gd32f450_470.o(.text)
    DMA1_Channel5_IRQHandler                 0x080002c7   Thumb Code     0  startup_gd32f450_470.o(.text)
    DMA1_Channel6_IRQHandler                 0x080002c7   Thumb Code     0  startup_gd32f450_470.o(.text)
    DMA1_Channel7_IRQHandler                 0x080002c7   Thumb Code     0  startup_gd32f450_470.o(.text)
    ENET_IRQHandler                          0x080002c7   Thumb Code     0  startup_gd32f450_470.o(.text)
    ENET_WKUP_IRQHandler                     0x080002c7   Thumb Code     0  startup_gd32f450_470.o(.text)
    EXMC_IRQHandler                          0x080002c7   Thumb Code     0  startup_gd32f450_470.o(.text)
    EXTI0_IRQHandler                         0x080002c7   Thumb Code     0  startup_gd32f450_470.o(.text)
    EXTI10_15_IRQHandler                     0x080002c7   Thumb Code     0  startup_gd32f450_470.o(.text)
    EXTI1_IRQHandler                         0x080002c7   Thumb Code     0  startup_gd32f450_470.o(.text)
    EXTI2_IRQHandler                         0x080002c7   Thumb Code     0  startup_gd32f450_470.o(.text)
    EXTI3_IRQHandler                         0x080002c7   Thumb Code     0  startup_gd32f450_470.o(.text)
    EXTI4_IRQHandler                         0x080002c7   Thumb Code     0  startup_gd32f450_470.o(.text)
    EXTI5_9_IRQHandler                       0x080002c7   Thumb Code     0  startup_gd32f450_470.o(.text)
    FMC_IRQHandler                           0x080002c7   Thumb Code     0  startup_gd32f450_470.o(.text)
    FPU_IRQHandler                           0x080002c7   Thumb Code     0  startup_gd32f450_470.o(.text)
    I2C0_ER_IRQHandler                       0x080002c7   Thumb Code     0  startup_gd32f450_470.o(.text)
    I2C0_EV_IRQHandler                       0x080002c7   Thumb Code     0  startup_gd32f450_470.o(.text)
    I2C1_ER_IRQHandler                       0x080002c7   Thumb Code     0  startup_gd32f450_470.o(.text)
    I2C1_EV_IRQHandler                       0x080002c7   Thumb Code     0  startup_gd32f450_470.o(.text)
    I2C2_ER_IRQHandler                       0x080002c7   Thumb Code     0  startup_gd32f450_470.o(.text)
    I2C2_EV_IRQHandler                       0x080002c7   Thumb Code     0  startup_gd32f450_470.o(.text)
    IPA_IRQHandler                           0x080002c7   Thumb Code     0  startup_gd32f450_470.o(.text)
    LVD_IRQHandler                           0x080002c7   Thumb Code     0  startup_gd32f450_470.o(.text)
    RCU_CTC_IRQHandler                       0x080002c7   Thumb Code     0  startup_gd32f450_470.o(.text)
    SDIO_IRQHandler                          0x080002c7   Thumb Code     0  startup_gd32f450_470.o(.text)
    SPI0_IRQHandler                          0x080002c7   Thumb Code     0  startup_gd32f450_470.o(.text)
    SPI1_IRQHandler                          0x080002c7   Thumb Code     0  startup_gd32f450_470.o(.text)
    SPI2_IRQHandler                          0x080002c7   Thumb Code     0  startup_gd32f450_470.o(.text)
    SPI3_IRQHandler                          0x080002c7   Thumb Code     0  startup_gd32f450_470.o(.text)
    SPI4_IRQHandler                          0x080002c7   Thumb Code     0  startup_gd32f450_470.o(.text)
    SPI5_IRQHandler                          0x080002c7   Thumb Code     0  startup_gd32f450_470.o(.text)
    TAMPER_STAMP_IRQHandler                  0x080002c7   Thumb Code     0  startup_gd32f450_470.o(.text)
    TIMER0_BRK_TIMER8_IRQHandler             0x080002c7   Thumb Code     0  startup_gd32f450_470.o(.text)
    TIMER0_Channel_IRQHandler                0x080002c7   Thumb Code     0  startup_gd32f450_470.o(.text)
    TIMER0_TRG_CMT_TIMER10_IRQHandler        0x080002c7   Thumb Code     0  startup_gd32f450_470.o(.text)
    TIMER0_UP_TIMER9_IRQHandler              0x080002c7   Thumb Code     0  startup_gd32f450_470.o(.text)
    TIMER1_IRQHandler                        0x080002c7   Thumb Code     0  startup_gd32f450_470.o(.text)
    TIMER2_IRQHandler                        0x080002c7   Thumb Code     0  startup_gd32f450_470.o(.text)
    TIMER4_IRQHandler                        0x080002c7   Thumb Code     0  startup_gd32f450_470.o(.text)
    TIMER5_DAC_IRQHandler                    0x080002c7   Thumb Code     0  startup_gd32f450_470.o(.text)
    TIMER6_IRQHandler                        0x080002c7   Thumb Code     0  startup_gd32f450_470.o(.text)
    TIMER7_BRK_TIMER11_IRQHandler            0x080002c7   Thumb Code     0  startup_gd32f450_470.o(.text)
    TIMER7_Channel_IRQHandler                0x080002c7   Thumb Code     0  startup_gd32f450_470.o(.text)
    TIMER7_TRG_CMT_TIMER13_IRQHandler        0x080002c7   Thumb Code     0  startup_gd32f450_470.o(.text)
    TIMER7_UP_TIMER12_IRQHandler             0x080002c7   Thumb Code     0  startup_gd32f450_470.o(.text)
    TLI_ER_IRQHandler                        0x080002c7   Thumb Code     0  startup_gd32f450_470.o(.text)
    TLI_IRQHandler                           0x080002c7   Thumb Code     0  startup_gd32f450_470.o(.text)
    TRNG_IRQHandler                          0x080002c7   Thumb Code     0  startup_gd32f450_470.o(.text)
    UART3_IRQHandler                         0x080002c7   Thumb Code     0  startup_gd32f450_470.o(.text)
    UART4_IRQHandler                         0x080002c7   Thumb Code     0  startup_gd32f450_470.o(.text)
    UART6_IRQHandler                         0x080002c7   Thumb Code     0  startup_gd32f450_470.o(.text)
    UART7_IRQHandler                         0x080002c7   Thumb Code     0  startup_gd32f450_470.o(.text)
    USART1_IRQHandler                        0x080002c7   Thumb Code     0  startup_gd32f450_470.o(.text)
    USART2_IRQHandler                        0x080002c7   Thumb Code     0  startup_gd32f450_470.o(.text)
    USART5_IRQHandler                        0x080002c7   Thumb Code     0  startup_gd32f450_470.o(.text)
    USBFS_IRQHandler                         0x080002c7   Thumb Code     0  startup_gd32f450_470.o(.text)
    USBFS_WKUP_IRQHandler                    0x080002c7   Thumb Code     0  startup_gd32f450_470.o(.text)
    USBHS_EP1_In_IRQHandler                  0x080002c7   Thumb Code     0  startup_gd32f450_470.o(.text)
    USBHS_EP1_Out_IRQHandler                 0x080002c7   Thumb Code     0  startup_gd32f450_470.o(.text)
    USBHS_IRQHandler                         0x080002c7   Thumb Code     0  startup_gd32f450_470.o(.text)
    USBHS_WKUP_IRQHandler                    0x080002c7   Thumb Code     0  startup_gd32f450_470.o(.text)
    WWDGT_IRQHandler                         0x080002c7   Thumb Code     0  startup_gd32f450_470.o(.text)
    __user_initial_stackheap                 0x080002c9   Thumb Code    10  startup_gd32f450_470.o(.text)
    __use_no_semihosting                     0x080002ed   Thumb Code     2  use_no_semi_2.o(.text)
    __2printf                                0x080002f1   Thumb Code    20  noretval__2printf.o(.text)
    _printf_pre_padding                      0x08000309   Thumb Code    44  _printf_pad.o(.text)
    _printf_post_padding                     0x08000335   Thumb Code    34  _printf_pad.o(.text)
    _printf_str                              0x08000357   Thumb Code    82  _printf_str.o(.text)
    _printf_int_dec                          0x080003a9   Thumb Code   104  _printf_dec.o(.text)
    _printf_int_hex                          0x08000421   Thumb Code    84  _printf_hex_int.o(.text)
    _printf_longlong_hex                     0x08000421   Thumb Code     0  _printf_hex_int.o(.text)
    __printf                                 0x08000479   Thumb Code   388  __printf_flags_ss_wp.o(.text)
    strcmp                                   0x08000601   Thumb Code   128  strcmpv7m.o(.text)
    __use_two_region_memory                  0x08000681   Thumb Code     2  heapauxi.o(.text)
    __rt_heap_escrow$2region                 0x08000683   Thumb Code     2  heapauxi.o(.text)
    __rt_heap_expand$2region                 0x08000685   Thumb Code     2  heapauxi.o(.text)
    __semihosting$guard                      0x08000687   Thumb Code     0  use_no_semi.o(.text)
    __use_no_semihosting_swi                 0x08000687   Thumb Code     2  use_no_semi.o(.text)
    _printf_int_common                       0x08000689   Thumb Code   178  _printf_intcommon.o(.text)
    _printf_cs_common                        0x0800073b   Thumb Code    20  _printf_char.o(.text)
    _printf_char                             0x0800074f   Thumb Code    16  _printf_char.o(.text)
    _printf_string                           0x0800075f   Thumb Code     8  _printf_char.o(.text)
    _printf_char_file                        0x08000769   Thumb Code    32  _printf_char_file.o(.text)
    _printf_char_common                      0x08000797   Thumb Code    32  _printf_char_common.o(.text)
    ferror                                   0x080007bd   Thumb Code     8  ferror.o(.text)
    __user_setup_stackheap                   0x080007c5   Thumb Code    74  sys_stackheap_outer.o(.text)
    exit                                     0x0800080f   Thumb Code    18  exit.o(.text)
    __user_libspace                          0x08000821   Thumb Code     8  libspace.o(.text)
    __user_perproc_libspace                  0x08000821   Thumb Code     0  libspace.o(.text)
    __user_perthread_libspace                0x08000821   Thumb Code     0  libspace.o(.text)
    BusFault_Handler                         0x08000829   Thumb Code     4  gd32f4xx_it.o(i.BusFault_Handler)
    DebugMon_Handler                         0x0800082d   Thumb Code     4  gd32f4xx_it.o(i.DebugMon_Handler)
    HardFault_Handler                        0x08000831   Thumb Code     4  gd32f4xx_it.o(i.HardFault_Handler)
    MemManage_Handler                        0x08000835   Thumb Code     4  gd32f4xx_it.o(i.MemManage_Handler)
    NMI_Handler                              0x08000839   Thumb Code     4  gd32f4xx_it.o(i.NMI_Handler)
    PendSV_Handler                           0x0800083d   Thumb Code     4  gd32f4xx_it.o(i.PendSV_Handler)
    RTC_Alarm_IRQHandler                     0x08000841   Thumb Code    36  rtc.o(i.RTC_Alarm_IRQHandler)
    RTC_WKUP_IRQHandler                      0x08000871   Thumb Code    42  rtc.o(i.RTC_WKUP_IRQHandler)
    SVC_Handler                              0x080008a1   Thumb Code     4  gd32f4xx_it.o(i.SVC_Handler)
    SysTick_Handler                          0x080008a5   Thumb Code     2  gd32f4xx_it.o(i.SysTick_Handler)
    SystemInit                               0x080008a9   Thumb Code   194  system_gd32f4xx.o(i.SystemInit)
    TIMER3_IRQHandler                        0x0800097d   Thumb Code    48  usmart_port.o(i.TIMER3_IRQHandler)
    USART0_IRQHandler                        0x080009b5   Thumb Code   120  usart.o(i.USART0_IRQHandler)
    UsageFault_Handler                       0x08000a3d   Thumb Code     4  gd32f4xx_it.o(i.UsageFault_Handler)
    _is_digit                                0x08000a41   Thumb Code    14  __printf_wp.o(i._is_digit)
    _sys_exit                                0x08000a4f   Thumb Code     4  usart.o(i._sys_exit)
    clock_DisplaySize_12                     0x08000a55   Thumb Code   202  clock.o(i.clock_DisplaySize_12)
    clock_DisplaySize_16                     0x08000b39   Thumb Code   240  clock.o(i.clock_DisplaySize_16)
    clock_DisplaySize_24                     0x08000c49   Thumb Code   162  clock.o(i.clock_DisplaySize_24)
    clock_JudgeDisplayMode                   0x08000d05   Thumb Code    40  clock.o(i.clock_JudgeDisplayMode)
    delay_init                               0x08000d31   Thumb Code    38  delay.o(i.delay_init)
    delay_ms                                 0x08000d5d   Thumb Code    18  delay.o(i.delay_ms)
    delay_us                                 0x08000d71   Thumb Code    68  delay.o(i.delay_us)
    display_clock                            0x08000db9   Thumb Code    62  menu.o(i.display_clock)
    display_noteBook                         0x08000e0d   Thumb Code    24  menu.o(i.display_noteBook)
    exti_flag_clear                          0x08000e31   Thumb Code     6  gd32f4xx_exti.o(i.exti_flag_clear)
    exti_init                                0x08000e3d   Thumb Code   184  gd32f4xx_exti.o(i.exti_init)
    fputc                                    0x08000ef9   Thumb Code    32  usart.o(i.fputc)
    gpio_af_set                              0x08000f1d   Thumb Code    94  gd32f4xx_gpio.o(i.gpio_af_set)
    gpio_bit_toggle                          0x08000f7b   Thumb Code     4  gd32f4xx_gpio.o(i.gpio_bit_toggle)
    gpio_bit_write                           0x08000f7f   Thumb Code    10  gd32f4xx_gpio.o(i.gpio_bit_write)
    gpio_input_bit_get                       0x08000f89   Thumb Code    16  gd32f4xx_gpio.o(i.gpio_input_bit_get)
    gpio_mode_set                            0x08000f99   Thumb Code    78  gd32f4xx_gpio.o(i.gpio_mode_set)
    gpio_output_options_set                  0x08000fe7   Thumb Code    66  gd32f4xx_gpio.o(i.gpio_output_options_set)
    iic_init                                 0x08001035   Thumb Code    80  myiic.o(i.iic_init)
    iic_send_byte                            0x08001089   Thumb Code   106  myiic.o(i.iic_send_byte)
    iic_start                                0x080010f9   Thumb Code    76  myiic.o(i.iic_start)
    iic_stop                                 0x08001149   Thumb Code    60  myiic.o(i.iic_stop)
    iic_wait_ack                             0x08001189   Thumb Code    64  myiic.o(i.iic_wait_ack)
    judge_the_app                            0x080011cd   Thumb Code    80  menu.o(i.judge_the_app)
    key_init                                 0x08001241   Thumb Code   152  key.o(i.key_init)
    key_scan                                 0x080012e5   Thumb Code   302  key.o(i.key_scan)
    led_init                                 0x08001425   Thumb Code   280  led.o(i.led_init)
    main                                     0x08001545   Thumb Code   108  main.o(i.main)
    menu_exit                                0x0800165d   Thumb Code    34  menu.o(i.menu_exit)
    menu_init                                0x08001685   Thumb Code    12  menu.o(i.menu_init)
    menu_last_app                            0x08001691   Thumb Code    94  menu.o(i.menu_last_app)
    menu_next_app                            0x080016f9   Thumb Code    66  menu.o(i.menu_next_app)
    menu_switch_key                          0x080017e5   Thumb Code   102  main.o(i.menu_switch_key)
    nvic_irq_enable                          0x0800187d   Thumb Code   186  gd32f4xx_misc.o(i.nvic_irq_enable)
    nvic_priority_group_set                  0x08001941   Thumb Code    10  gd32f4xx_misc.o(i.nvic_priority_group_set)
    oled_clear                               0x08001955   Thumb Code    42  oled.o(i.oled_clear)
    oled_draw_point                          0x08001985   Thumb Code    92  oled.o(i.oled_draw_point)
    oled_fill                                0x080019e5   Thumb Code    58  oled.o(i.oled_fill)
    oled_init                                0x08001a1f   Thumb Code   212  oled.o(i.oled_init)
    oled_refresh_gram                        0x08001b09   Thumb Code   100  oled.o(i.oled_refresh_gram)
    oled_show_char                           0x08001b71   Thumb Code   274  oled.o(i.oled_show_char)
    oled_show_num                            0x08001c91   Thumb Code   156  oled.o(i.oled_show_num)
    oled_show_string                         0x08001d2d   Thumb Code    94  oled.o(i.oled_show_string)
    pmu_backup_write_enable                  0x08001dc5   Thumb Code    14  gd32f4xx_pmu.o(i.pmu_backup_write_enable)
    rcu_clock_freq_get                       0x08001dd9   Thumb Code   264  gd32f4xx_rcu.o(i.rcu_clock_freq_get)
    rcu_flag_get                             0x08001efd   Thumb Code    32  gd32f4xx_rcu.o(i.rcu_flag_get)
    rcu_osci_on                              0x08001f21   Thumb Code    32  gd32f4xx_rcu.o(i.rcu_osci_on)
    rcu_osci_stab_wait                       0x08001f45   Thumb Code   342  gd32f4xx_rcu.o(i.rcu_osci_stab_wait)
    rcu_periph_clock_enable                  0x080020a1   Thumb Code    32  gd32f4xx_rcu.o(i.rcu_periph_clock_enable)
    rcu_periph_reset_disable                 0x080020c5   Thumb Code    32  gd32f4xx_rcu.o(i.rcu_periph_reset_disable)
    rcu_periph_reset_enable                  0x080020e9   Thumb Code    32  gd32f4xx_rcu.o(i.rcu_periph_reset_enable)
    rcu_rtc_clock_config                     0x0800210d   Thumb Code    18  gd32f4xx_rcu.o(i.rcu_rtc_clock_config)
    read_addr                                0x08002125   Thumb Code     6  usmart.o(i.read_addr)
    rtc_alarm_config                         0x0800212d   Thumb Code    94  gd32f4xx_rtc.o(i.rtc_alarm_config)
    rtc_alarm_disable                        0x08002191   Thumb Code   122  gd32f4xx_rtc.o(i.rtc_alarm_disable)
    rtc_alarm_enable                         0x08002211   Thumb Code    56  gd32f4xx_rtc.o(i.rtc_alarm_enable)
    rtc_config                               0x08002265   Thumb Code   192  rtc.o(i.rtc_config)
    rtc_current_time_get                     0x08002331   Thumb Code    96  gd32f4xx_rtc.o(i.rtc_current_time_get)
    rtc_flag_clear                           0x080023b1   Thumb Code    12  gd32f4xx_rtc.o(i.rtc_flag_clear)
    rtc_flag_get                             0x080023c1   Thumb Code    16  gd32f4xx_rtc.o(i.rtc_flag_get)
    rtc_get_time                             0x080023d5   Thumb Code    62  rtc.o(i.rtc_get_time)
    rtc_get_week                             0x08002419   Thumb Code   122  rtc.o(i.rtc_get_week)
    rtc_init                                 0x08002499   Thumb Code   216  gd32f4xx_rtc.o(i.rtc_init)
    rtc_init_mode_enter                      0x08002575   Thumb Code    66  gd32f4xx_rtc.o(i.rtc_init_mode_enter)
    rtc_init_mode_exit                       0x080025bd   Thumb Code    14  gd32f4xx_rtc.o(i.rtc_init_mode_exit)
    rtc_interrupt_enable                     0x080025d1   Thumb Code    54  gd32f4xx_rtc.o(i.rtc_interrupt_enable)
    rtc_register_sync_wait                   0x0800260d   Thumb Code    92  gd32f4xx_rtc.o(i.rtc_register_sync_wait)
    rtc_set_alarma                           0x0800266d   Thumb Code   136  rtc.o(i.rtc_set_alarma)
    rtc_set_date                             0x080026f5   Thumb Code    76  rtc.o(i.rtc_set_date)
    rtc_set_time                             0x08002745   Thumb Code    76  rtc.o(i.rtc_set_time)
    rtc_set_wakeup                           0x08002795   Thumb Code    74  rtc.o(i.rtc_set_wakeup)
    rtc_wakeup_clock_set                     0x080027e1   Thumb Code    88  gd32f4xx_rtc.o(i.rtc_wakeup_clock_set)
    rtc_wakeup_disable                       0x0800283d   Thumb Code    78  gd32f4xx_rtc.o(i.rtc_wakeup_disable)
    rtc_wakeup_enable                        0x08002891   Thumb Code    34  gd32f4xx_rtc.o(i.rtc_wakeup_enable)
    rtc_wakeup_timer_set                     0x080028b9   Thumb Code    70  gd32f4xx_rtc.o(i.rtc_wakeup_timer_set)
    timer_autoreload_value_config            0x08002a15   Thumb Code     4  gd32f4xx_timer.o(i.timer_autoreload_value_config)
    timer_counter_read                       0x08002a19   Thumb Code     8  gd32f4xx_timer.o(i.timer_counter_read)
    timer_counter_value_config               0x08002a21   Thumb Code     4  gd32f4xx_timer.o(i.timer_counter_value_config)
    timer_deinit                             0x08002a25   Thumb Code   374  gd32f4xx_timer.o(i.timer_deinit)
    timer_enable                             0x08002ba9   Thumb Code    10  gd32f4xx_timer.o(i.timer_enable)
    timer_init                               0x08002bb5   Thumb Code   122  gd32f4xx_timer.o(i.timer_init)
    timer_interrupt_enable                   0x08002c4d   Thumb Code     8  gd32f4xx_timer.o(i.timer_interrupt_enable)
    timer_interrupt_flag_clear               0x08002c55   Thumb Code     6  gd32f4xx_timer.o(i.timer_interrupt_flag_clear)
    timer_interrupt_flag_get                 0x08002c5b   Thumb Code    24  gd32f4xx_timer.o(i.timer_interrupt_flag_get)
    timer_struct_para_init                   0x08002c73   Thumb Code    22  gd32f4xx_timer.o(i.timer_struct_para_init)
    usart_baudrate_set                       0x08002c89   Thumb Code   224  gd32f4xx_usart.o(i.usart_baudrate_set)
    usart_data_receive                       0x08002d71   Thumb Code    10  gd32f4xx_usart.o(i.usart_data_receive)
    usart_data_transmit                      0x08002d7b   Thumb Code     8  gd32f4xx_usart.o(i.usart_data_transmit)
    usart_deinit                             0x08002d85   Thumb Code   210  gd32f4xx_usart.o(i.usart_deinit)
    usart_enable                             0x08002e61   Thumb Code    10  gd32f4xx_usart.o(i.usart_enable)
    usart_flag_get                           0x08002e6b   Thumb Code    30  gd32f4xx_usart.o(i.usart_flag_get)
    usart_init                               0x08002e89   Thumb Code   190  usart.o(i.usart_init)
    usart_interrupt_enable                   0x08002f51   Thumb Code    26  gd32f4xx_usart.o(i.usart_interrupt_enable)
    usart_interrupt_flag_get                 0x08002f6b   Thumb Code    56  gd32f4xx_usart.o(i.usart_interrupt_flag_get)
    usart_parity_config                      0x08002fa3   Thumb Code    16  gd32f4xx_usart.o(i.usart_parity_config)
    usart_receive_config                     0x08002fb3   Thumb Code    16  gd32f4xx_usart.o(i.usart_receive_config)
    usart_stop_bit_set                       0x08002fc3   Thumb Code    16  gd32f4xx_usart.o(i.usart_stop_bit_set)
    usart_transmit_config                    0x08002fd3   Thumb Code    16  gd32f4xx_usart.o(i.usart_transmit_config)
    usart_word_length_set                    0x08002fe3   Thumb Code    16  gd32f4xx_usart.o(i.usart_word_length_set)
    usmart_cmd_rec                           0x08002ff5   Thumb Code   170  usmart.o(i.usmart_cmd_rec)
    usmart_exe                               0x080030a5   Thumb Code   632  usmart.o(i.usmart_exe)
    usmart_get_aparm                         0x08003379   Thumb Code   212  usmart_str.o(i.usmart_get_aparm)
    usmart_get_cmdname                       0x0800344d   Thumb Code    54  usmart_str.o(i.usmart_get_cmdname)
    usmart_get_fname                         0x08003485   Thumb Code   440  usmart_str.o(i.usmart_get_fname)
    usmart_get_fparam                        0x08003645   Thumb Code   262  usmart_str.o(i.usmart_get_fparam)
    usmart_get_input_string                  0x08003751   Thumb Code    30  usmart_port.o(i.usmart_get_input_string)
    usmart_get_parmpos                       0x08003779   Thumb Code    26  usmart_str.o(i.usmart_get_parmpos)
    usmart_init                              0x08003799   Thumb Code    18  usmart.o(i.usmart_init)
    usmart_pow                               0x080037b1   Thumb Code    22  usmart_str.o(i.usmart_pow)
    usmart_scan                              0x080037c9   Thumb Code   106  usmart.o(i.usmart_scan)
    usmart_search_nextc                      0x08003871   Thumb Code    22  usmart_str.o(i.usmart_search_nextc)
    usmart_str2num                           0x08003887   Thumb Code   262  usmart_str.o(i.usmart_str2num)
    usmart_strcmp                            0x0800398d   Thumb Code    34  usmart_str.o(i.usmart_strcmp)
    usmart_strcopy                           0x080039af   Thumb Code    22  usmart_str.o(i.usmart_strcopy)
    usmart_strlen                            0x080039c5   Thumb Code    24  usmart_str.o(i.usmart_strlen)
    usmart_sys_cmd_exe                       0x080039dd   Thumb Code  1540  usmart.o(i.usmart_sys_cmd_exe)
    usmart_timerx_get_runtime                0x08004051   Thumb Code    60  usmart_port.o(i.usmart_timerx_get_runtime)
    usmart_timerx_init                       0x08004095   Thumb Code   112  usmart_port.o(i.usmart_timerx_init)
    usmart_timerx_reset_runtime              0x08004109   Thumb Code    38  usmart_port.o(i.usmart_timerx_reset_runtime)
    write_addr                               0x08004139   Thumb Code     4  usmart.o(i.write_addr)
    _fp_init                                 0x0800413d   Thumb Code    10  fpinit.o(x$fpl$fpinit)
    __fplib_config_fpu_vfp                   0x08004145   Thumb Code     0  fpinit.o(x$fpl$fpinit)
    __fplib_config_pureend_doubles           0x08004145   Thumb Code     0  fpinit.o(x$fpl$fpinit)
    oled_asc2_1206                           0x08004146   Data        1140  oled.o(.constdata)
    oled_asc2_1608                           0x080045ba   Data        1520  oled.o(.constdata)
    oled_asc2_2412                           0x08004baa   Data        3420  oled.o(.constdata)
    OLED_HZK_TBL                             0x08005906   Data         216  oled.o(.constdata)
    OLED_HZK_XMZB                            0x080059de   Data         288  oled.o(.constdata)
    table_week                               0x08005afe   Data          12  rtc.o(.constdata)
    Region$$Table$$Base                      0x08005dd4   Number         0  anon$$obj.o(Region$$Table)
    Region$$Table$$Limit                     0x08005df4   Number         0  anon$$obj.o(Region$$Table)
    key                                      0x20000000   Data           1  main.o(.data)
    curr_state                               0x20000001   Data           1  main.o(.data)
    menu_select_index                        0x20000002   Data           1  main.o(.data)
    clock_h                                  0x20000003   Data           1  main.o(.data)
    clock_m                                  0x20000004   Data           1  main.o(.data)
    clock_s                                  0x20000005   Data           1  main.o(.data)
    clock_ampm                               0x20000006   Data           1  main.o(.data)
    clock_getTime_count                      0x20000007   Data           1  main.o(.data)
    __stdout                                 0x2000000c   Data           4  usart.o(.data)
    g_usart_rx_sta                           0x20000010   Data           2  usart.o(.data)
    sys_cmd_tab                              0x20000014   Data          28  usmart.o(.data)
    usmart_nametab                           0x20000030   Data          72  usmart_config.o(.data)
    usmart_dev                               0x20000078   Data         244  usmart_config.o(.data)
    menu                                     0x20000178   Data          28  menu.o(.data)
    menu_pointer_index                       0x20000194   Data           1  menu.o(.data)
    g_usart_rx_buf                           0x20000198   Data         200  usart.o(.bss)
    rtc_initpara                             0x20000460   Data          20  rtc.o(.bss)
    __libspace_start                         0x20000474   Data          96  libspace.o(.bss)
    __temporary_stack_top$libspace           0x200004d4   Data           0  libspace.o(.bss)



==============================================================================

Memory Map of the image

  Image Entry point : 0x080001ad

  Load Region LR_IROM1 (Base: 0x08000000, Size: 0x00005f8c, Max: 0x00080000, ABSOLUTE, COMPRESSED[0x00005e80])

    Execution Region ER_IROM1 (Exec base: 0x08000000, Load base: 0x08000000, Size: 0x00005df4, Max: 0x00080000, ABSOLUTE)

    Exec Addr    Load Addr    Size         Type   Attr      Idx    E Section Name        Object

    0x08000000   0x08000000   0x000001ac   Data   RO            3    RESET               startup_gd32f450_470.o
    0x080001ac   0x080001ac   0x00000008   Code   RO         6902  * !!!main             c_w.l(__main.o)
    0x080001b4   0x080001b4   0x00000034   Code   RO         7071    !!!scatter          c_w.l(__scatter.o)
    0x080001e8   0x080001e8   0x0000005a   Code   RO         7069    !!dczerorl2         c_w.l(__dczerorl2.o)
    0x08000242   0x08000242   0x00000002   PAD
    0x08000244   0x08000244   0x0000001c   Code   RO         7073    !!handler_zi        c_w.l(__scatter_zi.o)
    0x08000260   0x08000260   0x00000000   Code   RO         6897    .ARM.Collect$$_printf_percent$$00000000  c_w.l(_printf_percent.o)
    0x08000260   0x08000260   0x00000006   Code   RO         6895    .ARM.Collect$$_printf_percent$$00000009  c_w.l(_printf_d.o)
    0x08000266   0x08000266   0x00000006   Code   RO         6896    .ARM.Collect$$_printf_percent$$0000000A  c_w.l(_printf_u.o)
    0x0800026c   0x0800026c   0x00000006   Code   RO         6894    .ARM.Collect$$_printf_percent$$0000000C  c_w.l(_printf_x.o)
    0x08000272   0x08000272   0x00000006   Code   RO         6892    .ARM.Collect$$_printf_percent$$00000013  c_w.l(_printf_c.o)
    0x08000278   0x08000278   0x00000006   Code   RO         6893    .ARM.Collect$$_printf_percent$$00000014  c_w.l(_printf_s.o)
    0x0800027e   0x0800027e   0x00000004   Code   RO         6913    .ARM.Collect$$_printf_percent$$00000017  c_w.l(_printf_percent_end.o)
    0x08000282   0x08000282   0x00000002   Code   RO         6946    .ARM.Collect$$libinit$$00000000  c_w.l(libinit.o)
    0x08000284   0x08000284   0x00000004   Code   RO         6952    .ARM.Collect$$libinit$$00000001  c_w.l(libinit2.o)
    0x08000288   0x08000288   0x00000000   Code   RO         6955    .ARM.Collect$$libinit$$00000004  c_w.l(libinit2.o)
    0x08000288   0x08000288   0x00000000   Code   RO         6958    .ARM.Collect$$libinit$$0000000A  c_w.l(libinit2.o)
    0x08000288   0x08000288   0x00000000   Code   RO         6960    .ARM.Collect$$libinit$$0000000C  c_w.l(libinit2.o)
    0x08000288   0x08000288   0x00000000   Code   RO         6962    .ARM.Collect$$libinit$$0000000E  c_w.l(libinit2.o)
    0x08000288   0x08000288   0x00000000   Code   RO         6965    .ARM.Collect$$libinit$$00000011  c_w.l(libinit2.o)
    0x08000288   0x08000288   0x00000000   Code   RO         6967    .ARM.Collect$$libinit$$00000013  c_w.l(libinit2.o)
    0x08000288   0x08000288   0x00000000   Code   RO         6969    .ARM.Collect$$libinit$$00000015  c_w.l(libinit2.o)
    0x08000288   0x08000288   0x00000000   Code   RO         6971    .ARM.Collect$$libinit$$00000017  c_w.l(libinit2.o)
    0x08000288   0x08000288   0x00000000   Code   RO         6973    .ARM.Collect$$libinit$$00000019  c_w.l(libinit2.o)
    0x08000288   0x08000288   0x00000000   Code   RO         6975    .ARM.Collect$$libinit$$0000001B  c_w.l(libinit2.o)
    0x08000288   0x08000288   0x00000000   Code   RO         6977    .ARM.Collect$$libinit$$0000001D  c_w.l(libinit2.o)
    0x08000288   0x08000288   0x00000000   Code   RO         6979    .ARM.Collect$$libinit$$0000001F  c_w.l(libinit2.o)
    0x08000288   0x08000288   0x00000000   Code   RO         6981    .ARM.Collect$$libinit$$00000021  c_w.l(libinit2.o)
    0x08000288   0x08000288   0x00000000   Code   RO         6983    .ARM.Collect$$libinit$$00000023  c_w.l(libinit2.o)
    0x08000288   0x08000288   0x00000000   Code   RO         6985    .ARM.Collect$$libinit$$00000025  c_w.l(libinit2.o)
    0x08000288   0x08000288   0x00000000   Code   RO         6989    .ARM.Collect$$libinit$$0000002C  c_w.l(libinit2.o)
    0x08000288   0x08000288   0x00000000   Code   RO         6991    .ARM.Collect$$libinit$$0000002E  c_w.l(libinit2.o)
    0x08000288   0x08000288   0x00000000   Code   RO         6993    .ARM.Collect$$libinit$$00000030  c_w.l(libinit2.o)
    0x08000288   0x08000288   0x00000000   Code   RO         6995    .ARM.Collect$$libinit$$00000032  c_w.l(libinit2.o)
    0x08000288   0x08000288   0x00000002   Code   RO         6996    .ARM.Collect$$libinit$$00000033  c_w.l(libinit2.o)
    0x0800028a   0x0800028a   0x00000002   Code   RO         7014    .ARM.Collect$$libshutdown$$00000000  c_w.l(libshutdown.o)
    0x0800028c   0x0800028c   0x00000000   Code   RO         7022    .ARM.Collect$$libshutdown$$00000002  c_w.l(libshutdown2.o)
    0x0800028c   0x0800028c   0x00000000   Code   RO         7024    .ARM.Collect$$libshutdown$$00000004  c_w.l(libshutdown2.o)
    0x0800028c   0x0800028c   0x00000000   Code   RO         7026    .ARM.Collect$$libshutdown$$00000006  c_w.l(libshutdown2.o)
    0x0800028c   0x0800028c   0x00000000   Code   RO         7029    .ARM.Collect$$libshutdown$$00000009  c_w.l(libshutdown2.o)
    0x0800028c   0x0800028c   0x00000000   Code   RO         7032    .ARM.Collect$$libshutdown$$0000000C  c_w.l(libshutdown2.o)
    0x0800028c   0x0800028c   0x00000000   Code   RO         7034    .ARM.Collect$$libshutdown$$0000000E  c_w.l(libshutdown2.o)
    0x0800028c   0x0800028c   0x00000000   Code   RO         7037    .ARM.Collect$$libshutdown$$00000011  c_w.l(libshutdown2.o)
    0x0800028c   0x0800028c   0x00000002   Code   RO         7038    .ARM.Collect$$libshutdown$$00000012  c_w.l(libshutdown2.o)
    0x0800028e   0x0800028e   0x00000000   Code   RO         6906    .ARM.Collect$$rtentry$$00000000  c_w.l(__rtentry.o)
    0x0800028e   0x0800028e   0x00000000   Code   RO         6915    .ARM.Collect$$rtentry$$00000002  c_w.l(__rtentry2.o)
    0x0800028e   0x0800028e   0x00000006   Code   RO         6927    .ARM.Collect$$rtentry$$00000004  c_w.l(__rtentry4.o)
    0x08000294   0x08000294   0x00000000   Code   RO         6917    .ARM.Collect$$rtentry$$00000009  c_w.l(__rtentry2.o)
    0x08000294   0x08000294   0x00000004   Code   RO         6918    .ARM.Collect$$rtentry$$0000000A  c_w.l(__rtentry2.o)
    0x08000298   0x08000298   0x00000000   Code   RO         6920    .ARM.Collect$$rtentry$$0000000C  c_w.l(__rtentry2.o)
    0x08000298   0x08000298   0x00000008   Code   RO         6921    .ARM.Collect$$rtentry$$0000000D  c_w.l(__rtentry2.o)
    0x080002a0   0x080002a0   0x00000002   Code   RO         6950    .ARM.Collect$$rtexit$$00000000  c_w.l(rtexit.o)
    0x080002a2   0x080002a2   0x00000000   Code   RO         6998    .ARM.Collect$$rtexit$$00000002  c_w.l(rtexit2.o)
    0x080002a2   0x080002a2   0x00000004   Code   RO         6999    .ARM.Collect$$rtexit$$00000003  c_w.l(rtexit2.o)
    0x080002a6   0x080002a6   0x00000006   Code   RO         7000    .ARM.Collect$$rtexit$$00000004  c_w.l(rtexit2.o)
    0x080002ac   0x080002ac   0x00000040   Code   RO            4    .text               startup_gd32f450_470.o
    0x080002ec   0x080002ec   0x00000002   Code   RO         6837    .text               c_w.l(use_no_semi_2.o)
    0x080002ee   0x080002ee   0x00000002   PAD
    0x080002f0   0x080002f0   0x00000018   Code   RO         6841    .text               c_w.l(noretval__2printf.o)
    0x08000308   0x08000308   0x0000004e   Code   RO         6845    .text               c_w.l(_printf_pad.o)
    0x08000356   0x08000356   0x00000052   Code   RO         6847    .text               c_w.l(_printf_str.o)
    0x080003a8   0x080003a8   0x00000078   Code   RO         6849    .text               c_w.l(_printf_dec.o)
    0x08000420   0x08000420   0x00000058   Code   RO         6854    .text               c_w.l(_printf_hex_int.o)
    0x08000478   0x08000478   0x00000188   Code   RO         6889    .text               c_w.l(__printf_flags_ss_wp.o)
    0x08000600   0x08000600   0x00000080   Code   RO         6898    .text               c_w.l(strcmpv7m.o)
    0x08000680   0x08000680   0x00000006   Code   RO         6900    .text               c_w.l(heapauxi.o)
    0x08000686   0x08000686   0x00000002   Code   RO         6904    .text               c_w.l(use_no_semi.o)
    0x08000688   0x08000688   0x000000b2   Code   RO         6907    .text               c_w.l(_printf_intcommon.o)
    0x0800073a   0x0800073a   0x0000002c   Code   RO         6909    .text               c_w.l(_printf_char.o)
    0x08000766   0x08000766   0x00000002   PAD
    0x08000768   0x08000768   0x00000024   Code   RO         6911    .text               c_w.l(_printf_char_file.o)
    0x0800078c   0x0800078c   0x00000030   Code   RO         6929    .text               c_w.l(_printf_char_common.o)
    0x080007bc   0x080007bc   0x00000008   Code   RO         6931    .text               c_w.l(ferror.o)
    0x080007c4   0x080007c4   0x0000004a   Code   RO         6935    .text               c_w.l(sys_stackheap_outer.o)
    0x0800080e   0x0800080e   0x00000012   Code   RO         6939    .text               c_w.l(exit.o)
    0x08000820   0x08000820   0x00000008   Code   RO         6947    .text               c_w.l(libspace.o)
    0x08000828   0x08000828   0x00000004   Code   RO          209    i.BusFault_Handler  gd32f4xx_it.o
    0x0800082c   0x0800082c   0x00000004   Code   RO          210    i.DebugMon_Handler  gd32f4xx_it.o
    0x08000830   0x08000830   0x00000004   Code   RO          211    i.HardFault_Handler  gd32f4xx_it.o
    0x08000834   0x08000834   0x00000004   Code   RO          212    i.MemManage_Handler  gd32f4xx_it.o
    0x08000838   0x08000838   0x00000004   Code   RO          213    i.NMI_Handler       gd32f4xx_it.o
    0x0800083c   0x0800083c   0x00000004   Code   RO          214    i.PendSV_Handler    gd32f4xx_it.o
    0x08000840   0x08000840   0x00000030   Code   RO         6353    i.RTC_Alarm_IRQHandler  rtc.o
    0x08000870   0x08000870   0x00000030   Code   RO         6354    i.RTC_WKUP_IRQHandler  rtc.o
    0x080008a0   0x080008a0   0x00000004   Code   RO          215    i.SVC_Handler       gd32f4xx_it.o
    0x080008a4   0x080008a4   0x00000002   Code   RO          216    i.SysTick_Handler   gd32f4xx_it.o
    0x080008a6   0x080008a6   0x00000002   PAD
    0x080008a8   0x080008a8   0x000000d4   Code   RO          285    i.SystemInit        system_gd32f4xx.o
    0x0800097c   0x0800097c   0x00000038   Code   RO         6537    i.TIMER3_IRQHandler  usmart_port.o
    0x080009b4   0x080009b4   0x00000088   Code   RO          423    i.USART0_IRQHandler  usart.o
    0x08000a3c   0x08000a3c   0x00000004   Code   RO          217    i.UsageFault_Handler  gd32f4xx_it.o
    0x08000a40   0x08000a40   0x0000000e   Code   RO         6882    i._is_digit         c_w.l(__printf_wp.o)
    0x08000a4e   0x08000a4e   0x00000004   Code   RO          425    i._sys_exit         usart.o
    0x08000a52   0x08000a52   0x00000002   PAD
    0x08000a54   0x08000a54   0x000000e4   Code   RO         6672    i.clock_DisplaySize_12  clock.o
    0x08000b38   0x08000b38   0x00000110   Code   RO         6673    i.clock_DisplaySize_16  clock.o
    0x08000c48   0x08000c48   0x000000bc   Code   RO         6674    i.clock_DisplaySize_24  clock.o
    0x08000d04   0x08000d04   0x0000002c   Code   RO         6676    i.clock_JudgeDisplayMode  clock.o
    0x08000d30   0x08000d30   0x0000002c   Code   RO          330    i.delay_init        delay.o
    0x08000d5c   0x08000d5c   0x00000012   Code   RO          331    i.delay_ms          delay.o
    0x08000d6e   0x08000d6e   0x00000002   PAD
    0x08000d70   0x08000d70   0x00000048   Code   RO          332    i.delay_us          delay.o
    0x08000db8   0x08000db8   0x00000054   Code   RO         6741    i.display_clock     menu.o
    0x08000e0c   0x08000e0c   0x00000024   Code   RO         6742    i.display_noteBook  menu.o
    0x08000e30   0x08000e30   0x0000000c   Code   RO         2594    i.exti_flag_clear   gd32f4xx_exti.o
    0x08000e3c   0x08000e3c   0x000000bc   Code   RO         2596    i.exti_init         gd32f4xx_exti.o
    0x08000ef8   0x08000ef8   0x00000024   Code   RO          427    i.fputc             usart.o
    0x08000f1c   0x08000f1c   0x0000005e   Code   RO         2999    i.gpio_af_set       gd32f4xx_gpio.o
    0x08000f7a   0x08000f7a   0x00000004   Code   RO         3002    i.gpio_bit_toggle   gd32f4xx_gpio.o
    0x08000f7e   0x08000f7e   0x0000000a   Code   RO         3003    i.gpio_bit_write    gd32f4xx_gpio.o
    0x08000f88   0x08000f88   0x00000010   Code   RO         3005    i.gpio_input_bit_get  gd32f4xx_gpio.o
    0x08000f98   0x08000f98   0x0000004e   Code   RO         3007    i.gpio_mode_set     gd32f4xx_gpio.o
    0x08000fe6   0x08000fe6   0x00000042   Code   RO         3009    i.gpio_output_options_set  gd32f4xx_gpio.o
    0x08001028   0x08001028   0x0000000a   Code   RO         6109    i.iic_delay         myiic.o
    0x08001032   0x08001032   0x00000002   PAD
    0x08001034   0x08001034   0x00000054   Code   RO         6110    i.iic_init          myiic.o
    0x08001088   0x08001088   0x00000070   Code   RO         6113    i.iic_send_byte     myiic.o
    0x080010f8   0x080010f8   0x00000050   Code   RO         6114    i.iic_start         myiic.o
    0x08001148   0x08001148   0x00000040   Code   RO         6115    i.iic_stop          myiic.o
    0x08001188   0x08001188   0x00000044   Code   RO         6116    i.iic_wait_ack      myiic.o
    0x080011cc   0x080011cc   0x00000074   Code   RO         6743    i.judge_the_app     menu.o
    0x08001240   0x08001240   0x000000a4   Code   RO         6322    i.key_init          key.o
    0x080012e4   0x080012e4   0x00000140   Code   RO         6323    i.key_scan          key.o
    0x08001424   0x08001424   0x00000120   Code   RO         6084    i.led_init          led.o
    0x08001544   0x08001544   0x00000078   Code   RO           13    i.main              main.o
    0x080015bc   0x080015bc   0x00000030   Code   RO         6744    i.menu_contain      menu.o
    0x080015ec   0x080015ec   0x00000038   Code   RO         6745    i.menu_display_point_down  menu.o
    0x08001624   0x08001624   0x00000038   Code   RO         6746    i.menu_display_point_up  menu.o
    0x0800165c   0x0800165c   0x00000028   Code   RO         6747    i.menu_exit         menu.o
    0x08001684   0x08001684   0x0000000c   Code   RO         6748    i.menu_init         menu.o
    0x08001690   0x08001690   0x00000068   Code   RO         6749    i.menu_last_app     menu.o
    0x080016f8   0x080016f8   0x0000004c   Code   RO         6750    i.menu_next_app     menu.o
    0x08001744   0x08001744   0x00000058   Code   RO         6751    i.menu_pointer      menu.o
    0x0800179c   0x0800179c   0x00000048   Code   RO         6752    i.menu_skeletons    menu.o
    0x080017e4   0x080017e4   0x00000098   Code   RO           14    i.menu_switch_key   main.o
    0x0800187c   0x0800187c   0x000000c4   Code   RO         3588    i.nvic_irq_enable   gd32f4xx_misc.o
    0x08001940   0x08001940   0x00000014   Code   RO         3589    i.nvic_priority_group_set  gd32f4xx_misc.o
    0x08001954   0x08001954   0x00000030   Code   RO         6183    i.oled_clear        oled.o
    0x08001984   0x08001984   0x00000060   Code   RO         6186    i.oled_draw_point   oled.o
    0x080019e4   0x080019e4   0x0000003a   Code   RO         6187    i.oled_fill         oled.o
    0x08001a1e   0x08001a1e   0x000000d4   Code   RO         6188    i.oled_init         oled.o
    0x08001af2   0x08001af2   0x00000016   Code   RO         6189    i.oled_pow          oled.o
    0x08001b08   0x08001b08   0x00000068   Code   RO         6190    i.oled_refresh_gram  oled.o
    0x08001b70   0x08001b70   0x00000120   Code   RO         6191    i.oled_show_char    oled.o
    0x08001c90   0x08001c90   0x0000009c   Code   RO         6192    i.oled_show_num     oled.o
    0x08001d2c   0x08001d2c   0x0000005e   Code   RO         6193    i.oled_show_string  oled.o
    0x08001d8a   0x08001d8a   0x00000038   Code   RO         6194    i.oled_wr_byte      oled.o
    0x08001dc2   0x08001dc2   0x00000002   PAD
    0x08001dc4   0x08001dc4   0x00000014   Code   RO         3649    i.pmu_backup_write_enable  gd32f4xx_pmu.o
    0x08001dd8   0x08001dd8   0x00000124   Code   RO         3801    i.rcu_clock_freq_get  gd32f4xx_rcu.o
    0x08001efc   0x08001efc   0x00000024   Code   RO         3804    i.rcu_flag_get      gd32f4xx_rcu.o
    0x08001f20   0x08001f20   0x00000024   Code   RO         3817    i.rcu_osci_on       gd32f4xx_rcu.o
    0x08001f44   0x08001f44   0x0000015c   Code   RO         3818    i.rcu_osci_stab_wait  gd32f4xx_rcu.o
    0x080020a0   0x080020a0   0x00000024   Code   RO         3820    i.rcu_periph_clock_enable  gd32f4xx_rcu.o
    0x080020c4   0x080020c4   0x00000024   Code   RO         3823    i.rcu_periph_reset_disable  gd32f4xx_rcu.o
    0x080020e8   0x080020e8   0x00000024   Code   RO         3824    i.rcu_periph_reset_enable  gd32f4xx_rcu.o
    0x0800210c   0x0800210c   0x00000018   Code   RO         3829    i.rcu_rtc_clock_config  gd32f4xx_rcu.o
    0x08002124   0x08002124   0x00000006   Code   RO         6445    i.read_addr         usmart.o
    0x0800212a   0x0800212a   0x00000002   PAD
    0x0800212c   0x0800212c   0x00000064   Code   RO         4092    i.rtc_alarm_config  gd32f4xx_rtc.o
    0x08002190   0x08002190   0x00000080   Code   RO         4093    i.rtc_alarm_disable  gd32f4xx_rtc.o
    0x08002210   0x08002210   0x0000003c   Code   RO         4094    i.rtc_alarm_enable  gd32f4xx_rtc.o
    0x0800224c   0x0800224c   0x00000016   Code   RO         6355    i.rtc_bcd2dec       rtc.o
    0x08002262   0x08002262   0x00000002   PAD
    0x08002264   0x08002264   0x000000cc   Code   RO         6356    i.rtc_config        rtc.o
    0x08002330   0x08002330   0x00000064   Code   RO         4105    i.rtc_current_time_get  gd32f4xx_rtc.o
    0x08002394   0x08002394   0x0000001c   Code   RO         6357    i.rtc_dec2bcd       rtc.o
    0x080023b0   0x080023b0   0x00000010   Code   RO         4107    i.rtc_flag_clear    gd32f4xx_rtc.o
    0x080023c0   0x080023c0   0x00000014   Code   RO         4108    i.rtc_flag_get      gd32f4xx_rtc.o
    0x080023d4   0x080023d4   0x00000044   Code   RO         6359    i.rtc_get_time      rtc.o
    0x08002418   0x08002418   0x00000080   Code   RO         6360    i.rtc_get_week      rtc.o
    0x08002498   0x08002498   0x000000dc   Code   RO         4110    i.rtc_init          gd32f4xx_rtc.o
    0x08002574   0x08002574   0x00000048   Code   RO         4111    i.rtc_init_mode_enter  gd32f4xx_rtc.o
    0x080025bc   0x080025bc   0x00000014   Code   RO         4112    i.rtc_init_mode_exit  gd32f4xx_rtc.o
    0x080025d0   0x080025d0   0x0000003c   Code   RO         4114    i.rtc_interrupt_enable  gd32f4xx_rtc.o
    0x0800260c   0x0800260c   0x00000060   Code   RO         4117    i.rtc_register_sync_wait  gd32f4xx_rtc.o
    0x0800266c   0x0800266c   0x00000088   Code   RO         6361    i.rtc_set_alarma    rtc.o
    0x080026f4   0x080026f4   0x00000050   Code   RO         6362    i.rtc_set_date      rtc.o
    0x08002744   0x08002744   0x00000050   Code   RO         6363    i.rtc_set_time      rtc.o
    0x08002794   0x08002794   0x0000004a   Code   RO         6364    i.rtc_set_wakeup    rtc.o
    0x080027de   0x080027de   0x00000002   PAD
    0x080027e0   0x080027e0   0x0000005c   Code   RO         4129    i.rtc_wakeup_clock_set  gd32f4xx_rtc.o
    0x0800283c   0x0800283c   0x00000054   Code   RO         4130    i.rtc_wakeup_disable  gd32f4xx_rtc.o
    0x08002890   0x08002890   0x00000028   Code   RO         4131    i.rtc_wakeup_enable  gd32f4xx_rtc.o
    0x080028b8   0x080028b8   0x0000004c   Code   RO         4133    i.rtc_wakeup_timer_set  gd32f4xx_rtc.o
    0x08002904   0x08002904   0x00000108   Code   RO          286    i.system_clock_240m_25m_hxtal  system_gd32f4xx.o
    0x08002a0c   0x08002a0c   0x00000008   Code   RO          287    i.system_clock_config  system_gd32f4xx.o
    0x08002a14   0x08002a14   0x00000004   Code   RO         4984    i.timer_autoreload_value_config  gd32f4xx_timer.o
    0x08002a18   0x08002a18   0x00000008   Code   RO         5009    i.timer_counter_read  gd32f4xx_timer.o
    0x08002a20   0x08002a20   0x00000004   Code   RO         5011    i.timer_counter_value_config  gd32f4xx_timer.o
    0x08002a24   0x08002a24   0x00000184   Code   RO         5012    i.timer_deinit      gd32f4xx_timer.o
    0x08002ba8   0x08002ba8   0x0000000a   Code   RO         5017    i.timer_enable      gd32f4xx_timer.o
    0x08002bb2   0x08002bb2   0x00000002   PAD
    0x08002bb4   0x08002bb4   0x00000098   Code   RO         5027    i.timer_init        gd32f4xx_timer.o
    0x08002c4c   0x08002c4c   0x00000008   Code   RO         5034    i.timer_interrupt_enable  gd32f4xx_timer.o
    0x08002c54   0x08002c54   0x00000006   Code   RO         5035    i.timer_interrupt_flag_clear  gd32f4xx_timer.o
    0x08002c5a   0x08002c5a   0x00000018   Code   RO         5036    i.timer_interrupt_flag_get  gd32f4xx_timer.o
    0x08002c72   0x08002c72   0x00000016   Code   RO         5047    i.timer_struct_para_init  gd32f4xx_timer.o
    0x08002c88   0x08002c88   0x000000e8   Code   RO         5677    i.usart_baudrate_set  gd32f4xx_usart.o
    0x08002d70   0x08002d70   0x0000000a   Code   RO         5681    i.usart_data_receive  gd32f4xx_usart.o
    0x08002d7a   0x08002d7a   0x00000008   Code   RO         5682    i.usart_data_transmit  gd32f4xx_usart.o
    0x08002d82   0x08002d82   0x00000002   PAD
    0x08002d84   0x08002d84   0x000000dc   Code   RO         5683    i.usart_deinit      gd32f4xx_usart.o
    0x08002e60   0x08002e60   0x0000000a   Code   RO         5687    i.usart_enable      gd32f4xx_usart.o
    0x08002e6a   0x08002e6a   0x0000001e   Code   RO         5689    i.usart_flag_get    gd32f4xx_usart.o
    0x08002e88   0x08002e88   0x000000c8   Code   RO          428    i.usart_init        usart.o
    0x08002f50   0x08002f50   0x0000001a   Code   RO         5697    i.usart_interrupt_enable  gd32f4xx_usart.o
    0x08002f6a   0x08002f6a   0x00000038   Code   RO         5699    i.usart_interrupt_flag_get  gd32f4xx_usart.o
    0x08002fa2   0x08002fa2   0x00000010   Code   RO         5712    i.usart_parity_config  gd32f4xx_usart.o
    0x08002fb2   0x08002fb2   0x00000010   Code   RO         5714    i.usart_receive_config  gd32f4xx_usart.o
    0x08002fc2   0x08002fc2   0x00000010   Code   RO         5725    i.usart_stop_bit_set  gd32f4xx_usart.o
    0x08002fd2   0x08002fd2   0x00000010   Code   RO         5729    i.usart_transmit_config  gd32f4xx_usart.o
    0x08002fe2   0x08002fe2   0x00000010   Code   RO         5730    i.usart_word_length_set  gd32f4xx_usart.o
    0x08002ff2   0x08002ff2   0x00000002   PAD
    0x08002ff4   0x08002ff4   0x000000b0   Code   RO         6446    i.usmart_cmd_rec    usmart.o
    0x080030a4   0x080030a4   0x000002d4   Code   RO         6447    i.usmart_exe        usmart.o
    0x08003378   0x08003378   0x000000d4   Code   RO         6585    i.usmart_get_aparm  usmart_str.o
    0x0800344c   0x0800344c   0x00000036   Code   RO         6586    i.usmart_get_cmdname  usmart_str.o
    0x08003482   0x08003482   0x00000002   PAD
    0x08003484   0x08003484   0x000001c0   Code   RO         6587    i.usmart_get_fname  usmart_str.o
    0x08003644   0x08003644   0x0000010c   Code   RO         6588    i.usmart_get_fparam  usmart_str.o
    0x08003750   0x08003750   0x00000028   Code   RO         6538    i.usmart_get_input_string  usmart_port.o
    0x08003778   0x08003778   0x00000020   Code   RO         6589    i.usmart_get_parmpos  usmart_str.o
    0x08003798   0x08003798   0x00000018   Code   RO         6448    i.usmart_init       usmart.o
    0x080037b0   0x080037b0   0x00000016   Code   RO         6590    i.usmart_pow        usmart_str.o
    0x080037c6   0x080037c6   0x00000002   PAD
    0x080037c8   0x080037c8   0x000000a8   Code   RO         6449    i.usmart_scan       usmart.o
    0x08003870   0x08003870   0x00000016   Code   RO         6591    i.usmart_search_nextc  usmart_str.o
    0x08003886   0x08003886   0x00000106   Code   RO         6592    i.usmart_str2num    usmart_str.o
    0x0800398c   0x0800398c   0x00000022   Code   RO         6593    i.usmart_strcmp     usmart_str.o
    0x080039ae   0x080039ae   0x00000016   Code   RO         6594    i.usmart_strcopy    usmart_str.o
    0x080039c4   0x080039c4   0x00000018   Code   RO         6595    i.usmart_strlen     usmart_str.o
    0x080039dc   0x080039dc   0x00000674   Code   RO         6450    i.usmart_sys_cmd_exe  usmart.o
    0x08004050   0x08004050   0x00000044   Code   RO         6539    i.usmart_timerx_get_runtime  usmart_port.o
    0x08004094   0x08004094   0x00000074   Code   RO         6540    i.usmart_timerx_init  usmart_port.o
    0x08004108   0x08004108   0x00000030   Code   RO         6541    i.usmart_timerx_reset_runtime  usmart_port.o
    0x08004138   0x08004138   0x00000004   Code   RO         6451    i.write_addr        usmart.o
    0x0800413c   0x0800413c   0x0000000a   Code   RO         7006    x$fpl$fpinit        fz_wm.l(fpinit.o)
    0x08004146   0x08004146   0x000019b8   Data   RO         6196    .constdata          oled.o
    0x08005afe   0x08005afe   0x0000000c   Data   RO         6366    .constdata          rtc.o
    0x08005b0a   0x08005b0a   0x00000028   Data   RO         6855    .constdata          c_w.l(_printf_hex_int.o)
    0x08005b32   0x08005b32   0x00000011   Data   RO         6890    .constdata          c_w.l(__printf_flags_ss_wp.o)
    0x08005b43   0x08005b43   0x00000001   PAD
    0x08005b44   0x08005b44   0x0000006c   Data   RO         6452    .conststring        usmart.o
    0x08005bb0   0x08005bb0   0x000001e8   Data   RO         6512    .conststring        usmart_config.o
    0x08005d98   0x08005d98   0x0000003c   Data   RO         6753    .conststring        menu.o
    0x08005dd4   0x08005dd4   0x00000020   Data   RO         7067    Region$$Table       anon$$obj.o


    Execution Region RW_IRAM1 (Exec base: 0x20000000, Load base: 0x08005df4, Size: 0x00000cd8, Max: 0x00030000, ABSOLUTE, COMPRESSED[0x0000008c])

    Exec Addr    Load Addr    Size         Type   Attr      Idx    E Section Name        Object

    0x20000000   COMPRESSED   0x00000008   Data   RW           15    .data               main.o
    0x20000008   COMPRESSED   0x00000004   Data   RW          333    .data               delay.o
    0x2000000c   COMPRESSED   0x00000006   Data   RW          430    .data               usart.o
    0x20000012   COMPRESSED   0x00000001   Data   RW         6324    .data               key.o
    0x20000013   COMPRESSED   0x00000001   PAD
    0x20000014   COMPRESSED   0x0000001c   Data   RW         6453    .data               usmart.o
    0x20000030   COMPRESSED   0x0000013c   Data   RW         6513    .data               usmart_config.o
    0x2000016c   COMPRESSED   0x0000000b   Data   RW         6677    .data               clock.o
    0x20000177   COMPRESSED   0x00000001   PAD
    0x20000178   COMPRESSED   0x0000001e   Data   RW         6754    .data               menu.o
    0x20000196   COMPRESSED   0x00000002   PAD
    0x20000198        -       0x000000c8   Zero   RW          429    .bss                usart.o
    0x20000260        -       0x00000200   Zero   RW         6195    .bss                oled.o
    0x20000460        -       0x00000014   Zero   RW         6365    .bss                rtc.o
    0x20000474        -       0x00000060   Zero   RW         6948    .bss                c_w.l(libspace.o)
    0x200004d4   COMPRESSED   0x00000004   PAD
    0x200004d8        -       0x00000400   Zero   RW            2    HEAP                startup_gd32f450_470.o
    0x200008d8        -       0x00000400   Zero   RW            1    STACK               startup_gd32f450_470.o


==============================================================================

Image component sizes


      Code (inc. data)   RO Data    RW Data    ZI Data      Debug   Object Name

       732         88          0         11          0       3206   clock.o
       134         10          0          4          0       2103   delay.o
       200         10          0          0          0       1410   gd32f4xx_exti.o
       268          0          0          0          0       4720   gd32f4xx_gpio.o
        34          0          0          0          0       4486   gd32f4xx_it.o
       216         20          0          0          0       1588   gd32f4xx_misc.o
        20          6          0          0          0        598   gd32f4xx_pmu.o
       844         60          0          0          0       6813   gd32f4xx_rcu.o
      1184         76          0          0          0      11642   gd32f4xx_rtc.o
       626         44          0          0          0       7547   gd32f4xx_timer.o
       672         18          0          0          0       9481   gd32f4xx_usart.o
       484         30          0          1          0       1390   key.o
       288          8          0          0          0        631   led.o
       272         62          0          8          0      85507   main.o
       788        128         60         30          0       7441   menu.o
       418         22          0          0          0       3393   myiic.o
      1134         28       6584          0        512       9005   oled.o
       916         50         12          0         20       8502   rtc.o
        64         26        428          0       2048       1020   startup_gd32f450_470.o
       484         32          0          0          0       2733   system_gd32f4xx.o
       376         30          0          6        200       4497   usart.o
      2754       1182        108         28          0       6314   usmart.o
         0          0        488        316          0       1640   usmart_config.o
       328         40          0          0          0       3085   usmart_port.o
      1400         20          0          0          0       9845   usmart_str.o

    ----------------------------------------------------------------------
     14662       1990       7712        408       2780     198597   Object Totals
         0          0         32          0          0          0   (incl. Generated)
        26          0          0          4          0          0   (incl. Padding)

    ----------------------------------------------------------------------

      Code (inc. data)   RO Data    RW Data    ZI Data      Debug   Library Member Name

        90          0          0          0          0          0   __dczerorl2.o
         8          0          0          0          0         68   __main.o
       392          4         17          0          0         92   __printf_flags_ss_wp.o
        14          0          0          0          0         68   __printf_wp.o
         0          0          0          0          0          0   __rtentry.o
        12          0          0          0          0          0   __rtentry2.o
         6          0          0          0          0          0   __rtentry4.o
        52          8          0          0          0          0   __scatter.o
        28          0          0          0          0          0   __scatter_zi.o
         6          0          0          0          0          0   _printf_c.o
        44          0          0          0          0        108   _printf_char.o
        48          6          0          0          0         96   _printf_char_common.o
        36          4          0          0          0         80   _printf_char_file.o
         6          0          0          0          0          0   _printf_d.o
       120         16          0          0          0         92   _printf_dec.o
        88          4         40          0          0         88   _printf_hex_int.o
       178          0          0          0          0         88   _printf_intcommon.o
        78          0          0          0          0        108   _printf_pad.o
         0          0          0          0          0          0   _printf_percent.o
         4          0          0          0          0          0   _printf_percent_end.o
         6          0          0          0          0          0   _printf_s.o
        82          0          0          0          0         80   _printf_str.o
         6          0          0          0          0          0   _printf_u.o
         6          0          0          0          0          0   _printf_x.o
        18          0          0          0          0         80   exit.o
         8          0          0          0          0         68   ferror.o
         6          0          0          0          0        152   heapauxi.o
         2          0          0          0          0          0   libinit.o
         6          0          0          0          0          0   libinit2.o
         2          0          0          0          0          0   libshutdown.o
         2          0          0          0          0          0   libshutdown2.o
         8          4          0          0         96         68   libspace.o
        24          4          0          0          0         84   noretval__2printf.o
         2          0          0          0          0          0   rtexit.o
        10          0          0          0          0          0   rtexit2.o
       128          0          0          0          0         68   strcmpv7m.o
        74          0          0          0          0         80   sys_stackheap_outer.o
         2          0          0          0          0         68   use_no_semi.o
         2          0          0          0          0         68   use_no_semi_2.o
        10          0          0          0          0        116   fpinit.o

    ----------------------------------------------------------------------
      1620         50         58          0        100       1820   Library Totals
         6          0          1          0          4          0   (incl. Padding)

    ----------------------------------------------------------------------

      Code (inc. data)   RO Data    RW Data    ZI Data      Debug   Library Name

      1604         50         57          0         96       1704   c_w.l
        10          0          0          0          0        116   fz_wm.l

    ----------------------------------------------------------------------
      1620         50         58          0        100       1820   Library Totals

    ----------------------------------------------------------------------

==============================================================================


      Code (inc. data)   RO Data    RW Data    ZI Data      Debug   

     16282       2040       7770        408       2880     185485   Grand Totals
     16282       2040       7770        140       2880     185485   ELF Image Totals (compressed)
     16282       2040       7770        140          0          0   ROM Totals

==============================================================================

    Total RO  Size (Code + RO Data)                24052 (  23.49kB)
    Total RW  Size (RW Data + ZI Data)              3288 (   3.21kB)
    Total ROM Size (Code + RO Data + RW Data)      24192 (  23.63kB)

==============================================================================

