<!doctype html public "-//w3c//dtd html 4.0 transitional//en">
<html><head>
<title>Static Call Graph - [..\..\Output\GD32F470.axf]</title></head>
<body><HR>
<H1>Static Call Graph for image ..\..\Output\GD32F470.axf</H1><HR>
<BR><P>#&#060CALLGRAPH&#062# ARM Linker, 5060960: Last Updated: Mon May 26 10:55:56 2025
<BR><P>
<H3>Maximum Stack Usage =        380 bytes + Unknown(Cycles, Untraceable Function Pointers)</H3><H3>
Call chain for Maximum Stack Depth:</H3>
usmart_cmd_rec &rArr; usmart_get_fparam &rArr; usmart_str2num &rArr; usmart_pow
<P>
<H3>
Mutually Recursive functions
</H3> <LI><a href="#[2b]">ADC_IRQHandler</a>&nbsp;&nbsp;&nbsp;&rArr;&nbsp;&nbsp;&nbsp;<a href="#[2b]">ADC_IRQHandler</a><BR>
</UL>
<P>
<H3>
Function Pointers
</H3><UL>
 <LI><a href="#[2b]">ADC_IRQHandler</a> from startup_gd32f450_470.o(.text) referenced from startup_gd32f450_470.o(RESET)
 <LI><a href="#[13]">BusFault_Handler</a> from gd32f4xx_it.o(i.BusFault_Handler) referenced from startup_gd32f450_470.o(RESET)
 <LI><a href="#[2f]">CAN0_EWMC_IRQHandler</a> from startup_gd32f450_470.o(.text) referenced from startup_gd32f450_470.o(RESET)
 <LI><a href="#[2d]">CAN0_RX0_IRQHandler</a> from startup_gd32f450_470.o(.text) referenced from startup_gd32f450_470.o(RESET)
 <LI><a href="#[2e]">CAN0_RX1_IRQHandler</a> from startup_gd32f450_470.o(.text) referenced from startup_gd32f450_470.o(RESET)
 <LI><a href="#[2c]">CAN0_TX_IRQHandler</a> from startup_gd32f450_470.o(.text) referenced from startup_gd32f450_470.o(RESET)
 <LI><a href="#[5b]">CAN1_EWMC_IRQHandler</a> from startup_gd32f450_470.o(.text) referenced from startup_gd32f450_470.o(RESET)
 <LI><a href="#[59]">CAN1_RX0_IRQHandler</a> from startup_gd32f450_470.o(.text) referenced from startup_gd32f450_470.o(RESET)
 <LI><a href="#[5a]">CAN1_RX1_IRQHandler</a> from startup_gd32f450_470.o(.text) referenced from startup_gd32f450_470.o(RESET)
 <LI><a href="#[58]">CAN1_TX_IRQHandler</a> from startup_gd32f450_470.o(.text) referenced from startup_gd32f450_470.o(RESET)
 <LI><a href="#[67]">DCI_IRQHandler</a> from startup_gd32f450_470.o(.text) referenced from startup_gd32f450_470.o(RESET)
 <LI><a href="#[24]">DMA0_Channel0_IRQHandler</a> from startup_gd32f450_470.o(.text) referenced from startup_gd32f450_470.o(RESET)
 <LI><a href="#[25]">DMA0_Channel1_IRQHandler</a> from startup_gd32f450_470.o(.text) referenced from startup_gd32f450_470.o(RESET)
 <LI><a href="#[26]">DMA0_Channel2_IRQHandler</a> from startup_gd32f450_470.o(.text) referenced from startup_gd32f450_470.o(RESET)
 <LI><a href="#[27]">DMA0_Channel3_IRQHandler</a> from startup_gd32f450_470.o(.text) referenced from startup_gd32f450_470.o(RESET)
 <LI><a href="#[28]">DMA0_Channel4_IRQHandler</a> from startup_gd32f450_470.o(.text) referenced from startup_gd32f450_470.o(RESET)
 <LI><a href="#[29]">DMA0_Channel5_IRQHandler</a> from startup_gd32f450_470.o(.text) referenced from startup_gd32f450_470.o(RESET)
 <LI><a href="#[2a]">DMA0_Channel6_IRQHandler</a> from startup_gd32f450_470.o(.text) referenced from startup_gd32f450_470.o(RESET)
 <LI><a href="#[48]">DMA0_Channel7_IRQHandler</a> from startup_gd32f450_470.o(.text) referenced from startup_gd32f450_470.o(RESET)
 <LI><a href="#[51]">DMA1_Channel0_IRQHandler</a> from startup_gd32f450_470.o(.text) referenced from startup_gd32f450_470.o(RESET)
 <LI><a href="#[52]">DMA1_Channel1_IRQHandler</a> from startup_gd32f450_470.o(.text) referenced from startup_gd32f450_470.o(RESET)
 <LI><a href="#[53]">DMA1_Channel2_IRQHandler</a> from startup_gd32f450_470.o(.text) referenced from startup_gd32f450_470.o(RESET)
 <LI><a href="#[54]">DMA1_Channel3_IRQHandler</a> from startup_gd32f450_470.o(.text) referenced from startup_gd32f450_470.o(RESET)
 <LI><a href="#[55]">DMA1_Channel4_IRQHandler</a> from startup_gd32f450_470.o(.text) referenced from startup_gd32f450_470.o(RESET)
 <LI><a href="#[5d]">DMA1_Channel5_IRQHandler</a> from startup_gd32f450_470.o(.text) referenced from startup_gd32f450_470.o(RESET)
 <LI><a href="#[5e]">DMA1_Channel6_IRQHandler</a> from startup_gd32f450_470.o(.text) referenced from startup_gd32f450_470.o(RESET)
 <LI><a href="#[5f]">DMA1_Channel7_IRQHandler</a> from startup_gd32f450_470.o(.text) referenced from startup_gd32f450_470.o(RESET)
 <LI><a href="#[16]">DebugMon_Handler</a> from gd32f4xx_it.o(i.DebugMon_Handler) referenced from startup_gd32f450_470.o(RESET)
 <LI><a href="#[56]">ENET_IRQHandler</a> from startup_gd32f450_470.o(.text) referenced from startup_gd32f450_470.o(RESET)
 <LI><a href="#[57]">ENET_WKUP_IRQHandler</a> from startup_gd32f450_470.o(.text) referenced from startup_gd32f450_470.o(RESET)
 <LI><a href="#[49]">EXMC_IRQHandler</a> from startup_gd32f450_470.o(.text) referenced from startup_gd32f450_470.o(RESET)
 <LI><a href="#[1f]">EXTI0_IRQHandler</a> from startup_gd32f450_470.o(.text) referenced from startup_gd32f450_470.o(RESET)
 <LI><a href="#[41]">EXTI10_15_IRQHandler</a> from startup_gd32f450_470.o(.text) referenced from startup_gd32f450_470.o(RESET)
 <LI><a href="#[20]">EXTI1_IRQHandler</a> from startup_gd32f450_470.o(.text) referenced from startup_gd32f450_470.o(RESET)
 <LI><a href="#[21]">EXTI2_IRQHandler</a> from startup_gd32f450_470.o(.text) referenced from startup_gd32f450_470.o(RESET)
 <LI><a href="#[22]">EXTI3_IRQHandler</a> from startup_gd32f450_470.o(.text) referenced from startup_gd32f450_470.o(RESET)
 <LI><a href="#[23]">EXTI4_IRQHandler</a> from startup_gd32f450_470.o(.text) referenced from startup_gd32f450_470.o(RESET)
 <LI><a href="#[30]">EXTI5_9_IRQHandler</a> from startup_gd32f450_470.o(.text) referenced from startup_gd32f450_470.o(RESET)
 <LI><a href="#[1d]">FMC_IRQHandler</a> from startup_gd32f450_470.o(.text) referenced from startup_gd32f450_470.o(RESET)
 <LI><a href="#[69]">FPU_IRQHandler</a> from startup_gd32f450_470.o(.text) referenced from startup_gd32f450_470.o(RESET)
 <LI><a href="#[11]">HardFault_Handler</a> from gd32f4xx_it.o(i.HardFault_Handler) referenced from startup_gd32f450_470.o(RESET)
 <LI><a href="#[39]">I2C0_ER_IRQHandler</a> from startup_gd32f450_470.o(.text) referenced from startup_gd32f450_470.o(RESET)
 <LI><a href="#[38]">I2C0_EV_IRQHandler</a> from startup_gd32f450_470.o(.text) referenced from startup_gd32f450_470.o(RESET)
 <LI><a href="#[3b]">I2C1_ER_IRQHandler</a> from startup_gd32f450_470.o(.text) referenced from startup_gd32f450_470.o(RESET)
 <LI><a href="#[3a]">I2C1_EV_IRQHandler</a> from startup_gd32f450_470.o(.text) referenced from startup_gd32f450_470.o(RESET)
 <LI><a href="#[62]">I2C2_ER_IRQHandler</a> from startup_gd32f450_470.o(.text) referenced from startup_gd32f450_470.o(RESET)
 <LI><a href="#[61]">I2C2_EV_IRQHandler</a> from startup_gd32f450_470.o(.text) referenced from startup_gd32f450_470.o(RESET)
 <LI><a href="#[71]">IPA_IRQHandler</a> from startup_gd32f450_470.o(.text) referenced from startup_gd32f450_470.o(RESET)
 <LI><a href="#[1a]">LVD_IRQHandler</a> from startup_gd32f450_470.o(.text) referenced from startup_gd32f450_470.o(RESET)
 <LI><a href="#[12]">MemManage_Handler</a> from gd32f4xx_it.o(i.MemManage_Handler) referenced from startup_gd32f450_470.o(RESET)
 <LI><a href="#[10]">NMI_Handler</a> from gd32f4xx_it.o(i.NMI_Handler) referenced from startup_gd32f450_470.o(RESET)
 <LI><a href="#[17]">PendSV_Handler</a> from gd32f4xx_it.o(i.PendSV_Handler) referenced from startup_gd32f450_470.o(RESET)
 <LI><a href="#[1e]">RCU_CTC_IRQHandler</a> from startup_gd32f450_470.o(.text) referenced from startup_gd32f450_470.o(RESET)
 <LI><a href="#[42]">RTC_Alarm_IRQHandler</a> from rtc.o(i.RTC_Alarm_IRQHandler) referenced from startup_gd32f450_470.o(RESET)
 <LI><a href="#[1c]">RTC_WKUP_IRQHandler</a> from rtc.o(i.RTC_WKUP_IRQHandler) referenced from startup_gd32f450_470.o(RESET)
 <LI><a href="#[f]">Reset_Handler</a> from startup_gd32f450_470.o(.text) referenced from startup_gd32f450_470.o(RESET)
 <LI><a href="#[4a]">SDIO_IRQHandler</a> from startup_gd32f450_470.o(.text) referenced from startup_gd32f450_470.o(RESET)
 <LI><a href="#[3c]">SPI0_IRQHandler</a> from startup_gd32f450_470.o(.text) referenced from startup_gd32f450_470.o(RESET)
 <LI><a href="#[3d]">SPI1_IRQHandler</a> from startup_gd32f450_470.o(.text) referenced from startup_gd32f450_470.o(RESET)
 <LI><a href="#[4c]">SPI2_IRQHandler</a> from startup_gd32f450_470.o(.text) referenced from startup_gd32f450_470.o(RESET)
 <LI><a href="#[6c]">SPI3_IRQHandler</a> from startup_gd32f450_470.o(.text) referenced from startup_gd32f450_470.o(RESET)
 <LI><a href="#[6d]">SPI4_IRQHandler</a> from startup_gd32f450_470.o(.text) referenced from startup_gd32f450_470.o(RESET)
 <LI><a href="#[6e]">SPI5_IRQHandler</a> from startup_gd32f450_470.o(.text) referenced from startup_gd32f450_470.o(RESET)
 <LI><a href="#[15]">SVC_Handler</a> from gd32f4xx_it.o(i.SVC_Handler) referenced from startup_gd32f450_470.o(RESET)
 <LI><a href="#[18]">SysTick_Handler</a> from gd32f4xx_it.o(i.SysTick_Handler) referenced from startup_gd32f450_470.o(RESET)
 <LI><a href="#[72]">SystemInit</a> from system_gd32f4xx.o(i.SystemInit) referenced from startup_gd32f450_470.o(.text)
 <LI><a href="#[1b]">TAMPER_STAMP_IRQHandler</a> from startup_gd32f450_470.o(.text) referenced from startup_gd32f450_470.o(RESET)
 <LI><a href="#[31]">TIMER0_BRK_TIMER8_IRQHandler</a> from startup_gd32f450_470.o(.text) referenced from startup_gd32f450_470.o(RESET)
 <LI><a href="#[34]">TIMER0_Channel_IRQHandler</a> from startup_gd32f450_470.o(.text) referenced from startup_gd32f450_470.o(RESET)
 <LI><a href="#[33]">TIMER0_TRG_CMT_TIMER10_IRQHandler</a> from startup_gd32f450_470.o(.text) referenced from startup_gd32f450_470.o(RESET)
 <LI><a href="#[32]">TIMER0_UP_TIMER9_IRQHandler</a> from startup_gd32f450_470.o(.text) referenced from startup_gd32f450_470.o(RESET)
 <LI><a href="#[35]">TIMER1_IRQHandler</a> from startup_gd32f450_470.o(.text) referenced from startup_gd32f450_470.o(RESET)
 <LI><a href="#[36]">TIMER2_IRQHandler</a> from startup_gd32f450_470.o(.text) referenced from startup_gd32f450_470.o(RESET)
 <LI><a href="#[37]">TIMER3_IRQHandler</a> from usmart_port.o(i.TIMER3_IRQHandler) referenced from startup_gd32f450_470.o(RESET)
 <LI><a href="#[4b]">TIMER4_IRQHandler</a> from startup_gd32f450_470.o(.text) referenced from startup_gd32f450_470.o(RESET)
 <LI><a href="#[4f]">TIMER5_DAC_IRQHandler</a> from startup_gd32f450_470.o(.text) referenced from startup_gd32f450_470.o(RESET)
 <LI><a href="#[50]">TIMER6_IRQHandler</a> from startup_gd32f450_470.o(.text) referenced from startup_gd32f450_470.o(RESET)
 <LI><a href="#[44]">TIMER7_BRK_TIMER11_IRQHandler</a> from startup_gd32f450_470.o(.text) referenced from startup_gd32f450_470.o(RESET)
 <LI><a href="#[47]">TIMER7_Channel_IRQHandler</a> from startup_gd32f450_470.o(.text) referenced from startup_gd32f450_470.o(RESET)
 <LI><a href="#[46]">TIMER7_TRG_CMT_TIMER13_IRQHandler</a> from startup_gd32f450_470.o(.text) referenced from startup_gd32f450_470.o(RESET)
 <LI><a href="#[45]">TIMER7_UP_TIMER12_IRQHandler</a> from startup_gd32f450_470.o(.text) referenced from startup_gd32f450_470.o(RESET)
 <LI><a href="#[70]">TLI_ER_IRQHandler</a> from startup_gd32f450_470.o(.text) referenced from startup_gd32f450_470.o(RESET)
 <LI><a href="#[6f]">TLI_IRQHandler</a> from startup_gd32f450_470.o(.text) referenced from startup_gd32f450_470.o(RESET)
 <LI><a href="#[68]">TRNG_IRQHandler</a> from startup_gd32f450_470.o(.text) referenced from startup_gd32f450_470.o(RESET)
 <LI><a href="#[4d]">UART3_IRQHandler</a> from startup_gd32f450_470.o(.text) referenced from startup_gd32f450_470.o(RESET)
 <LI><a href="#[4e]">UART4_IRQHandler</a> from startup_gd32f450_470.o(.text) referenced from startup_gd32f450_470.o(RESET)
 <LI><a href="#[6a]">UART6_IRQHandler</a> from startup_gd32f450_470.o(.text) referenced from startup_gd32f450_470.o(RESET)
 <LI><a href="#[6b]">UART7_IRQHandler</a> from startup_gd32f450_470.o(.text) referenced from startup_gd32f450_470.o(RESET)
 <LI><a href="#[3e]">USART0_IRQHandler</a> from usart.o(i.USART0_IRQHandler) referenced from startup_gd32f450_470.o(RESET)
 <LI><a href="#[3f]">USART1_IRQHandler</a> from startup_gd32f450_470.o(.text) referenced from startup_gd32f450_470.o(RESET)
 <LI><a href="#[40]">USART2_IRQHandler</a> from startup_gd32f450_470.o(.text) referenced from startup_gd32f450_470.o(RESET)
 <LI><a href="#[60]">USART5_IRQHandler</a> from startup_gd32f450_470.o(.text) referenced from startup_gd32f450_470.o(RESET)
 <LI><a href="#[5c]">USBFS_IRQHandler</a> from startup_gd32f450_470.o(.text) referenced from startup_gd32f450_470.o(RESET)
 <LI><a href="#[43]">USBFS_WKUP_IRQHandler</a> from startup_gd32f450_470.o(.text) referenced from startup_gd32f450_470.o(RESET)
 <LI><a href="#[64]">USBHS_EP1_In_IRQHandler</a> from startup_gd32f450_470.o(.text) referenced from startup_gd32f450_470.o(RESET)
 <LI><a href="#[63]">USBHS_EP1_Out_IRQHandler</a> from startup_gd32f450_470.o(.text) referenced from startup_gd32f450_470.o(RESET)
 <LI><a href="#[66]">USBHS_IRQHandler</a> from startup_gd32f450_470.o(.text) referenced from startup_gd32f450_470.o(RESET)
 <LI><a href="#[65]">USBHS_WKUP_IRQHandler</a> from startup_gd32f450_470.o(.text) referenced from startup_gd32f450_470.o(RESET)
 <LI><a href="#[14]">UsageFault_Handler</a> from gd32f4xx_it.o(i.UsageFault_Handler) referenced from startup_gd32f450_470.o(RESET)
 <LI><a href="#[19]">WWDGT_IRQHandler</a> from startup_gd32f450_470.o(.text) referenced from startup_gd32f450_470.o(RESET)
 <LI><a href="#[76]">__main</a> from __main.o(!!!main) referenced from startup_gd32f450_470.o(.text)
 <LI><a href="#[75]">_printf_input_char</a> from _printf_char_common.o(.text) referenced from _printf_char_common.o(.text)
 <LI><a href="#[4]">delay_ms</a> from delay.o(i.delay_ms) referenced 2 times from usmart_config.o(.data)
 <LI><a href="#[5]">delay_us</a> from delay.o(i.delay_us) referenced 2 times from usmart_config.o(.data)
 <LI><a href="#[74]">fputc</a> from usart.o(i.fputc) referenced from _printf_char_file.o(.text)
 <LI><a href="#[2]">read_addr</a> from usmart.o(i.read_addr) referenced 2 times from usmart_config.o(.data)
 <LI><a href="#[a]">rtc_get_week</a> from rtc.o(i.rtc_get_week) referenced 2 times from usmart_config.o(.data)
 <LI><a href="#[9]">rtc_set_alarma</a> from rtc.o(i.rtc_set_alarma) referenced 2 times from usmart_config.o(.data)
 <LI><a href="#[7]">rtc_set_date</a> from rtc.o(i.rtc_set_date) referenced 2 times from usmart_config.o(.data)
 <LI><a href="#[6]">rtc_set_time</a> from rtc.o(i.rtc_set_time) referenced 2 times from usmart_config.o(.data)
 <LI><a href="#[8]">rtc_set_wakeup</a> from rtc.o(i.rtc_set_wakeup) referenced 2 times from usmart_config.o(.data)
 <LI><a href="#[c]">usmart_cmd_rec</a> from usmart.o(i.usmart_cmd_rec) referenced 2 times from usmart_config.o(.data)
 <LI><a href="#[d]">usmart_exe</a> from usmart.o(i.usmart_exe) referenced 2 times from usmart_config.o(.data)
 <LI><a href="#[b]">usmart_init</a> from usmart.o(i.usmart_init) referenced 2 times from usmart_config.o(.data)
 <LI><a href="#[e]">usmart_scan</a> from usmart.o(i.usmart_scan) referenced 2 times from usmart_config.o(.data)
 <LI><a href="#[3]">write_addr</a> from usmart.o(i.write_addr) referenced 2 times from usmart_config.o(.data)
</UL>
<P>
<H3>
Global Symbols
</H3>
<P><STRONG><a name="[76]"></a>__main</STRONG> (Thumb, 8 bytes, Stack size 0 bytes, __main.o(!!!main))
<BR><BR>[Calls]<UL><LI><a href="#[78]">&gt;&gt;</a>&nbsp;&nbsp;&nbsp;__rt_entry
<LI><a href="#[77]">&gt;&gt;</a>&nbsp;&nbsp;&nbsp;__scatterload
</UL>

<P><STRONG><a name="[77]"></a>__scatterload</STRONG> (Thumb, 0 bytes, Stack size unknown bytes, __scatter.o(!!!scatter))
<BR><BR>[Called By]<UL><LI><a href="#[76]">&gt;&gt;</a>&nbsp;&nbsp;&nbsp;__main
</UL>

<P><STRONG><a name="[79]"></a>__scatterload_rt2</STRONG> (Thumb, 44 bytes, Stack size unknown bytes, __scatter.o(!!!scatter), UNUSED)
<BR><BR>[Calls]<UL><LI><a href="#[78]">&gt;&gt;</a>&nbsp;&nbsp;&nbsp;__rt_entry
</UL>

<P><STRONG><a name="[115]"></a>__scatterload_rt2_thumb_only</STRONG> (Thumb, 0 bytes, Stack size unknown bytes, __scatter.o(!!!scatter), UNUSED)

<P><STRONG><a name="[116]"></a>__scatterload_null</STRONG> (Thumb, 0 bytes, Stack size unknown bytes, __scatter.o(!!!scatter), UNUSED)

<P><STRONG><a name="[117]"></a>__decompress</STRONG> (Thumb, 90 bytes, Stack size unknown bytes, __dczerorl2.o(!!dczerorl2), UNUSED)

<P><STRONG><a name="[118]"></a>__decompress1</STRONG> (Thumb, 0 bytes, Stack size unknown bytes, __dczerorl2.o(!!dczerorl2), UNUSED)

<P><STRONG><a name="[119]"></a>__scatterload_zeroinit</STRONG> (Thumb, 28 bytes, Stack size unknown bytes, __scatter_zi.o(!!handler_zi), UNUSED)

<P><STRONG><a name="[7a]"></a>_printf_d</STRONG> (Thumb, 0 bytes, Stack size unknown bytes, _printf_d.o(.ARM.Collect$$_printf_percent$$00000009))
<BR><BR>[Stack]<UL><LI>Max Depth = 72 + Unknown Stack Size
<LI>Call Chain = _printf_d &rArr; _printf_int_dec &rArr; _printf_int_common &rArr; _printf_post_padding
</UL>
<BR>[Calls]<UL><LI><a href="#[7b]">&gt;&gt;</a>&nbsp;&nbsp;&nbsp;_printf_int_dec
</UL>

<P><STRONG><a name="[98]"></a>_printf_percent</STRONG> (Thumb, 0 bytes, Stack size unknown bytes, _printf_percent.o(.ARM.Collect$$_printf_percent$$00000000))
<BR><BR>[Called By]<UL><LI><a href="#[96]">&gt;&gt;</a>&nbsp;&nbsp;&nbsp;__printf
</UL>

<P><STRONG><a name="[7c]"></a>_printf_u</STRONG> (Thumb, 0 bytes, Stack size unknown bytes, _printf_u.o(.ARM.Collect$$_printf_percent$$0000000A))
<BR><BR>[Stack]<UL><LI>Max Depth = 72 + Unknown Stack Size
<LI>Call Chain = _printf_u &rArr; _printf_int_dec &rArr; _printf_int_common &rArr; _printf_post_padding
</UL>
<BR>[Calls]<UL><LI><a href="#[7b]">&gt;&gt;</a>&nbsp;&nbsp;&nbsp;_printf_int_dec
</UL>

<P><STRONG><a name="[7d]"></a>_printf_x</STRONG> (Thumb, 0 bytes, Stack size unknown bytes, _printf_x.o(.ARM.Collect$$_printf_percent$$0000000C))
<BR><BR>[Stack]<UL><LI>Max Depth = 64 + Unknown Stack Size
<LI>Call Chain = _printf_x &rArr; _printf_int_hex &rArr; _printf_int_common &rArr; _printf_post_padding
</UL>
<BR>[Calls]<UL><LI><a href="#[7e]">&gt;&gt;</a>&nbsp;&nbsp;&nbsp;_printf_int_hex
</UL>

<P><STRONG><a name="[7f]"></a>_printf_c</STRONG> (Thumb, 0 bytes, Stack size unknown bytes, _printf_c.o(.ARM.Collect$$_printf_percent$$00000013))
<BR><BR>[Stack]<UL><LI>Max Depth = 40 + Unknown Stack Size
<LI>Call Chain = _printf_c &rArr; _printf_char &rArr; _printf_cs_common &rArr; _printf_str &rArr; _printf_post_padding
</UL>
<BR>[Calls]<UL><LI><a href="#[80]">&gt;&gt;</a>&nbsp;&nbsp;&nbsp;_printf_char
</UL>

<P><STRONG><a name="[81]"></a>_printf_s</STRONG> (Thumb, 0 bytes, Stack size unknown bytes, _printf_s.o(.ARM.Collect$$_printf_percent$$00000014))
<BR><BR>[Stack]<UL><LI>Max Depth = 40 + Unknown Stack Size
<LI>Call Chain = _printf_s &rArr; _printf_string &rArr; _printf_cs_common &rArr; _printf_str &rArr; _printf_post_padding
</UL>
<BR>[Calls]<UL><LI><a href="#[82]">&gt;&gt;</a>&nbsp;&nbsp;&nbsp;_printf_string
</UL>

<P><STRONG><a name="[11a]"></a>_printf_percent_end</STRONG> (Thumb, 0 bytes, Stack size unknown bytes, _printf_percent_end.o(.ARM.Collect$$_printf_percent$$00000017))

<P><STRONG><a name="[88]"></a>__rt_lib_init</STRONG> (Thumb, 0 bytes, Stack size unknown bytes, libinit.o(.ARM.Collect$$libinit$$00000000))
<BR><BR>[Called By]<UL><LI><a href="#[87]">&gt;&gt;</a>&nbsp;&nbsp;&nbsp;__rt_entry_li
</UL>

<P><STRONG><a name="[83]"></a>__rt_lib_init_fp_1</STRONG> (Thumb, 0 bytes, Stack size unknown bytes, libinit2.o(.ARM.Collect$$libinit$$00000001))
<BR><BR>[Calls]<UL><LI><a href="#[84]">&gt;&gt;</a>&nbsp;&nbsp;&nbsp;_fp_init
</UL>

<P><STRONG><a name="[11b]"></a>__rt_lib_init_alloca_1</STRONG> (Thumb, 0 bytes, Stack size unknown bytes, libinit2.o(.ARM.Collect$$libinit$$0000002E))

<P><STRONG><a name="[11c]"></a>__rt_lib_init_argv_1</STRONG> (Thumb, 0 bytes, Stack size unknown bytes, libinit2.o(.ARM.Collect$$libinit$$0000002C))

<P><STRONG><a name="[11d]"></a>__rt_lib_init_atexit_1</STRONG> (Thumb, 0 bytes, Stack size unknown bytes, libinit2.o(.ARM.Collect$$libinit$$0000001B))

<P><STRONG><a name="[11e]"></a>__rt_lib_init_clock_1</STRONG> (Thumb, 0 bytes, Stack size unknown bytes, libinit2.o(.ARM.Collect$$libinit$$00000021))

<P><STRONG><a name="[11f]"></a>__rt_lib_init_cpp_1</STRONG> (Thumb, 0 bytes, Stack size unknown bytes, libinit2.o(.ARM.Collect$$libinit$$00000032))

<P><STRONG><a name="[120]"></a>__rt_lib_init_exceptions_1</STRONG> (Thumb, 0 bytes, Stack size unknown bytes, libinit2.o(.ARM.Collect$$libinit$$00000030))

<P><STRONG><a name="[121]"></a>__rt_lib_init_fp_trap_1</STRONG> (Thumb, 0 bytes, Stack size unknown bytes, libinit2.o(.ARM.Collect$$libinit$$0000001F))

<P><STRONG><a name="[122]"></a>__rt_lib_init_getenv_1</STRONG> (Thumb, 0 bytes, Stack size unknown bytes, libinit2.o(.ARM.Collect$$libinit$$00000023))

<P><STRONG><a name="[123]"></a>__rt_lib_init_heap_1</STRONG> (Thumb, 0 bytes, Stack size unknown bytes, libinit2.o(.ARM.Collect$$libinit$$0000000A))

<P><STRONG><a name="[124]"></a>__rt_lib_init_lc_collate_1</STRONG> (Thumb, 0 bytes, Stack size unknown bytes, libinit2.o(.ARM.Collect$$libinit$$00000011))

<P><STRONG><a name="[125]"></a>__rt_lib_init_lc_ctype_1</STRONG> (Thumb, 0 bytes, Stack size unknown bytes, libinit2.o(.ARM.Collect$$libinit$$00000013))

<P><STRONG><a name="[126]"></a>__rt_lib_init_lc_monetary_1</STRONG> (Thumb, 0 bytes, Stack size unknown bytes, libinit2.o(.ARM.Collect$$libinit$$00000015))

<P><STRONG><a name="[127]"></a>__rt_lib_init_lc_numeric_1</STRONG> (Thumb, 0 bytes, Stack size unknown bytes, libinit2.o(.ARM.Collect$$libinit$$00000017))

<P><STRONG><a name="[128]"></a>__rt_lib_init_lc_time_1</STRONG> (Thumb, 0 bytes, Stack size unknown bytes, libinit2.o(.ARM.Collect$$libinit$$00000019))

<P><STRONG><a name="[129]"></a>__rt_lib_init_preinit_1</STRONG> (Thumb, 0 bytes, Stack size unknown bytes, libinit2.o(.ARM.Collect$$libinit$$00000004))

<P><STRONG><a name="[12a]"></a>__rt_lib_init_rand_1</STRONG> (Thumb, 0 bytes, Stack size unknown bytes, libinit2.o(.ARM.Collect$$libinit$$0000000E))

<P><STRONG><a name="[12b]"></a>__rt_lib_init_return</STRONG> (Thumb, 0 bytes, Stack size unknown bytes, libinit2.o(.ARM.Collect$$libinit$$00000033))

<P><STRONG><a name="[12c]"></a>__rt_lib_init_signal_1</STRONG> (Thumb, 0 bytes, Stack size unknown bytes, libinit2.o(.ARM.Collect$$libinit$$0000001D))

<P><STRONG><a name="[12d]"></a>__rt_lib_init_stdio_1</STRONG> (Thumb, 0 bytes, Stack size unknown bytes, libinit2.o(.ARM.Collect$$libinit$$00000025))

<P><STRONG><a name="[12e]"></a>__rt_lib_init_user_alloc_1</STRONG> (Thumb, 0 bytes, Stack size unknown bytes, libinit2.o(.ARM.Collect$$libinit$$0000000C))

<P><STRONG><a name="[8d]"></a>__rt_lib_shutdown</STRONG> (Thumb, 0 bytes, Stack size unknown bytes, libshutdown.o(.ARM.Collect$$libshutdown$$00000000))
<BR><BR>[Called By]<UL><LI><a href="#[8c]">&gt;&gt;</a>&nbsp;&nbsp;&nbsp;__rt_exit_ls
</UL>

<P><STRONG><a name="[12f]"></a>__rt_lib_shutdown_cpp_1</STRONG> (Thumb, 0 bytes, Stack size unknown bytes, libshutdown2.o(.ARM.Collect$$libshutdown$$00000004))

<P><STRONG><a name="[130]"></a>__rt_lib_shutdown_fini_1</STRONG> (Thumb, 0 bytes, Stack size unknown bytes, libshutdown2.o(.ARM.Collect$$libshutdown$$00000002))

<P><STRONG><a name="[131]"></a>__rt_lib_shutdown_fp_trap_1</STRONG> (Thumb, 0 bytes, Stack size unknown bytes, libshutdown2.o(.ARM.Collect$$libshutdown$$00000009))

<P><STRONG><a name="[132]"></a>__rt_lib_shutdown_heap_1</STRONG> (Thumb, 0 bytes, Stack size unknown bytes, libshutdown2.o(.ARM.Collect$$libshutdown$$00000011))

<P><STRONG><a name="[133]"></a>__rt_lib_shutdown_return</STRONG> (Thumb, 0 bytes, Stack size unknown bytes, libshutdown2.o(.ARM.Collect$$libshutdown$$00000012))

<P><STRONG><a name="[134]"></a>__rt_lib_shutdown_signal_1</STRONG> (Thumb, 0 bytes, Stack size unknown bytes, libshutdown2.o(.ARM.Collect$$libshutdown$$0000000C))

<P><STRONG><a name="[135]"></a>__rt_lib_shutdown_stdio_1</STRONG> (Thumb, 0 bytes, Stack size unknown bytes, libshutdown2.o(.ARM.Collect$$libshutdown$$00000006))

<P><STRONG><a name="[136]"></a>__rt_lib_shutdown_user_alloc_1</STRONG> (Thumb, 0 bytes, Stack size unknown bytes, libshutdown2.o(.ARM.Collect$$libshutdown$$0000000E))

<P><STRONG><a name="[78]"></a>__rt_entry</STRONG> (Thumb, 0 bytes, Stack size unknown bytes, __rtentry.o(.ARM.Collect$$rtentry$$00000000))
<BR><BR>[Called By]<UL><LI><a href="#[76]">&gt;&gt;</a>&nbsp;&nbsp;&nbsp;__main
<LI><a href="#[79]">&gt;&gt;</a>&nbsp;&nbsp;&nbsp;__scatterload_rt2
</UL>

<P><STRONG><a name="[137]"></a>__rt_entry_presh_1</STRONG> (Thumb, 0 bytes, Stack size unknown bytes, __rtentry2.o(.ARM.Collect$$rtentry$$00000002))

<P><STRONG><a name="[85]"></a>__rt_entry_sh</STRONG> (Thumb, 0 bytes, Stack size unknown bytes, __rtentry4.o(.ARM.Collect$$rtentry$$00000004))
<BR><BR>[Stack]<UL><LI>Max Depth = 8 + Unknown Stack Size
<LI>Call Chain = __rt_entry_sh &rArr; __user_setup_stackheap
</UL>
<BR>[Calls]<UL><LI><a href="#[86]">&gt;&gt;</a>&nbsp;&nbsp;&nbsp;__user_setup_stackheap
</UL>

<P><STRONG><a name="[87]"></a>__rt_entry_li</STRONG> (Thumb, 0 bytes, Stack size unknown bytes, __rtentry2.o(.ARM.Collect$$rtentry$$0000000A))
<BR><BR>[Calls]<UL><LI><a href="#[88]">&gt;&gt;</a>&nbsp;&nbsp;&nbsp;__rt_lib_init
</UL>

<P><STRONG><a name="[138]"></a>__rt_entry_postsh_1</STRONG> (Thumb, 0 bytes, Stack size unknown bytes, __rtentry2.o(.ARM.Collect$$rtentry$$00000009))

<P><STRONG><a name="[89]"></a>__rt_entry_main</STRONG> (Thumb, 0 bytes, Stack size unknown bytes, __rtentry2.o(.ARM.Collect$$rtentry$$0000000D))
<BR><BR>[Stack]<UL><LI>Max Depth = 180 + Unknown Stack Size
<LI>Call Chain = __rt_entry_main &rArr; main &rArr; menu_switch_key &rArr; judge_the_app &rArr; display_clock &rArr; clock_JudgeDisplayMode &rArr; clock_DisplaySize_24 &rArr; oled_show_num &rArr; oled_show_char &rArr; oled_draw_point
</UL>
<BR>[Calls]<UL><LI><a href="#[8a]">&gt;&gt;</a>&nbsp;&nbsp;&nbsp;main
<LI><a href="#[8b]">&gt;&gt;</a>&nbsp;&nbsp;&nbsp;exit
</UL>

<P><STRONG><a name="[139]"></a>__rt_entry_postli_1</STRONG> (Thumb, 0 bytes, Stack size unknown bytes, __rtentry2.o(.ARM.Collect$$rtentry$$0000000C))

<P><STRONG><a name="[9e]"></a>__rt_exit</STRONG> (Thumb, 0 bytes, Stack size unknown bytes, rtexit.o(.ARM.Collect$$rtexit$$00000000))
<BR><BR>[Called By]<UL><LI><a href="#[8b]">&gt;&gt;</a>&nbsp;&nbsp;&nbsp;exit
</UL>

<P><STRONG><a name="[8c]"></a>__rt_exit_ls</STRONG> (Thumb, 0 bytes, Stack size unknown bytes, rtexit2.o(.ARM.Collect$$rtexit$$00000003))
<BR><BR>[Calls]<UL><LI><a href="#[8d]">&gt;&gt;</a>&nbsp;&nbsp;&nbsp;__rt_lib_shutdown
</UL>

<P><STRONG><a name="[13a]"></a>__rt_exit_prels_1</STRONG> (Thumb, 0 bytes, Stack size unknown bytes, rtexit2.o(.ARM.Collect$$rtexit$$00000002))

<P><STRONG><a name="[8e]"></a>__rt_exit_exit</STRONG> (Thumb, 0 bytes, Stack size unknown bytes, rtexit2.o(.ARM.Collect$$rtexit$$00000004))
<BR><BR>[Calls]<UL><LI><a href="#[8f]">&gt;&gt;</a>&nbsp;&nbsp;&nbsp;_sys_exit
</UL>

<P><STRONG><a name="[f]"></a>Reset_Handler</STRONG> (Thumb, 8 bytes, Stack size 0 bytes, startup_gd32f450_470.o(.text))
<BR>[Address Reference Count : 1]<UL><LI> startup_gd32f450_470.o(RESET)
</UL>
<P><STRONG><a name="[2b]"></a>ADC_IRQHandler</STRONG> (Thumb, 0 bytes, Stack size 0 bytes, startup_gd32f450_470.o(.text))
<BR><BR>[Calls]<UL><LI><a href="#[2b]">&gt;&gt;</a>&nbsp;&nbsp;&nbsp;ADC_IRQHandler
</UL>
<BR>[Called By]<UL><LI><a href="#[2b]">&gt;&gt;</a>&nbsp;&nbsp;&nbsp;ADC_IRQHandler
</UL>
<BR>[Address Reference Count : 1]<UL><LI> startup_gd32f450_470.o(RESET)
</UL>
<P><STRONG><a name="[2f]"></a>CAN0_EWMC_IRQHandler</STRONG> (Thumb, 0 bytes, Stack size 0 bytes, startup_gd32f450_470.o(.text))
<BR>[Address Reference Count : 1]<UL><LI> startup_gd32f450_470.o(RESET)
</UL>
<P><STRONG><a name="[2d]"></a>CAN0_RX0_IRQHandler</STRONG> (Thumb, 0 bytes, Stack size 0 bytes, startup_gd32f450_470.o(.text))
<BR>[Address Reference Count : 1]<UL><LI> startup_gd32f450_470.o(RESET)
</UL>
<P><STRONG><a name="[2e]"></a>CAN0_RX1_IRQHandler</STRONG> (Thumb, 0 bytes, Stack size 0 bytes, startup_gd32f450_470.o(.text))
<BR>[Address Reference Count : 1]<UL><LI> startup_gd32f450_470.o(RESET)
</UL>
<P><STRONG><a name="[2c]"></a>CAN0_TX_IRQHandler</STRONG> (Thumb, 0 bytes, Stack size 0 bytes, startup_gd32f450_470.o(.text))
<BR>[Address Reference Count : 1]<UL><LI> startup_gd32f450_470.o(RESET)
</UL>
<P><STRONG><a name="[5b]"></a>CAN1_EWMC_IRQHandler</STRONG> (Thumb, 0 bytes, Stack size 0 bytes, startup_gd32f450_470.o(.text))
<BR>[Address Reference Count : 1]<UL><LI> startup_gd32f450_470.o(RESET)
</UL>
<P><STRONG><a name="[59]"></a>CAN1_RX0_IRQHandler</STRONG> (Thumb, 0 bytes, Stack size 0 bytes, startup_gd32f450_470.o(.text))
<BR>[Address Reference Count : 1]<UL><LI> startup_gd32f450_470.o(RESET)
</UL>
<P><STRONG><a name="[5a]"></a>CAN1_RX1_IRQHandler</STRONG> (Thumb, 0 bytes, Stack size 0 bytes, startup_gd32f450_470.o(.text))
<BR>[Address Reference Count : 1]<UL><LI> startup_gd32f450_470.o(RESET)
</UL>
<P><STRONG><a name="[58]"></a>CAN1_TX_IRQHandler</STRONG> (Thumb, 0 bytes, Stack size 0 bytes, startup_gd32f450_470.o(.text))
<BR>[Address Reference Count : 1]<UL><LI> startup_gd32f450_470.o(RESET)
</UL>
<P><STRONG><a name="[67]"></a>DCI_IRQHandler</STRONG> (Thumb, 0 bytes, Stack size 0 bytes, startup_gd32f450_470.o(.text))
<BR>[Address Reference Count : 1]<UL><LI> startup_gd32f450_470.o(RESET)
</UL>
<P><STRONG><a name="[24]"></a>DMA0_Channel0_IRQHandler</STRONG> (Thumb, 0 bytes, Stack size 0 bytes, startup_gd32f450_470.o(.text))
<BR>[Address Reference Count : 1]<UL><LI> startup_gd32f450_470.o(RESET)
</UL>
<P><STRONG><a name="[25]"></a>DMA0_Channel1_IRQHandler</STRONG> (Thumb, 0 bytes, Stack size 0 bytes, startup_gd32f450_470.o(.text))
<BR>[Address Reference Count : 1]<UL><LI> startup_gd32f450_470.o(RESET)
</UL>
<P><STRONG><a name="[26]"></a>DMA0_Channel2_IRQHandler</STRONG> (Thumb, 0 bytes, Stack size 0 bytes, startup_gd32f450_470.o(.text))
<BR>[Address Reference Count : 1]<UL><LI> startup_gd32f450_470.o(RESET)
</UL>
<P><STRONG><a name="[27]"></a>DMA0_Channel3_IRQHandler</STRONG> (Thumb, 0 bytes, Stack size 0 bytes, startup_gd32f450_470.o(.text))
<BR>[Address Reference Count : 1]<UL><LI> startup_gd32f450_470.o(RESET)
</UL>
<P><STRONG><a name="[28]"></a>DMA0_Channel4_IRQHandler</STRONG> (Thumb, 0 bytes, Stack size 0 bytes, startup_gd32f450_470.o(.text))
<BR>[Address Reference Count : 1]<UL><LI> startup_gd32f450_470.o(RESET)
</UL>
<P><STRONG><a name="[29]"></a>DMA0_Channel5_IRQHandler</STRONG> (Thumb, 0 bytes, Stack size 0 bytes, startup_gd32f450_470.o(.text))
<BR>[Address Reference Count : 1]<UL><LI> startup_gd32f450_470.o(RESET)
</UL>
<P><STRONG><a name="[2a]"></a>DMA0_Channel6_IRQHandler</STRONG> (Thumb, 0 bytes, Stack size 0 bytes, startup_gd32f450_470.o(.text))
<BR>[Address Reference Count : 1]<UL><LI> startup_gd32f450_470.o(RESET)
</UL>
<P><STRONG><a name="[48]"></a>DMA0_Channel7_IRQHandler</STRONG> (Thumb, 0 bytes, Stack size 0 bytes, startup_gd32f450_470.o(.text))
<BR>[Address Reference Count : 1]<UL><LI> startup_gd32f450_470.o(RESET)
</UL>
<P><STRONG><a name="[51]"></a>DMA1_Channel0_IRQHandler</STRONG> (Thumb, 0 bytes, Stack size 0 bytes, startup_gd32f450_470.o(.text))
<BR>[Address Reference Count : 1]<UL><LI> startup_gd32f450_470.o(RESET)
</UL>
<P><STRONG><a name="[52]"></a>DMA1_Channel1_IRQHandler</STRONG> (Thumb, 0 bytes, Stack size 0 bytes, startup_gd32f450_470.o(.text))
<BR>[Address Reference Count : 1]<UL><LI> startup_gd32f450_470.o(RESET)
</UL>
<P><STRONG><a name="[53]"></a>DMA1_Channel2_IRQHandler</STRONG> (Thumb, 0 bytes, Stack size 0 bytes, startup_gd32f450_470.o(.text))
<BR>[Address Reference Count : 1]<UL><LI> startup_gd32f450_470.o(RESET)
</UL>
<P><STRONG><a name="[54]"></a>DMA1_Channel3_IRQHandler</STRONG> (Thumb, 0 bytes, Stack size 0 bytes, startup_gd32f450_470.o(.text))
<BR>[Address Reference Count : 1]<UL><LI> startup_gd32f450_470.o(RESET)
</UL>
<P><STRONG><a name="[55]"></a>DMA1_Channel4_IRQHandler</STRONG> (Thumb, 0 bytes, Stack size 0 bytes, startup_gd32f450_470.o(.text))
<BR>[Address Reference Count : 1]<UL><LI> startup_gd32f450_470.o(RESET)
</UL>
<P><STRONG><a name="[5d]"></a>DMA1_Channel5_IRQHandler</STRONG> (Thumb, 0 bytes, Stack size 0 bytes, startup_gd32f450_470.o(.text))
<BR>[Address Reference Count : 1]<UL><LI> startup_gd32f450_470.o(RESET)
</UL>
<P><STRONG><a name="[5e]"></a>DMA1_Channel6_IRQHandler</STRONG> (Thumb, 0 bytes, Stack size 0 bytes, startup_gd32f450_470.o(.text))
<BR>[Address Reference Count : 1]<UL><LI> startup_gd32f450_470.o(RESET)
</UL>
<P><STRONG><a name="[5f]"></a>DMA1_Channel7_IRQHandler</STRONG> (Thumb, 0 bytes, Stack size 0 bytes, startup_gd32f450_470.o(.text))
<BR>[Address Reference Count : 1]<UL><LI> startup_gd32f450_470.o(RESET)
</UL>
<P><STRONG><a name="[56]"></a>ENET_IRQHandler</STRONG> (Thumb, 0 bytes, Stack size 0 bytes, startup_gd32f450_470.o(.text))
<BR>[Address Reference Count : 1]<UL><LI> startup_gd32f450_470.o(RESET)
</UL>
<P><STRONG><a name="[57]"></a>ENET_WKUP_IRQHandler</STRONG> (Thumb, 0 bytes, Stack size 0 bytes, startup_gd32f450_470.o(.text))
<BR>[Address Reference Count : 1]<UL><LI> startup_gd32f450_470.o(RESET)
</UL>
<P><STRONG><a name="[49]"></a>EXMC_IRQHandler</STRONG> (Thumb, 0 bytes, Stack size 0 bytes, startup_gd32f450_470.o(.text))
<BR>[Address Reference Count : 1]<UL><LI> startup_gd32f450_470.o(RESET)
</UL>
<P><STRONG><a name="[1f]"></a>EXTI0_IRQHandler</STRONG> (Thumb, 0 bytes, Stack size 0 bytes, startup_gd32f450_470.o(.text))
<BR>[Address Reference Count : 1]<UL><LI> startup_gd32f450_470.o(RESET)
</UL>
<P><STRONG><a name="[41]"></a>EXTI10_15_IRQHandler</STRONG> (Thumb, 0 bytes, Stack size 0 bytes, startup_gd32f450_470.o(.text))
<BR>[Address Reference Count : 1]<UL><LI> startup_gd32f450_470.o(RESET)
</UL>
<P><STRONG><a name="[20]"></a>EXTI1_IRQHandler</STRONG> (Thumb, 0 bytes, Stack size 0 bytes, startup_gd32f450_470.o(.text))
<BR>[Address Reference Count : 1]<UL><LI> startup_gd32f450_470.o(RESET)
</UL>
<P><STRONG><a name="[21]"></a>EXTI2_IRQHandler</STRONG> (Thumb, 0 bytes, Stack size 0 bytes, startup_gd32f450_470.o(.text))
<BR>[Address Reference Count : 1]<UL><LI> startup_gd32f450_470.o(RESET)
</UL>
<P><STRONG><a name="[22]"></a>EXTI3_IRQHandler</STRONG> (Thumb, 0 bytes, Stack size 0 bytes, startup_gd32f450_470.o(.text))
<BR>[Address Reference Count : 1]<UL><LI> startup_gd32f450_470.o(RESET)
</UL>
<P><STRONG><a name="[23]"></a>EXTI4_IRQHandler</STRONG> (Thumb, 0 bytes, Stack size 0 bytes, startup_gd32f450_470.o(.text))
<BR>[Address Reference Count : 1]<UL><LI> startup_gd32f450_470.o(RESET)
</UL>
<P><STRONG><a name="[30]"></a>EXTI5_9_IRQHandler</STRONG> (Thumb, 0 bytes, Stack size 0 bytes, startup_gd32f450_470.o(.text))
<BR>[Address Reference Count : 1]<UL><LI> startup_gd32f450_470.o(RESET)
</UL>
<P><STRONG><a name="[1d]"></a>FMC_IRQHandler</STRONG> (Thumb, 0 bytes, Stack size 0 bytes, startup_gd32f450_470.o(.text))
<BR>[Address Reference Count : 1]<UL><LI> startup_gd32f450_470.o(RESET)
</UL>
<P><STRONG><a name="[69]"></a>FPU_IRQHandler</STRONG> (Thumb, 0 bytes, Stack size 0 bytes, startup_gd32f450_470.o(.text))
<BR>[Address Reference Count : 1]<UL><LI> startup_gd32f450_470.o(RESET)
</UL>
<P><STRONG><a name="[39]"></a>I2C0_ER_IRQHandler</STRONG> (Thumb, 0 bytes, Stack size 0 bytes, startup_gd32f450_470.o(.text))
<BR>[Address Reference Count : 1]<UL><LI> startup_gd32f450_470.o(RESET)
</UL>
<P><STRONG><a name="[38]"></a>I2C0_EV_IRQHandler</STRONG> (Thumb, 0 bytes, Stack size 0 bytes, startup_gd32f450_470.o(.text))
<BR>[Address Reference Count : 1]<UL><LI> startup_gd32f450_470.o(RESET)
</UL>
<P><STRONG><a name="[3b]"></a>I2C1_ER_IRQHandler</STRONG> (Thumb, 0 bytes, Stack size 0 bytes, startup_gd32f450_470.o(.text))
<BR>[Address Reference Count : 1]<UL><LI> startup_gd32f450_470.o(RESET)
</UL>
<P><STRONG><a name="[3a]"></a>I2C1_EV_IRQHandler</STRONG> (Thumb, 0 bytes, Stack size 0 bytes, startup_gd32f450_470.o(.text))
<BR>[Address Reference Count : 1]<UL><LI> startup_gd32f450_470.o(RESET)
</UL>
<P><STRONG><a name="[62]"></a>I2C2_ER_IRQHandler</STRONG> (Thumb, 0 bytes, Stack size 0 bytes, startup_gd32f450_470.o(.text))
<BR>[Address Reference Count : 1]<UL><LI> startup_gd32f450_470.o(RESET)
</UL>
<P><STRONG><a name="[61]"></a>I2C2_EV_IRQHandler</STRONG> (Thumb, 0 bytes, Stack size 0 bytes, startup_gd32f450_470.o(.text))
<BR>[Address Reference Count : 1]<UL><LI> startup_gd32f450_470.o(RESET)
</UL>
<P><STRONG><a name="[71]"></a>IPA_IRQHandler</STRONG> (Thumb, 0 bytes, Stack size 0 bytes, startup_gd32f450_470.o(.text))
<BR>[Address Reference Count : 1]<UL><LI> startup_gd32f450_470.o(RESET)
</UL>
<P><STRONG><a name="[1a]"></a>LVD_IRQHandler</STRONG> (Thumb, 0 bytes, Stack size 0 bytes, startup_gd32f450_470.o(.text))
<BR>[Address Reference Count : 1]<UL><LI> startup_gd32f450_470.o(RESET)
</UL>
<P><STRONG><a name="[1e]"></a>RCU_CTC_IRQHandler</STRONG> (Thumb, 0 bytes, Stack size 0 bytes, startup_gd32f450_470.o(.text))
<BR>[Address Reference Count : 1]<UL><LI> startup_gd32f450_470.o(RESET)
</UL>
<P><STRONG><a name="[4a]"></a>SDIO_IRQHandler</STRONG> (Thumb, 0 bytes, Stack size 0 bytes, startup_gd32f450_470.o(.text))
<BR>[Address Reference Count : 1]<UL><LI> startup_gd32f450_470.o(RESET)
</UL>
<P><STRONG><a name="[3c]"></a>SPI0_IRQHandler</STRONG> (Thumb, 0 bytes, Stack size 0 bytes, startup_gd32f450_470.o(.text))
<BR>[Address Reference Count : 1]<UL><LI> startup_gd32f450_470.o(RESET)
</UL>
<P><STRONG><a name="[3d]"></a>SPI1_IRQHandler</STRONG> (Thumb, 0 bytes, Stack size 0 bytes, startup_gd32f450_470.o(.text))
<BR>[Address Reference Count : 1]<UL><LI> startup_gd32f450_470.o(RESET)
</UL>
<P><STRONG><a name="[4c]"></a>SPI2_IRQHandler</STRONG> (Thumb, 0 bytes, Stack size 0 bytes, startup_gd32f450_470.o(.text))
<BR>[Address Reference Count : 1]<UL><LI> startup_gd32f450_470.o(RESET)
</UL>
<P><STRONG><a name="[6c]"></a>SPI3_IRQHandler</STRONG> (Thumb, 0 bytes, Stack size 0 bytes, startup_gd32f450_470.o(.text))
<BR>[Address Reference Count : 1]<UL><LI> startup_gd32f450_470.o(RESET)
</UL>
<P><STRONG><a name="[6d]"></a>SPI4_IRQHandler</STRONG> (Thumb, 0 bytes, Stack size 0 bytes, startup_gd32f450_470.o(.text))
<BR>[Address Reference Count : 1]<UL><LI> startup_gd32f450_470.o(RESET)
</UL>
<P><STRONG><a name="[6e]"></a>SPI5_IRQHandler</STRONG> (Thumb, 0 bytes, Stack size 0 bytes, startup_gd32f450_470.o(.text))
<BR>[Address Reference Count : 1]<UL><LI> startup_gd32f450_470.o(RESET)
</UL>
<P><STRONG><a name="[1b]"></a>TAMPER_STAMP_IRQHandler</STRONG> (Thumb, 0 bytes, Stack size 0 bytes, startup_gd32f450_470.o(.text))
<BR>[Address Reference Count : 1]<UL><LI> startup_gd32f450_470.o(RESET)
</UL>
<P><STRONG><a name="[31]"></a>TIMER0_BRK_TIMER8_IRQHandler</STRONG> (Thumb, 0 bytes, Stack size 0 bytes, startup_gd32f450_470.o(.text))
<BR>[Address Reference Count : 1]<UL><LI> startup_gd32f450_470.o(RESET)
</UL>
<P><STRONG><a name="[34]"></a>TIMER0_Channel_IRQHandler</STRONG> (Thumb, 0 bytes, Stack size 0 bytes, startup_gd32f450_470.o(.text))
<BR>[Address Reference Count : 1]<UL><LI> startup_gd32f450_470.o(RESET)
</UL>
<P><STRONG><a name="[33]"></a>TIMER0_TRG_CMT_TIMER10_IRQHandler</STRONG> (Thumb, 0 bytes, Stack size 0 bytes, startup_gd32f450_470.o(.text))
<BR>[Address Reference Count : 1]<UL><LI> startup_gd32f450_470.o(RESET)
</UL>
<P><STRONG><a name="[32]"></a>TIMER0_UP_TIMER9_IRQHandler</STRONG> (Thumb, 0 bytes, Stack size 0 bytes, startup_gd32f450_470.o(.text))
<BR>[Address Reference Count : 1]<UL><LI> startup_gd32f450_470.o(RESET)
</UL>
<P><STRONG><a name="[35]"></a>TIMER1_IRQHandler</STRONG> (Thumb, 0 bytes, Stack size 0 bytes, startup_gd32f450_470.o(.text))
<BR>[Address Reference Count : 1]<UL><LI> startup_gd32f450_470.o(RESET)
</UL>
<P><STRONG><a name="[36]"></a>TIMER2_IRQHandler</STRONG> (Thumb, 0 bytes, Stack size 0 bytes, startup_gd32f450_470.o(.text))
<BR>[Address Reference Count : 1]<UL><LI> startup_gd32f450_470.o(RESET)
</UL>
<P><STRONG><a name="[4b]"></a>TIMER4_IRQHandler</STRONG> (Thumb, 0 bytes, Stack size 0 bytes, startup_gd32f450_470.o(.text))
<BR>[Address Reference Count : 1]<UL><LI> startup_gd32f450_470.o(RESET)
</UL>
<P><STRONG><a name="[4f]"></a>TIMER5_DAC_IRQHandler</STRONG> (Thumb, 0 bytes, Stack size 0 bytes, startup_gd32f450_470.o(.text))
<BR>[Address Reference Count : 1]<UL><LI> startup_gd32f450_470.o(RESET)
</UL>
<P><STRONG><a name="[50]"></a>TIMER6_IRQHandler</STRONG> (Thumb, 0 bytes, Stack size 0 bytes, startup_gd32f450_470.o(.text))
<BR>[Address Reference Count : 1]<UL><LI> startup_gd32f450_470.o(RESET)
</UL>
<P><STRONG><a name="[44]"></a>TIMER7_BRK_TIMER11_IRQHandler</STRONG> (Thumb, 0 bytes, Stack size 0 bytes, startup_gd32f450_470.o(.text))
<BR>[Address Reference Count : 1]<UL><LI> startup_gd32f450_470.o(RESET)
</UL>
<P><STRONG><a name="[47]"></a>TIMER7_Channel_IRQHandler</STRONG> (Thumb, 0 bytes, Stack size 0 bytes, startup_gd32f450_470.o(.text))
<BR>[Address Reference Count : 1]<UL><LI> startup_gd32f450_470.o(RESET)
</UL>
<P><STRONG><a name="[46]"></a>TIMER7_TRG_CMT_TIMER13_IRQHandler</STRONG> (Thumb, 0 bytes, Stack size 0 bytes, startup_gd32f450_470.o(.text))
<BR>[Address Reference Count : 1]<UL><LI> startup_gd32f450_470.o(RESET)
</UL>
<P><STRONG><a name="[45]"></a>TIMER7_UP_TIMER12_IRQHandler</STRONG> (Thumb, 0 bytes, Stack size 0 bytes, startup_gd32f450_470.o(.text))
<BR>[Address Reference Count : 1]<UL><LI> startup_gd32f450_470.o(RESET)
</UL>
<P><STRONG><a name="[70]"></a>TLI_ER_IRQHandler</STRONG> (Thumb, 0 bytes, Stack size 0 bytes, startup_gd32f450_470.o(.text))
<BR>[Address Reference Count : 1]<UL><LI> startup_gd32f450_470.o(RESET)
</UL>
<P><STRONG><a name="[6f]"></a>TLI_IRQHandler</STRONG> (Thumb, 0 bytes, Stack size 0 bytes, startup_gd32f450_470.o(.text))
<BR>[Address Reference Count : 1]<UL><LI> startup_gd32f450_470.o(RESET)
</UL>
<P><STRONG><a name="[68]"></a>TRNG_IRQHandler</STRONG> (Thumb, 0 bytes, Stack size 0 bytes, startup_gd32f450_470.o(.text))
<BR>[Address Reference Count : 1]<UL><LI> startup_gd32f450_470.o(RESET)
</UL>
<P><STRONG><a name="[4d]"></a>UART3_IRQHandler</STRONG> (Thumb, 0 bytes, Stack size 0 bytes, startup_gd32f450_470.o(.text))
<BR>[Address Reference Count : 1]<UL><LI> startup_gd32f450_470.o(RESET)
</UL>
<P><STRONG><a name="[4e]"></a>UART4_IRQHandler</STRONG> (Thumb, 0 bytes, Stack size 0 bytes, startup_gd32f450_470.o(.text))
<BR>[Address Reference Count : 1]<UL><LI> startup_gd32f450_470.o(RESET)
</UL>
<P><STRONG><a name="[6a]"></a>UART6_IRQHandler</STRONG> (Thumb, 0 bytes, Stack size 0 bytes, startup_gd32f450_470.o(.text))
<BR>[Address Reference Count : 1]<UL><LI> startup_gd32f450_470.o(RESET)
</UL>
<P><STRONG><a name="[6b]"></a>UART7_IRQHandler</STRONG> (Thumb, 0 bytes, Stack size 0 bytes, startup_gd32f450_470.o(.text))
<BR>[Address Reference Count : 1]<UL><LI> startup_gd32f450_470.o(RESET)
</UL>
<P><STRONG><a name="[3f]"></a>USART1_IRQHandler</STRONG> (Thumb, 0 bytes, Stack size 0 bytes, startup_gd32f450_470.o(.text))
<BR>[Address Reference Count : 1]<UL><LI> startup_gd32f450_470.o(RESET)
</UL>
<P><STRONG><a name="[40]"></a>USART2_IRQHandler</STRONG> (Thumb, 0 bytes, Stack size 0 bytes, startup_gd32f450_470.o(.text))
<BR>[Address Reference Count : 1]<UL><LI> startup_gd32f450_470.o(RESET)
</UL>
<P><STRONG><a name="[60]"></a>USART5_IRQHandler</STRONG> (Thumb, 0 bytes, Stack size 0 bytes, startup_gd32f450_470.o(.text))
<BR>[Address Reference Count : 1]<UL><LI> startup_gd32f450_470.o(RESET)
</UL>
<P><STRONG><a name="[5c]"></a>USBFS_IRQHandler</STRONG> (Thumb, 0 bytes, Stack size 0 bytes, startup_gd32f450_470.o(.text))
<BR>[Address Reference Count : 1]<UL><LI> startup_gd32f450_470.o(RESET)
</UL>
<P><STRONG><a name="[43]"></a>USBFS_WKUP_IRQHandler</STRONG> (Thumb, 0 bytes, Stack size 0 bytes, startup_gd32f450_470.o(.text))
<BR>[Address Reference Count : 1]<UL><LI> startup_gd32f450_470.o(RESET)
</UL>
<P><STRONG><a name="[64]"></a>USBHS_EP1_In_IRQHandler</STRONG> (Thumb, 0 bytes, Stack size 0 bytes, startup_gd32f450_470.o(.text))
<BR>[Address Reference Count : 1]<UL><LI> startup_gd32f450_470.o(RESET)
</UL>
<P><STRONG><a name="[63]"></a>USBHS_EP1_Out_IRQHandler</STRONG> (Thumb, 0 bytes, Stack size 0 bytes, startup_gd32f450_470.o(.text))
<BR>[Address Reference Count : 1]<UL><LI> startup_gd32f450_470.o(RESET)
</UL>
<P><STRONG><a name="[66]"></a>USBHS_IRQHandler</STRONG> (Thumb, 0 bytes, Stack size 0 bytes, startup_gd32f450_470.o(.text))
<BR>[Address Reference Count : 1]<UL><LI> startup_gd32f450_470.o(RESET)
</UL>
<P><STRONG><a name="[65]"></a>USBHS_WKUP_IRQHandler</STRONG> (Thumb, 0 bytes, Stack size 0 bytes, startup_gd32f450_470.o(.text))
<BR>[Address Reference Count : 1]<UL><LI> startup_gd32f450_470.o(RESET)
</UL>
<P><STRONG><a name="[19]"></a>WWDGT_IRQHandler</STRONG> (Thumb, 0 bytes, Stack size 0 bytes, startup_gd32f450_470.o(.text))
<BR>[Address Reference Count : 1]<UL><LI> startup_gd32f450_470.o(RESET)
</UL>
<P><STRONG><a name="[9d]"></a>__user_initial_stackheap</STRONG> (Thumb, 10 bytes, Stack size 0 bytes, startup_gd32f450_470.o(.text))
<BR><BR>[Called By]<UL><LI><a href="#[86]">&gt;&gt;</a>&nbsp;&nbsp;&nbsp;__user_setup_stackheap
</UL>

<P><STRONG><a name="[13b]"></a>__use_no_semihosting</STRONG> (Thumb, 2 bytes, Stack size 0 bytes, use_no_semi_2.o(.text), UNUSED)

<P><STRONG><a name="[90]"></a>__2printf</STRONG> (Thumb, 20 bytes, Stack size 24 bytes, noretval__2printf.o(.text))
<BR><BR>[Stack]<UL><LI>Max Depth = 144 + Unknown Stack Size
<LI>Call Chain = __2printf &rArr; _printf_char_file &rArr; _printf_char_common &rArr; __printf
</UL>
<BR>[Calls]<UL><LI><a href="#[91]">&gt;&gt;</a>&nbsp;&nbsp;&nbsp;_printf_char_file
</UL>
<BR>[Called By]<UL><LI><a href="#[cd]">&gt;&gt;</a>&nbsp;&nbsp;&nbsp;menu_switch_key
<LI><a href="#[42]">&gt;&gt;</a>&nbsp;&nbsp;&nbsp;RTC_Alarm_IRQHandler
<LI><a href="#[10d]">&gt;&gt;</a>&nbsp;&nbsp;&nbsp;usmart_sys_cmd_exe
<LI><a href="#[e]">&gt;&gt;</a>&nbsp;&nbsp;&nbsp;usmart_scan
<LI><a href="#[d]">&gt;&gt;</a>&nbsp;&nbsp;&nbsp;usmart_exe
</UL>

<P><STRONG><a name="[93]"></a>_printf_pre_padding</STRONG> (Thumb, 44 bytes, Stack size 16 bytes, _printf_pad.o(.text))
<BR><BR>[Stack]<UL><LI>Max Depth = 16<LI>Call Chain = _printf_pre_padding
</UL>
<BR>[Called By]<UL><LI><a href="#[95]">&gt;&gt;</a>&nbsp;&nbsp;&nbsp;_printf_int_common
<LI><a href="#[92]">&gt;&gt;</a>&nbsp;&nbsp;&nbsp;_printf_str
</UL>

<P><STRONG><a name="[94]"></a>_printf_post_padding</STRONG> (Thumb, 34 bytes, Stack size 16 bytes, _printf_pad.o(.text))
<BR><BR>[Stack]<UL><LI>Max Depth = 16<LI>Call Chain = _printf_post_padding
</UL>
<BR>[Called By]<UL><LI><a href="#[95]">&gt;&gt;</a>&nbsp;&nbsp;&nbsp;_printf_int_common
<LI><a href="#[92]">&gt;&gt;</a>&nbsp;&nbsp;&nbsp;_printf_str
</UL>

<P><STRONG><a name="[92]"></a>_printf_str</STRONG> (Thumb, 82 bytes, Stack size 16 bytes, _printf_str.o(.text))
<BR><BR>[Stack]<UL><LI>Max Depth = 32<LI>Call Chain = _printf_str &rArr; _printf_post_padding
</UL>
<BR>[Calls]<UL><LI><a href="#[94]">&gt;&gt;</a>&nbsp;&nbsp;&nbsp;_printf_post_padding
<LI><a href="#[93]">&gt;&gt;</a>&nbsp;&nbsp;&nbsp;_printf_pre_padding
</UL>
<BR>[Called By]<UL><LI><a href="#[99]">&gt;&gt;</a>&nbsp;&nbsp;&nbsp;_printf_cs_common
</UL>

<P><STRONG><a name="[7b]"></a>_printf_int_dec</STRONG> (Thumb, 104 bytes, Stack size 24 bytes, _printf_dec.o(.text))
<BR><BR>[Stack]<UL><LI>Max Depth = 72<LI>Call Chain = _printf_int_dec &rArr; _printf_int_common &rArr; _printf_post_padding
</UL>
<BR>[Calls]<UL><LI><a href="#[95]">&gt;&gt;</a>&nbsp;&nbsp;&nbsp;_printf_int_common
</UL>
<BR>[Called By]<UL><LI><a href="#[7c]">&gt;&gt;</a>&nbsp;&nbsp;&nbsp;_printf_u
<LI><a href="#[7a]">&gt;&gt;</a>&nbsp;&nbsp;&nbsp;_printf_d
</UL>

<P><STRONG><a name="[7e]"></a>_printf_int_hex</STRONG> (Thumb, 84 bytes, Stack size 16 bytes, _printf_hex_int.o(.text))
<BR><BR>[Stack]<UL><LI>Max Depth = 64<LI>Call Chain = _printf_int_hex &rArr; _printf_int_common &rArr; _printf_post_padding
</UL>
<BR>[Calls]<UL><LI><a href="#[95]">&gt;&gt;</a>&nbsp;&nbsp;&nbsp;_printf_int_common
</UL>
<BR>[Called By]<UL><LI><a href="#[7d]">&gt;&gt;</a>&nbsp;&nbsp;&nbsp;_printf_x
</UL>

<P><STRONG><a name="[13c]"></a>_printf_longlong_hex</STRONG> (Thumb, 0 bytes, Stack size 16 bytes, _printf_hex_int.o(.text), UNUSED)

<P><STRONG><a name="[96]"></a>__printf</STRONG> (Thumb, 388 bytes, Stack size 40 bytes, __printf_flags_ss_wp.o(.text))
<BR><BR>[Stack]<UL><LI>Max Depth = 40 + Unknown Stack Size
<LI>Call Chain = __printf
</UL>
<BR>[Calls]<UL><LI><a href="#[98]">&gt;&gt;</a>&nbsp;&nbsp;&nbsp;_printf_percent
<LI><a href="#[97]">&gt;&gt;</a>&nbsp;&nbsp;&nbsp;_is_digit
</UL>
<BR>[Called By]<UL><LI><a href="#[9a]">&gt;&gt;</a>&nbsp;&nbsp;&nbsp;_printf_char_common
</UL>

<P><STRONG><a name="[c2]"></a>strcmp</STRONG> (Thumb, 128 bytes, Stack size 0 bytes, strcmpv7m.o(.text))
<BR><BR>[Called By]<UL><LI><a href="#[c1]">&gt;&gt;</a>&nbsp;&nbsp;&nbsp;judge_the_app
</UL>

<P><STRONG><a name="[13d]"></a>__use_two_region_memory</STRONG> (Thumb, 2 bytes, Stack size 0 bytes, heapauxi.o(.text), UNUSED)

<P><STRONG><a name="[13e]"></a>__rt_heap_escrow$2region</STRONG> (Thumb, 2 bytes, Stack size 0 bytes, heapauxi.o(.text), UNUSED)

<P><STRONG><a name="[13f]"></a>__rt_heap_expand$2region</STRONG> (Thumb, 2 bytes, Stack size 0 bytes, heapauxi.o(.text), UNUSED)

<P><STRONG><a name="[140]"></a>__semihosting$guard</STRONG> (Thumb, 0 bytes, Stack size 0 bytes, use_no_semi.o(.text), UNUSED)

<P><STRONG><a name="[141]"></a>__use_no_semihosting_swi</STRONG> (Thumb, 2 bytes, Stack size 0 bytes, use_no_semi.o(.text), UNUSED)

<P><STRONG><a name="[95]"></a>_printf_int_common</STRONG> (Thumb, 178 bytes, Stack size 32 bytes, _printf_intcommon.o(.text))
<BR><BR>[Stack]<UL><LI>Max Depth = 48<LI>Call Chain = _printf_int_common &rArr; _printf_post_padding
</UL>
<BR>[Calls]<UL><LI><a href="#[94]">&gt;&gt;</a>&nbsp;&nbsp;&nbsp;_printf_post_padding
<LI><a href="#[93]">&gt;&gt;</a>&nbsp;&nbsp;&nbsp;_printf_pre_padding
</UL>
<BR>[Called By]<UL><LI><a href="#[7e]">&gt;&gt;</a>&nbsp;&nbsp;&nbsp;_printf_int_hex
<LI><a href="#[7b]">&gt;&gt;</a>&nbsp;&nbsp;&nbsp;_printf_int_dec
</UL>

<P><STRONG><a name="[99]"></a>_printf_cs_common</STRONG> (Thumb, 20 bytes, Stack size 8 bytes, _printf_char.o(.text))
<BR><BR>[Stack]<UL><LI>Max Depth = 40<LI>Call Chain = _printf_cs_common &rArr; _printf_str &rArr; _printf_post_padding
</UL>
<BR>[Calls]<UL><LI><a href="#[92]">&gt;&gt;</a>&nbsp;&nbsp;&nbsp;_printf_str
</UL>
<BR>[Called By]<UL><LI><a href="#[82]">&gt;&gt;</a>&nbsp;&nbsp;&nbsp;_printf_string
<LI><a href="#[80]">&gt;&gt;</a>&nbsp;&nbsp;&nbsp;_printf_char
</UL>

<P><STRONG><a name="[80]"></a>_printf_char</STRONG> (Thumb, 16 bytes, Stack size 0 bytes, _printf_char.o(.text))
<BR><BR>[Stack]<UL><LI>Max Depth = 40<LI>Call Chain = _printf_char &rArr; _printf_cs_common &rArr; _printf_str &rArr; _printf_post_padding
</UL>
<BR>[Calls]<UL><LI><a href="#[99]">&gt;&gt;</a>&nbsp;&nbsp;&nbsp;_printf_cs_common
</UL>
<BR>[Called By]<UL><LI><a href="#[7f]">&gt;&gt;</a>&nbsp;&nbsp;&nbsp;_printf_c
</UL>

<P><STRONG><a name="[82]"></a>_printf_string</STRONG> (Thumb, 8 bytes, Stack size 0 bytes, _printf_char.o(.text))
<BR><BR>[Stack]<UL><LI>Max Depth = 40<LI>Call Chain = _printf_string &rArr; _printf_cs_common &rArr; _printf_str &rArr; _printf_post_padding
</UL>
<BR>[Calls]<UL><LI><a href="#[99]">&gt;&gt;</a>&nbsp;&nbsp;&nbsp;_printf_cs_common
</UL>
<BR>[Called By]<UL><LI><a href="#[81]">&gt;&gt;</a>&nbsp;&nbsp;&nbsp;_printf_s
</UL>

<P><STRONG><a name="[91]"></a>_printf_char_file</STRONG> (Thumb, 32 bytes, Stack size 16 bytes, _printf_char_file.o(.text))
<BR><BR>[Stack]<UL><LI>Max Depth = 120 + Unknown Stack Size
<LI>Call Chain = _printf_char_file &rArr; _printf_char_common &rArr; __printf
</UL>
<BR>[Calls]<UL><LI><a href="#[9b]">&gt;&gt;</a>&nbsp;&nbsp;&nbsp;ferror
<LI><a href="#[9a]">&gt;&gt;</a>&nbsp;&nbsp;&nbsp;_printf_char_common
</UL>
<BR>[Called By]<UL><LI><a href="#[90]">&gt;&gt;</a>&nbsp;&nbsp;&nbsp;__2printf
</UL>

<P><STRONG><a name="[9a]"></a>_printf_char_common</STRONG> (Thumb, 32 bytes, Stack size 64 bytes, _printf_char_common.o(.text))
<BR><BR>[Stack]<UL><LI>Max Depth = 104 + Unknown Stack Size
<LI>Call Chain = _printf_char_common &rArr; __printf
</UL>
<BR>[Calls]<UL><LI><a href="#[96]">&gt;&gt;</a>&nbsp;&nbsp;&nbsp;__printf
</UL>
<BR>[Called By]<UL><LI><a href="#[91]">&gt;&gt;</a>&nbsp;&nbsp;&nbsp;_printf_char_file
</UL>

<P><STRONG><a name="[9b]"></a>ferror</STRONG> (Thumb, 8 bytes, Stack size 0 bytes, ferror.o(.text))
<BR><BR>[Called By]<UL><LI><a href="#[91]">&gt;&gt;</a>&nbsp;&nbsp;&nbsp;_printf_char_file
</UL>

<P><STRONG><a name="[86]"></a>__user_setup_stackheap</STRONG> (Thumb, 74 bytes, Stack size 8 bytes, sys_stackheap_outer.o(.text))
<BR><BR>[Stack]<UL><LI>Max Depth = 8<LI>Call Chain = __user_setup_stackheap
</UL>
<BR>[Calls]<UL><LI><a href="#[9d]">&gt;&gt;</a>&nbsp;&nbsp;&nbsp;__user_initial_stackheap
<LI><a href="#[9c]">&gt;&gt;</a>&nbsp;&nbsp;&nbsp;__user_perproc_libspace
</UL>
<BR>[Called By]<UL><LI><a href="#[85]">&gt;&gt;</a>&nbsp;&nbsp;&nbsp;__rt_entry_sh
</UL>

<P><STRONG><a name="[8b]"></a>exit</STRONG> (Thumb, 18 bytes, Stack size 8 bytes, exit.o(.text))
<BR><BR>[Stack]<UL><LI>Max Depth = 8 + Unknown Stack Size
<LI>Call Chain = exit
</UL>
<BR>[Calls]<UL><LI><a href="#[9e]">&gt;&gt;</a>&nbsp;&nbsp;&nbsp;__rt_exit
</UL>
<BR>[Called By]<UL><LI><a href="#[89]">&gt;&gt;</a>&nbsp;&nbsp;&nbsp;__rt_entry_main
</UL>

<P><STRONG><a name="[142]"></a>__user_libspace</STRONG> (Thumb, 8 bytes, Stack size 0 bytes, libspace.o(.text), UNUSED)

<P><STRONG><a name="[9c]"></a>__user_perproc_libspace</STRONG> (Thumb, 0 bytes, Stack size 0 bytes, libspace.o(.text))
<BR><BR>[Called By]<UL><LI><a href="#[86]">&gt;&gt;</a>&nbsp;&nbsp;&nbsp;__user_setup_stackheap
</UL>

<P><STRONG><a name="[143]"></a>__user_perthread_libspace</STRONG> (Thumb, 0 bytes, Stack size 0 bytes, libspace.o(.text), UNUSED)

<P><STRONG><a name="[13]"></a>BusFault_Handler</STRONG> (Thumb, 4 bytes, Stack size 0 bytes, gd32f4xx_it.o(i.BusFault_Handler))
<BR>[Address Reference Count : 1]<UL><LI> startup_gd32f450_470.o(RESET)
</UL>
<P><STRONG><a name="[16]"></a>DebugMon_Handler</STRONG> (Thumb, 4 bytes, Stack size 0 bytes, gd32f4xx_it.o(i.DebugMon_Handler))
<BR>[Address Reference Count : 1]<UL><LI> startup_gd32f450_470.o(RESET)
</UL>
<P><STRONG><a name="[11]"></a>HardFault_Handler</STRONG> (Thumb, 4 bytes, Stack size 0 bytes, gd32f4xx_it.o(i.HardFault_Handler))
<BR>[Address Reference Count : 1]<UL><LI> startup_gd32f450_470.o(RESET)
</UL>
<P><STRONG><a name="[12]"></a>MemManage_Handler</STRONG> (Thumb, 4 bytes, Stack size 0 bytes, gd32f4xx_it.o(i.MemManage_Handler))
<BR>[Address Reference Count : 1]<UL><LI> startup_gd32f450_470.o(RESET)
</UL>
<P><STRONG><a name="[10]"></a>NMI_Handler</STRONG> (Thumb, 4 bytes, Stack size 0 bytes, gd32f4xx_it.o(i.NMI_Handler))
<BR>[Address Reference Count : 1]<UL><LI> startup_gd32f450_470.o(RESET)
</UL>
<P><STRONG><a name="[17]"></a>PendSV_Handler</STRONG> (Thumb, 4 bytes, Stack size 0 bytes, gd32f4xx_it.o(i.PendSV_Handler))
<BR>[Address Reference Count : 1]<UL><LI> startup_gd32f450_470.o(RESET)
</UL>
<P><STRONG><a name="[42]"></a>RTC_Alarm_IRQHandler</STRONG> (Thumb, 36 bytes, Stack size 8 bytes, rtc.o(i.RTC_Alarm_IRQHandler))
<BR><BR>[Stack]<UL><LI>Max Depth = 152 + Unknown Stack Size
<LI>Call Chain = RTC_Alarm_IRQHandler &rArr; __2printf &rArr; _printf_char_file &rArr; _printf_char_common &rArr; __printf
</UL>
<BR>[Calls]<UL><LI><a href="#[a1]">&gt;&gt;</a>&nbsp;&nbsp;&nbsp;exti_flag_clear
<LI><a href="#[9f]">&gt;&gt;</a>&nbsp;&nbsp;&nbsp;rtc_flag_get
<LI><a href="#[a0]">&gt;&gt;</a>&nbsp;&nbsp;&nbsp;rtc_flag_clear
<LI><a href="#[90]">&gt;&gt;</a>&nbsp;&nbsp;&nbsp;__2printf
</UL>
<BR>[Address Reference Count : 1]<UL><LI> startup_gd32f450_470.o(RESET)
</UL>
<P><STRONG><a name="[1c]"></a>RTC_WKUP_IRQHandler</STRONG> (Thumb, 42 bytes, Stack size 8 bytes, rtc.o(i.RTC_WKUP_IRQHandler))
<BR><BR>[Stack]<UL><LI>Max Depth = 8<LI>Call Chain = RTC_WKUP_IRQHandler
</UL>
<BR>[Calls]<UL><LI><a href="#[a2]">&gt;&gt;</a>&nbsp;&nbsp;&nbsp;gpio_bit_toggle
<LI><a href="#[a1]">&gt;&gt;</a>&nbsp;&nbsp;&nbsp;exti_flag_clear
<LI><a href="#[9f]">&gt;&gt;</a>&nbsp;&nbsp;&nbsp;rtc_flag_get
<LI><a href="#[a0]">&gt;&gt;</a>&nbsp;&nbsp;&nbsp;rtc_flag_clear
</UL>
<BR>[Address Reference Count : 1]<UL><LI> startup_gd32f450_470.o(RESET)
</UL>
<P><STRONG><a name="[15]"></a>SVC_Handler</STRONG> (Thumb, 4 bytes, Stack size 0 bytes, gd32f4xx_it.o(i.SVC_Handler))
<BR>[Address Reference Count : 1]<UL><LI> startup_gd32f450_470.o(RESET)
</UL>
<P><STRONG><a name="[18]"></a>SysTick_Handler</STRONG> (Thumb, 2 bytes, Stack size 0 bytes, gd32f4xx_it.o(i.SysTick_Handler))
<BR>[Address Reference Count : 1]<UL><LI> startup_gd32f450_470.o(RESET)
</UL>
<P><STRONG><a name="[72]"></a>SystemInit</STRONG> (Thumb, 194 bytes, Stack size 8 bytes, system_gd32f4xx.o(i.SystemInit))
<BR><BR>[Stack]<UL><LI>Max Depth = 16<LI>Call Chain = SystemInit &rArr; system_clock_config
</UL>
<BR>[Calls]<UL><LI><a href="#[a3]">&gt;&gt;</a>&nbsp;&nbsp;&nbsp;system_clock_config
</UL>
<BR>[Address Reference Count : 1]<UL><LI> startup_gd32f450_470.o(.text)
</UL>
<P><STRONG><a name="[37]"></a>TIMER3_IRQHandler</STRONG> (Thumb, 48 bytes, Stack size 8 bytes, usmart_port.o(i.TIMER3_IRQHandler))
<BR><BR>[Stack]<UL><LI>Max Depth = 8<LI>Call Chain = TIMER3_IRQHandler
</UL>
<BR>[Calls]<UL><LI><a href="#[a4]">&gt;&gt;</a>&nbsp;&nbsp;&nbsp;timer_interrupt_flag_get
<LI><a href="#[a7]">&gt;&gt;</a>&nbsp;&nbsp;&nbsp;timer_interrupt_flag_clear
<LI><a href="#[a5]">&gt;&gt;</a>&nbsp;&nbsp;&nbsp;timer_counter_value_config
<LI><a href="#[a6]">&gt;&gt;</a>&nbsp;&nbsp;&nbsp;timer_autoreload_value_config
</UL>
<BR>[Address Reference Count : 1]<UL><LI> startup_gd32f450_470.o(RESET)
</UL>
<P><STRONG><a name="[3e]"></a>USART0_IRQHandler</STRONG> (Thumb, 120 bytes, Stack size 8 bytes, usart.o(i.USART0_IRQHandler))
<BR><BR>[Stack]<UL><LI>Max Depth = 24<LI>Call Chain = USART0_IRQHandler &rArr; usart_interrupt_flag_get
</UL>
<BR>[Calls]<UL><LI><a href="#[a8]">&gt;&gt;</a>&nbsp;&nbsp;&nbsp;usart_interrupt_flag_get
<LI><a href="#[a9]">&gt;&gt;</a>&nbsp;&nbsp;&nbsp;usart_data_receive
</UL>
<BR>[Address Reference Count : 1]<UL><LI> startup_gd32f450_470.o(RESET)
</UL>
<P><STRONG><a name="[14]"></a>UsageFault_Handler</STRONG> (Thumb, 4 bytes, Stack size 0 bytes, gd32f4xx_it.o(i.UsageFault_Handler))
<BR>[Address Reference Count : 1]<UL><LI> startup_gd32f450_470.o(RESET)
</UL>
<P><STRONG><a name="[97]"></a>_is_digit</STRONG> (Thumb, 14 bytes, Stack size 0 bytes, __printf_wp.o(i._is_digit))
<BR><BR>[Called By]<UL><LI><a href="#[96]">&gt;&gt;</a>&nbsp;&nbsp;&nbsp;__printf
</UL>

<P><STRONG><a name="[8f]"></a>_sys_exit</STRONG> (Thumb, 4 bytes, Stack size 0 bytes, usart.o(i._sys_exit))
<BR><BR>[Called By]<UL><LI><a href="#[8e]">&gt;&gt;</a>&nbsp;&nbsp;&nbsp;__rt_exit_exit
</UL>

<P><STRONG><a name="[aa]"></a>clock_DisplaySize_12</STRONG> (Thumb, 202 bytes, Stack size 16 bytes, clock.o(i.clock_DisplaySize_12))
<BR><BR>[Stack]<UL><LI>Max Depth = 148<LI>Call Chain = clock_DisplaySize_12 &rArr; oled_show_num &rArr; oled_show_char &rArr; oled_draw_point
</UL>
<BR>[Calls]<UL><LI><a href="#[4]">&gt;&gt;</a>&nbsp;&nbsp;&nbsp;delay_ms
<LI><a href="#[ac]">&gt;&gt;</a>&nbsp;&nbsp;&nbsp;oled_show_string
<LI><a href="#[ab]">&gt;&gt;</a>&nbsp;&nbsp;&nbsp;oled_show_num
<LI><a href="#[ad]">&gt;&gt;</a>&nbsp;&nbsp;&nbsp;oled_refresh_gram
</UL>
<BR>[Called By]<UL><LI><a href="#[b1]">&gt;&gt;</a>&nbsp;&nbsp;&nbsp;clock_JudgeDisplayMode
</UL>

<P><STRONG><a name="[ae]"></a>clock_DisplaySize_16</STRONG> (Thumb, 240 bytes, Stack size 16 bytes, clock.o(i.clock_DisplaySize_16))
<BR><BR>[Stack]<UL><LI>Max Depth = 148<LI>Call Chain = clock_DisplaySize_16 &rArr; oled_show_num &rArr; oled_show_char &rArr; oled_draw_point
</UL>
<BR>[Calls]<UL><LI><a href="#[4]">&gt;&gt;</a>&nbsp;&nbsp;&nbsp;delay_ms
<LI><a href="#[af]">&gt;&gt;</a>&nbsp;&nbsp;&nbsp;rtc_get_time
<LI><a href="#[ac]">&gt;&gt;</a>&nbsp;&nbsp;&nbsp;oled_show_string
<LI><a href="#[ab]">&gt;&gt;</a>&nbsp;&nbsp;&nbsp;oled_show_num
<LI><a href="#[ad]">&gt;&gt;</a>&nbsp;&nbsp;&nbsp;oled_refresh_gram
</UL>
<BR>[Called By]<UL><LI><a href="#[b1]">&gt;&gt;</a>&nbsp;&nbsp;&nbsp;clock_JudgeDisplayMode
</UL>

<P><STRONG><a name="[b0]"></a>clock_DisplaySize_24</STRONG> (Thumb, 162 bytes, Stack size 16 bytes, clock.o(i.clock_DisplaySize_24))
<BR><BR>[Stack]<UL><LI>Max Depth = 148<LI>Call Chain = clock_DisplaySize_24 &rArr; oled_show_num &rArr; oled_show_char &rArr; oled_draw_point
</UL>
<BR>[Calls]<UL><LI><a href="#[4]">&gt;&gt;</a>&nbsp;&nbsp;&nbsp;delay_ms
<LI><a href="#[ac]">&gt;&gt;</a>&nbsp;&nbsp;&nbsp;oled_show_string
<LI><a href="#[ab]">&gt;&gt;</a>&nbsp;&nbsp;&nbsp;oled_show_num
<LI><a href="#[ad]">&gt;&gt;</a>&nbsp;&nbsp;&nbsp;oled_refresh_gram
</UL>
<BR>[Called By]<UL><LI><a href="#[b1]">&gt;&gt;</a>&nbsp;&nbsp;&nbsp;clock_JudgeDisplayMode
</UL>

<P><STRONG><a name="[b1]"></a>clock_JudgeDisplayMode</STRONG> (Thumb, 40 bytes, Stack size 8 bytes, clock.o(i.clock_JudgeDisplayMode))
<BR><BR>[Stack]<UL><LI>Max Depth = 156<LI>Call Chain = clock_JudgeDisplayMode &rArr; clock_DisplaySize_24 &rArr; oled_show_num &rArr; oled_show_char &rArr; oled_draw_point
</UL>
<BR>[Calls]<UL><LI><a href="#[b0]">&gt;&gt;</a>&nbsp;&nbsp;&nbsp;clock_DisplaySize_24
<LI><a href="#[ae]">&gt;&gt;</a>&nbsp;&nbsp;&nbsp;clock_DisplaySize_16
<LI><a href="#[aa]">&gt;&gt;</a>&nbsp;&nbsp;&nbsp;clock_DisplaySize_12
</UL>
<BR>[Called By]<UL><LI><a href="#[b2]">&gt;&gt;</a>&nbsp;&nbsp;&nbsp;display_clock
</UL>

<P><STRONG><a name="[c7]"></a>delay_init</STRONG> (Thumb, 38 bytes, Stack size 0 bytes, delay.o(i.delay_init))
<BR><BR>[Called By]<UL><LI><a href="#[8a]">&gt;&gt;</a>&nbsp;&nbsp;&nbsp;main
</UL>

<P><STRONG><a name="[4]"></a>delay_ms</STRONG> (Thumb, 18 bytes, Stack size 8 bytes, delay.o(i.delay_ms))
<BR><BR>[Stack]<UL><LI>Max Depth = 24<LI>Call Chain = delay_ms &rArr; delay_us
</UL>
<BR>[Calls]<UL><LI><a href="#[5]">&gt;&gt;</a>&nbsp;&nbsp;&nbsp;delay_us
</UL>
<BR>[Called By]<UL><LI><a href="#[c4]">&gt;&gt;</a>&nbsp;&nbsp;&nbsp;key_scan
<LI><a href="#[cd]">&gt;&gt;</a>&nbsp;&nbsp;&nbsp;menu_switch_key
<LI><a href="#[8a]">&gt;&gt;</a>&nbsp;&nbsp;&nbsp;main
<LI><a href="#[b0]">&gt;&gt;</a>&nbsp;&nbsp;&nbsp;clock_DisplaySize_24
<LI><a href="#[ae]">&gt;&gt;</a>&nbsp;&nbsp;&nbsp;clock_DisplaySize_16
<LI><a href="#[aa]">&gt;&gt;</a>&nbsp;&nbsp;&nbsp;clock_DisplaySize_12
</UL>
<BR>[Address Reference Count : 1]<UL><LI> usmart_config.o(.data)
</UL>
<P><STRONG><a name="[5]"></a>delay_us</STRONG> (Thumb, 68 bytes, Stack size 16 bytes, delay.o(i.delay_us))
<BR><BR>[Stack]<UL><LI>Max Depth = 16<LI>Call Chain = delay_us
</UL>
<BR>[Called By]<UL><LI><a href="#[4]">&gt;&gt;</a>&nbsp;&nbsp;&nbsp;delay_ms
<LI><a href="#[b7]">&gt;&gt;</a>&nbsp;&nbsp;&nbsp;iic_delay
</UL>
<BR>[Address Reference Count : 1]<UL><LI> usmart_config.o(.data)
</UL>
<P><STRONG><a name="[b2]"></a>display_clock</STRONG> (Thumb, 62 bytes, Stack size 8 bytes, menu.o(i.display_clock))
<BR><BR>[Stack]<UL><LI>Max Depth = 164<LI>Call Chain = display_clock &rArr; clock_JudgeDisplayMode &rArr; clock_DisplaySize_24 &rArr; oled_show_num &rArr; oled_show_char &rArr; oled_draw_point
</UL>
<BR>[Calls]<UL><LI><a href="#[af]">&gt;&gt;</a>&nbsp;&nbsp;&nbsp;rtc_get_time
<LI><a href="#[b1]">&gt;&gt;</a>&nbsp;&nbsp;&nbsp;clock_JudgeDisplayMode
</UL>
<BR>[Called By]<UL><LI><a href="#[c1]">&gt;&gt;</a>&nbsp;&nbsp;&nbsp;judge_the_app
</UL>

<P><STRONG><a name="[b3]"></a>display_noteBook</STRONG> (Thumb, 24 bytes, Stack size 8 bytes, menu.o(i.display_noteBook))
<BR><BR>[Stack]<UL><LI>Max Depth = 120<LI>Call Chain = display_noteBook &rArr; oled_show_string &rArr; oled_clear &rArr; oled_refresh_gram &rArr; oled_wr_byte &rArr; iic_send_byte &rArr; iic_delay &rArr; delay_us
</UL>
<BR>[Calls]<UL><LI><a href="#[b4]">&gt;&gt;</a>&nbsp;&nbsp;&nbsp;oled_clear
<LI><a href="#[ac]">&gt;&gt;</a>&nbsp;&nbsp;&nbsp;oled_show_string
<LI><a href="#[ad]">&gt;&gt;</a>&nbsp;&nbsp;&nbsp;oled_refresh_gram
</UL>
<BR>[Called By]<UL><LI><a href="#[c1]">&gt;&gt;</a>&nbsp;&nbsp;&nbsp;judge_the_app
</UL>

<P><STRONG><a name="[a1]"></a>exti_flag_clear</STRONG> (Thumb, 6 bytes, Stack size 0 bytes, gd32f4xx_exti.o(i.exti_flag_clear))
<BR><BR>[Called By]<UL><LI><a href="#[8]">&gt;&gt;</a>&nbsp;&nbsp;&nbsp;rtc_set_wakeup
<LI><a href="#[9]">&gt;&gt;</a>&nbsp;&nbsp;&nbsp;rtc_set_alarma
<LI><a href="#[1c]">&gt;&gt;</a>&nbsp;&nbsp;&nbsp;RTC_WKUP_IRQHandler
<LI><a href="#[42]">&gt;&gt;</a>&nbsp;&nbsp;&nbsp;RTC_Alarm_IRQHandler
</UL>

<P><STRONG><a name="[ec]"></a>exti_init</STRONG> (Thumb, 184 bytes, Stack size 8 bytes, gd32f4xx_exti.o(i.exti_init))
<BR><BR>[Stack]<UL><LI>Max Depth = 8<LI>Call Chain = exti_init
</UL>
<BR>[Called By]<UL><LI><a href="#[8]">&gt;&gt;</a>&nbsp;&nbsp;&nbsp;rtc_set_wakeup
<LI><a href="#[9]">&gt;&gt;</a>&nbsp;&nbsp;&nbsp;rtc_set_alarma
</UL>

<P><STRONG><a name="[74]"></a>fputc</STRONG> (Thumb, 32 bytes, Stack size 16 bytes, usart.o(i.fputc))
<BR><BR>[Stack]<UL><LI>Max Depth = 24<LI>Call Chain = fputc &rArr; usart_flag_get
</UL>
<BR>[Calls]<UL><LI><a href="#[b5]">&gt;&gt;</a>&nbsp;&nbsp;&nbsp;usart_flag_get
<LI><a href="#[b6]">&gt;&gt;</a>&nbsp;&nbsp;&nbsp;usart_data_transmit
</UL>
<BR>[Address Reference Count : 1]<UL><LI> _printf_char_file.o(.text)
</UL>
<P><STRONG><a name="[f8]"></a>gpio_af_set</STRONG> (Thumb, 94 bytes, Stack size 20 bytes, gd32f4xx_gpio.o(i.gpio_af_set))
<BR><BR>[Stack]<UL><LI>Max Depth = 20<LI>Call Chain = gpio_af_set
</UL>
<BR>[Called By]<UL><LI><a href="#[c8]">&gt;&gt;</a>&nbsp;&nbsp;&nbsp;usart_init
</UL>

<P><STRONG><a name="[a2]"></a>gpio_bit_toggle</STRONG> (Thumb, 4 bytes, Stack size 0 bytes, gd32f4xx_gpio.o(i.gpio_bit_toggle))
<BR><BR>[Called By]<UL><LI><a href="#[1c]">&gt;&gt;</a>&nbsp;&nbsp;&nbsp;RTC_WKUP_IRQHandler
</UL>

<P><STRONG><a name="[be]"></a>gpio_bit_write</STRONG> (Thumb, 10 bytes, Stack size 0 bytes, gd32f4xx_gpio.o(i.gpio_bit_write))
<BR><BR>[Called By]<UL><LI><a href="#[c6]">&gt;&gt;</a>&nbsp;&nbsp;&nbsp;led_init
<LI><a href="#[c0]">&gt;&gt;</a>&nbsp;&nbsp;&nbsp;iic_wait_ack
<LI><a href="#[bc]">&gt;&gt;</a>&nbsp;&nbsp;&nbsp;iic_stop
<LI><a href="#[bf]">&gt;&gt;</a>&nbsp;&nbsp;&nbsp;iic_start
<LI><a href="#[bd]">&gt;&gt;</a>&nbsp;&nbsp;&nbsp;iic_send_byte
</UL>

<P><STRONG><a name="[c5]"></a>gpio_input_bit_get</STRONG> (Thumb, 16 bytes, Stack size 0 bytes, gd32f4xx_gpio.o(i.gpio_input_bit_get))
<BR><BR>[Called By]<UL><LI><a href="#[c4]">&gt;&gt;</a>&nbsp;&nbsp;&nbsp;key_scan
</UL>

<P><STRONG><a name="[ba]"></a>gpio_mode_set</STRONG> (Thumb, 78 bytes, Stack size 20 bytes, gd32f4xx_gpio.o(i.gpio_mode_set))
<BR><BR>[Stack]<UL><LI>Max Depth = 20<LI>Call Chain = gpio_mode_set
</UL>
<BR>[Called By]<UL><LI><a href="#[c8]">&gt;&gt;</a>&nbsp;&nbsp;&nbsp;usart_init
<LI><a href="#[c6]">&gt;&gt;</a>&nbsp;&nbsp;&nbsp;led_init
<LI><a href="#[c3]">&gt;&gt;</a>&nbsp;&nbsp;&nbsp;key_init
<LI><a href="#[b8]">&gt;&gt;</a>&nbsp;&nbsp;&nbsp;iic_init
</UL>

<P><STRONG><a name="[bb]"></a>gpio_output_options_set</STRONG> (Thumb, 66 bytes, Stack size 20 bytes, gd32f4xx_gpio.o(i.gpio_output_options_set))
<BR><BR>[Stack]<UL><LI>Max Depth = 20<LI>Call Chain = gpio_output_options_set
</UL>
<BR>[Called By]<UL><LI><a href="#[c8]">&gt;&gt;</a>&nbsp;&nbsp;&nbsp;usart_init
<LI><a href="#[c6]">&gt;&gt;</a>&nbsp;&nbsp;&nbsp;led_init
<LI><a href="#[b8]">&gt;&gt;</a>&nbsp;&nbsp;&nbsp;iic_init
</UL>

<P><STRONG><a name="[b8]"></a>iic_init</STRONG> (Thumb, 80 bytes, Stack size 8 bytes, myiic.o(i.iic_init))
<BR><BR>[Stack]<UL><LI>Max Depth = 40<LI>Call Chain = iic_init &rArr; iic_stop &rArr; iic_delay &rArr; delay_us
</UL>
<BR>[Calls]<UL><LI><a href="#[b9]">&gt;&gt;</a>&nbsp;&nbsp;&nbsp;rcu_periph_clock_enable
<LI><a href="#[bb]">&gt;&gt;</a>&nbsp;&nbsp;&nbsp;gpio_output_options_set
<LI><a href="#[ba]">&gt;&gt;</a>&nbsp;&nbsp;&nbsp;gpio_mode_set
<LI><a href="#[bc]">&gt;&gt;</a>&nbsp;&nbsp;&nbsp;iic_stop
</UL>
<BR>[Called By]<UL><LI><a href="#[c9]">&gt;&gt;</a>&nbsp;&nbsp;&nbsp;oled_init
</UL>

<P><STRONG><a name="[bd]"></a>iic_send_byte</STRONG> (Thumb, 106 bytes, Stack size 16 bytes, myiic.o(i.iic_send_byte))
<BR><BR>[Stack]<UL><LI>Max Depth = 40<LI>Call Chain = iic_send_byte &rArr; iic_delay &rArr; delay_us
</UL>
<BR>[Calls]<UL><LI><a href="#[be]">&gt;&gt;</a>&nbsp;&nbsp;&nbsp;gpio_bit_write
<LI><a href="#[b7]">&gt;&gt;</a>&nbsp;&nbsp;&nbsp;iic_delay
</UL>
<BR>[Called By]<UL><LI><a href="#[ad]">&gt;&gt;</a>&nbsp;&nbsp;&nbsp;oled_refresh_gram
<LI><a href="#[d9]">&gt;&gt;</a>&nbsp;&nbsp;&nbsp;oled_wr_byte
</UL>

<P><STRONG><a name="[bf]"></a>iic_start</STRONG> (Thumb, 76 bytes, Stack size 8 bytes, myiic.o(i.iic_start))
<BR><BR>[Stack]<UL><LI>Max Depth = 32<LI>Call Chain = iic_start &rArr; iic_delay &rArr; delay_us
</UL>
<BR>[Calls]<UL><LI><a href="#[be]">&gt;&gt;</a>&nbsp;&nbsp;&nbsp;gpio_bit_write
<LI><a href="#[b7]">&gt;&gt;</a>&nbsp;&nbsp;&nbsp;iic_delay
</UL>
<BR>[Called By]<UL><LI><a href="#[ad]">&gt;&gt;</a>&nbsp;&nbsp;&nbsp;oled_refresh_gram
<LI><a href="#[d9]">&gt;&gt;</a>&nbsp;&nbsp;&nbsp;oled_wr_byte
</UL>

<P><STRONG><a name="[bc]"></a>iic_stop</STRONG> (Thumb, 60 bytes, Stack size 8 bytes, myiic.o(i.iic_stop))
<BR><BR>[Stack]<UL><LI>Max Depth = 32<LI>Call Chain = iic_stop &rArr; iic_delay &rArr; delay_us
</UL>
<BR>[Calls]<UL><LI><a href="#[be]">&gt;&gt;</a>&nbsp;&nbsp;&nbsp;gpio_bit_write
<LI><a href="#[b7]">&gt;&gt;</a>&nbsp;&nbsp;&nbsp;iic_delay
</UL>
<BR>[Called By]<UL><LI><a href="#[ad]">&gt;&gt;</a>&nbsp;&nbsp;&nbsp;oled_refresh_gram
<LI><a href="#[d9]">&gt;&gt;</a>&nbsp;&nbsp;&nbsp;oled_wr_byte
<LI><a href="#[b8]">&gt;&gt;</a>&nbsp;&nbsp;&nbsp;iic_init
</UL>

<P><STRONG><a name="[c0]"></a>iic_wait_ack</STRONG> (Thumb, 64 bytes, Stack size 8 bytes, myiic.o(i.iic_wait_ack))
<BR><BR>[Stack]<UL><LI>Max Depth = 32<LI>Call Chain = iic_wait_ack &rArr; iic_delay &rArr; delay_us
</UL>
<BR>[Calls]<UL><LI><a href="#[be]">&gt;&gt;</a>&nbsp;&nbsp;&nbsp;gpio_bit_write
<LI><a href="#[b7]">&gt;&gt;</a>&nbsp;&nbsp;&nbsp;iic_delay
</UL>
<BR>[Called By]<UL><LI><a href="#[ad]">&gt;&gt;</a>&nbsp;&nbsp;&nbsp;oled_refresh_gram
<LI><a href="#[d9]">&gt;&gt;</a>&nbsp;&nbsp;&nbsp;oled_wr_byte
</UL>

<P><STRONG><a name="[c1]"></a>judge_the_app</STRONG> (Thumb, 80 bytes, Stack size 8 bytes, menu.o(i.judge_the_app))
<BR><BR>[Stack]<UL><LI>Max Depth = 172<LI>Call Chain = judge_the_app &rArr; display_clock &rArr; clock_JudgeDisplayMode &rArr; clock_DisplaySize_24 &rArr; oled_show_num &rArr; oled_show_char &rArr; oled_draw_point
</UL>
<BR>[Calls]<UL><LI><a href="#[b4]">&gt;&gt;</a>&nbsp;&nbsp;&nbsp;oled_clear
<LI><a href="#[ac]">&gt;&gt;</a>&nbsp;&nbsp;&nbsp;oled_show_string
<LI><a href="#[ad]">&gt;&gt;</a>&nbsp;&nbsp;&nbsp;oled_refresh_gram
<LI><a href="#[c2]">&gt;&gt;</a>&nbsp;&nbsp;&nbsp;strcmp
<LI><a href="#[b3]">&gt;&gt;</a>&nbsp;&nbsp;&nbsp;display_noteBook
<LI><a href="#[b2]">&gt;&gt;</a>&nbsp;&nbsp;&nbsp;display_clock
</UL>
<BR>[Called By]<UL><LI><a href="#[cd]">&gt;&gt;</a>&nbsp;&nbsp;&nbsp;menu_switch_key
<LI><a href="#[8a]">&gt;&gt;</a>&nbsp;&nbsp;&nbsp;main
</UL>

<P><STRONG><a name="[c3]"></a>key_init</STRONG> (Thumb, 152 bytes, Stack size 8 bytes, key.o(i.key_init))
<BR><BR>[Stack]<UL><LI>Max Depth = 28<LI>Call Chain = key_init &rArr; gpio_mode_set
</UL>
<BR>[Calls]<UL><LI><a href="#[b9]">&gt;&gt;</a>&nbsp;&nbsp;&nbsp;rcu_periph_clock_enable
<LI><a href="#[ba]">&gt;&gt;</a>&nbsp;&nbsp;&nbsp;gpio_mode_set
</UL>
<BR>[Called By]<UL><LI><a href="#[8a]">&gt;&gt;</a>&nbsp;&nbsp;&nbsp;main
</UL>

<P><STRONG><a name="[c4]"></a>key_scan</STRONG> (Thumb, 302 bytes, Stack size 16 bytes, key.o(i.key_scan))
<BR><BR>[Stack]<UL><LI>Max Depth = 40<LI>Call Chain = key_scan &rArr; delay_ms &rArr; delay_us
</UL>
<BR>[Calls]<UL><LI><a href="#[4]">&gt;&gt;</a>&nbsp;&nbsp;&nbsp;delay_ms
<LI><a href="#[c5]">&gt;&gt;</a>&nbsp;&nbsp;&nbsp;gpio_input_bit_get
</UL>
<BR>[Called By]<UL><LI><a href="#[8a]">&gt;&gt;</a>&nbsp;&nbsp;&nbsp;main
</UL>

<P><STRONG><a name="[c6]"></a>led_init</STRONG> (Thumb, 280 bytes, Stack size 8 bytes, led.o(i.led_init))
<BR><BR>[Stack]<UL><LI>Max Depth = 28<LI>Call Chain = led_init &rArr; gpio_output_options_set
</UL>
<BR>[Calls]<UL><LI><a href="#[b9]">&gt;&gt;</a>&nbsp;&nbsp;&nbsp;rcu_periph_clock_enable
<LI><a href="#[bb]">&gt;&gt;</a>&nbsp;&nbsp;&nbsp;gpio_output_options_set
<LI><a href="#[ba]">&gt;&gt;</a>&nbsp;&nbsp;&nbsp;gpio_mode_set
<LI><a href="#[be]">&gt;&gt;</a>&nbsp;&nbsp;&nbsp;gpio_bit_write
</UL>
<BR>[Called By]<UL><LI><a href="#[8a]">&gt;&gt;</a>&nbsp;&nbsp;&nbsp;main
</UL>

<P><STRONG><a name="[8a]"></a>main</STRONG> (Thumb, 108 bytes, Stack size 0 bytes, main.o(i.main))
<BR><BR>[Stack]<UL><LI>Max Depth = 180 + Unknown Stack Size
<LI>Call Chain = main &rArr; menu_switch_key &rArr; judge_the_app &rArr; display_clock &rArr; clock_JudgeDisplayMode &rArr; clock_DisplaySize_24 &rArr; oled_show_num &rArr; oled_show_char &rArr; oled_draw_point
</UL>
<BR>[Calls]<UL><LI><a href="#[b]">&gt;&gt;</a>&nbsp;&nbsp;&nbsp;usmart_init
<LI><a href="#[c8]">&gt;&gt;</a>&nbsp;&nbsp;&nbsp;usart_init
<LI><a href="#[8]">&gt;&gt;</a>&nbsp;&nbsp;&nbsp;rtc_set_wakeup
<LI><a href="#[ca]">&gt;&gt;</a>&nbsp;&nbsp;&nbsp;rtc_config
<LI><a href="#[c9]">&gt;&gt;</a>&nbsp;&nbsp;&nbsp;oled_init
<LI><a href="#[cb]">&gt;&gt;</a>&nbsp;&nbsp;&nbsp;menu_init
<LI><a href="#[cc]">&gt;&gt;</a>&nbsp;&nbsp;&nbsp;menu_exit
<LI><a href="#[c6]">&gt;&gt;</a>&nbsp;&nbsp;&nbsp;led_init
<LI><a href="#[c4]">&gt;&gt;</a>&nbsp;&nbsp;&nbsp;key_scan
<LI><a href="#[c3]">&gt;&gt;</a>&nbsp;&nbsp;&nbsp;key_init
<LI><a href="#[c1]">&gt;&gt;</a>&nbsp;&nbsp;&nbsp;judge_the_app
<LI><a href="#[4]">&gt;&gt;</a>&nbsp;&nbsp;&nbsp;delay_ms
<LI><a href="#[c7]">&gt;&gt;</a>&nbsp;&nbsp;&nbsp;delay_init
<LI><a href="#[cd]">&gt;&gt;</a>&nbsp;&nbsp;&nbsp;menu_switch_key
</UL>
<BR>[Called By]<UL><LI><a href="#[89]">&gt;&gt;</a>&nbsp;&nbsp;&nbsp;__rt_entry_main
</UL>

<P><STRONG><a name="[cc]"></a>menu_exit</STRONG> (Thumb, 34 bytes, Stack size 8 bytes, menu.o(i.menu_exit))
<BR><BR>[Stack]<UL><LI>Max Depth = 144<LI>Call Chain = menu_exit &rArr; menu_contain &rArr; menu_pointer &rArr; oled_fill &rArr; oled_refresh_gram &rArr; oled_wr_byte &rArr; iic_send_byte &rArr; iic_delay &rArr; delay_us
</UL>
<BR>[Calls]<UL><LI><a href="#[b4]">&gt;&gt;</a>&nbsp;&nbsp;&nbsp;oled_clear
<LI><a href="#[d3]">&gt;&gt;</a>&nbsp;&nbsp;&nbsp;menu_skeletons
<LI><a href="#[ce]">&gt;&gt;</a>&nbsp;&nbsp;&nbsp;menu_contain
</UL>
<BR>[Called By]<UL><LI><a href="#[8a]">&gt;&gt;</a>&nbsp;&nbsp;&nbsp;main
</UL>

<P><STRONG><a name="[cb]"></a>menu_init</STRONG> (Thumb, 12 bytes, Stack size 8 bytes, menu.o(i.menu_init))
<BR><BR>[Stack]<UL><LI>Max Depth = 144<LI>Call Chain = menu_init &rArr; menu_contain &rArr; menu_pointer &rArr; oled_fill &rArr; oled_refresh_gram &rArr; oled_wr_byte &rArr; iic_send_byte &rArr; iic_delay &rArr; delay_us
</UL>
<BR>[Calls]<UL><LI><a href="#[d3]">&gt;&gt;</a>&nbsp;&nbsp;&nbsp;menu_skeletons
<LI><a href="#[ce]">&gt;&gt;</a>&nbsp;&nbsp;&nbsp;menu_contain
</UL>
<BR>[Called By]<UL><LI><a href="#[8a]">&gt;&gt;</a>&nbsp;&nbsp;&nbsp;main
</UL>

<P><STRONG><a name="[d4]"></a>menu_last_app</STRONG> (Thumb, 94 bytes, Stack size 8 bytes, menu.o(i.menu_last_app))
<BR><BR>[Stack]<UL><LI>Max Depth = 136<LI>Call Chain = menu_last_app &rArr; menu_pointer &rArr; oled_fill &rArr; oled_refresh_gram &rArr; oled_wr_byte &rArr; iic_send_byte &rArr; iic_delay &rArr; delay_us
</UL>
<BR>[Calls]<UL><LI><a href="#[ad]">&gt;&gt;</a>&nbsp;&nbsp;&nbsp;oled_refresh_gram
<LI><a href="#[cf]">&gt;&gt;</a>&nbsp;&nbsp;&nbsp;oled_fill
<LI><a href="#[d0]">&gt;&gt;</a>&nbsp;&nbsp;&nbsp;menu_pointer
<LI><a href="#[d1]">&gt;&gt;</a>&nbsp;&nbsp;&nbsp;menu_display_point_up
</UL>
<BR>[Called By]<UL><LI><a href="#[cd]">&gt;&gt;</a>&nbsp;&nbsp;&nbsp;menu_switch_key
</UL>

<P><STRONG><a name="[d5]"></a>menu_next_app</STRONG> (Thumb, 66 bytes, Stack size 8 bytes, menu.o(i.menu_next_app))
<BR><BR>[Stack]<UL><LI>Max Depth = 136<LI>Call Chain = menu_next_app &rArr; menu_pointer &rArr; oled_fill &rArr; oled_refresh_gram &rArr; oled_wr_byte &rArr; iic_send_byte &rArr; iic_delay &rArr; delay_us
</UL>
<BR>[Calls]<UL><LI><a href="#[ad]">&gt;&gt;</a>&nbsp;&nbsp;&nbsp;oled_refresh_gram
<LI><a href="#[cf]">&gt;&gt;</a>&nbsp;&nbsp;&nbsp;oled_fill
<LI><a href="#[d0]">&gt;&gt;</a>&nbsp;&nbsp;&nbsp;menu_pointer
<LI><a href="#[d2]">&gt;&gt;</a>&nbsp;&nbsp;&nbsp;menu_display_point_down
</UL>
<BR>[Called By]<UL><LI><a href="#[cd]">&gt;&gt;</a>&nbsp;&nbsp;&nbsp;menu_switch_key
</UL>

<P><STRONG><a name="[cd]"></a>menu_switch_key</STRONG> (Thumb, 102 bytes, Stack size 8 bytes, main.o(i.menu_switch_key))
<BR><BR>[Stack]<UL><LI>Max Depth = 180 + Unknown Stack Size
<LI>Call Chain = menu_switch_key &rArr; judge_the_app &rArr; display_clock &rArr; clock_JudgeDisplayMode &rArr; clock_DisplaySize_24 &rArr; oled_show_num &rArr; oled_show_char &rArr; oled_draw_point
</UL>
<BR>[Calls]<UL><LI><a href="#[b4]">&gt;&gt;</a>&nbsp;&nbsp;&nbsp;oled_clear
<LI><a href="#[d5]">&gt;&gt;</a>&nbsp;&nbsp;&nbsp;menu_next_app
<LI><a href="#[d4]">&gt;&gt;</a>&nbsp;&nbsp;&nbsp;menu_last_app
<LI><a href="#[c1]">&gt;&gt;</a>&nbsp;&nbsp;&nbsp;judge_the_app
<LI><a href="#[4]">&gt;&gt;</a>&nbsp;&nbsp;&nbsp;delay_ms
<LI><a href="#[90]">&gt;&gt;</a>&nbsp;&nbsp;&nbsp;__2printf
</UL>
<BR>[Called By]<UL><LI><a href="#[8a]">&gt;&gt;</a>&nbsp;&nbsp;&nbsp;main
</UL>

<P><STRONG><a name="[d6]"></a>nvic_irq_enable</STRONG> (Thumb, 186 bytes, Stack size 24 bytes, gd32f4xx_misc.o(i.nvic_irq_enable))
<BR><BR>[Stack]<UL><LI>Max Depth = 24<LI>Call Chain = nvic_irq_enable
</UL>
<BR>[Calls]<UL><LI><a href="#[d7]">&gt;&gt;</a>&nbsp;&nbsp;&nbsp;nvic_priority_group_set
</UL>
<BR>[Called By]<UL><LI><a href="#[c8]">&gt;&gt;</a>&nbsp;&nbsp;&nbsp;usart_init
<LI><a href="#[8]">&gt;&gt;</a>&nbsp;&nbsp;&nbsp;rtc_set_wakeup
<LI><a href="#[9]">&gt;&gt;</a>&nbsp;&nbsp;&nbsp;rtc_set_alarma
<LI><a href="#[10b]">&gt;&gt;</a>&nbsp;&nbsp;&nbsp;usmart_timerx_init
</UL>

<P><STRONG><a name="[d7]"></a>nvic_priority_group_set</STRONG> (Thumb, 10 bytes, Stack size 0 bytes, gd32f4xx_misc.o(i.nvic_priority_group_set))
<BR><BR>[Called By]<UL><LI><a href="#[d6]">&gt;&gt;</a>&nbsp;&nbsp;&nbsp;nvic_irq_enable
</UL>

<P><STRONG><a name="[b4]"></a>oled_clear</STRONG> (Thumb, 42 bytes, Stack size 16 bytes, oled.o(i.oled_clear))
<BR><BR>[Stack]<UL><LI>Max Depth = 88<LI>Call Chain = oled_clear &rArr; oled_refresh_gram &rArr; oled_wr_byte &rArr; iic_send_byte &rArr; iic_delay &rArr; delay_us
</UL>
<BR>[Calls]<UL><LI><a href="#[ad]">&gt;&gt;</a>&nbsp;&nbsp;&nbsp;oled_refresh_gram
</UL>
<BR>[Called By]<UL><LI><a href="#[c9]">&gt;&gt;</a>&nbsp;&nbsp;&nbsp;oled_init
<LI><a href="#[cc]">&gt;&gt;</a>&nbsp;&nbsp;&nbsp;menu_exit
<LI><a href="#[c1]">&gt;&gt;</a>&nbsp;&nbsp;&nbsp;judge_the_app
<LI><a href="#[cd]">&gt;&gt;</a>&nbsp;&nbsp;&nbsp;menu_switch_key
<LI><a href="#[ac]">&gt;&gt;</a>&nbsp;&nbsp;&nbsp;oled_show_string
<LI><a href="#[b3]">&gt;&gt;</a>&nbsp;&nbsp;&nbsp;display_noteBook
</UL>

<P><STRONG><a name="[d8]"></a>oled_draw_point</STRONG> (Thumb, 92 bytes, Stack size 20 bytes, oled.o(i.oled_draw_point))
<BR><BR>[Stack]<UL><LI>Max Depth = 20<LI>Call Chain = oled_draw_point
</UL>
<BR>[Called By]<UL><LI><a href="#[da]">&gt;&gt;</a>&nbsp;&nbsp;&nbsp;oled_show_char
<LI><a href="#[cf]">&gt;&gt;</a>&nbsp;&nbsp;&nbsp;oled_fill
</UL>

<P><STRONG><a name="[cf]"></a>oled_fill</STRONG> (Thumb, 58 bytes, Stack size 32 bytes, oled.o(i.oled_fill))
<BR><BR>[Stack]<UL><LI>Max Depth = 104<LI>Call Chain = oled_fill &rArr; oled_refresh_gram &rArr; oled_wr_byte &rArr; iic_send_byte &rArr; iic_delay &rArr; delay_us
</UL>
<BR>[Calls]<UL><LI><a href="#[ad]">&gt;&gt;</a>&nbsp;&nbsp;&nbsp;oled_refresh_gram
<LI><a href="#[d8]">&gt;&gt;</a>&nbsp;&nbsp;&nbsp;oled_draw_point
</UL>
<BR>[Called By]<UL><LI><a href="#[d5]">&gt;&gt;</a>&nbsp;&nbsp;&nbsp;menu_next_app
<LI><a href="#[d4]">&gt;&gt;</a>&nbsp;&nbsp;&nbsp;menu_last_app
<LI><a href="#[d3]">&gt;&gt;</a>&nbsp;&nbsp;&nbsp;menu_skeletons
<LI><a href="#[d0]">&gt;&gt;</a>&nbsp;&nbsp;&nbsp;menu_pointer
<LI><a href="#[ce]">&gt;&gt;</a>&nbsp;&nbsp;&nbsp;menu_contain
</UL>

<P><STRONG><a name="[c9]"></a>oled_init</STRONG> (Thumb, 212 bytes, Stack size 8 bytes, oled.o(i.oled_init))
<BR><BR>[Stack]<UL><LI>Max Depth = 96<LI>Call Chain = oled_init &rArr; oled_clear &rArr; oled_refresh_gram &rArr; oled_wr_byte &rArr; iic_send_byte &rArr; iic_delay &rArr; delay_us
</UL>
[...]
<BR>[Called By]<UL><LI><a href="#[c8]">&gt;&gt;</a>&nbsp;&nbsp;&nbsp;usart_init
</UL>

<P><STRONG><a name="[ff]"></a>usart_enable</STRONG> (Thumb, 10 bytes, Stack size 0 bytes, gd32f4xx_usart.o(i.usart_enable))
<BR><BR>[Called By]<UL><LI><a href="#[c8]">&gt;&gt;</a>&nbsp;&nbsp;&nbsp;usart_init
</UL>

<P><STRONG><a name="[b5]"></a>usart_flag_get</STRONG> (Thumb, 30 bytes, Stack size 8 bytes, gd32f4xx_usart.o(i.usart_flag_get))
<BR><BR>[Stack]<UL><LI>Max Depth = 8<LI>Call Chain = usart_flag_get
</UL>
<BR>[Called By]<UL><LI><a href="#[74]">&gt;&gt;</a>&nbsp;&nbsp;&nbsp;fputc
</UL>

<P><STRONG><a name="[c8]"></a>usart_init</STRONG> (Thumb, 190 bytes, Stack size 8 bytes, usart.o(i.usart_init))
<BR><BR>[Stack]<UL><LI>Max Depth = 124<LI>Call Chain = usart_init &rArr; usart_baudrate_set &rArr; rcu_clock_freq_get
</UL>
<BR>[Calls]<UL><LI><a href="#[fa]">&gt;&gt;</a>&nbsp;&nbsp;&nbsp;usart_word_length_set
<LI><a href="#[fc]">&gt;&gt;</a>&nbsp;&nbsp;&nbsp;usart_transmit_config
<LI><a href="#[f9]">&gt;&gt;</a>&nbsp;&nbsp;&nbsp;usart_stop_bit_set
<LI><a href="#[fd]">&gt;&gt;</a>&nbsp;&nbsp;&nbsp;usart_receive_config
<LI><a href="#[fb]">&gt;&gt;</a>&nbsp;&nbsp;&nbsp;usart_parity_config
<LI><a href="#[fe]">&gt;&gt;</a>&nbsp;&nbsp;&nbsp;usart_interrupt_enable
<LI><a href="#[ff]">&gt;&gt;</a>&nbsp;&nbsp;&nbsp;usart_enable
<LI><a href="#[f7]">&gt;&gt;</a>&nbsp;&nbsp;&nbsp;usart_deinit
<LI><a href="#[f5]">&gt;&gt;</a>&nbsp;&nbsp;&nbsp;usart_baudrate_set
<LI><a href="#[b9]">&gt;&gt;</a>&nbsp;&nbsp;&nbsp;rcu_periph_clock_enable
<LI><a href="#[d6]">&gt;&gt;</a>&nbsp;&nbsp;&nbsp;nvic_irq_enable
<LI><a href="#[bb]">&gt;&gt;</a>&nbsp;&nbsp;&nbsp;gpio_output_options_set
<LI><a href="#[ba]">&gt;&gt;</a>&nbsp;&nbsp;&nbsp;gpio_mode_set
<LI><a href="#[f8]">&gt;&gt;</a>&nbsp;&nbsp;&nbsp;gpio_af_set
</UL>
<BR>[Called By]<UL><LI><a href="#[8a]">&gt;&gt;</a>&nbsp;&nbsp;&nbsp;main
</UL>

<P><STRONG><a name="[fe]"></a>usart_interrupt_enable</STRONG> (Thumb, 26 bytes, Stack size 8 bytes, gd32f4xx_usart.o(i.usart_interrupt_enable))
<BR><BR>[Stack]<UL><LI>Max Depth = 8<LI>Call Chain = usart_interrupt_enable
</UL>
<BR>[Called By]<UL><LI><a href="#[c8]">&gt;&gt;</a>&nbsp;&nbsp;&nbsp;usart_init
</UL>

<P><STRONG><a name="[a8]"></a>usart_interrupt_flag_get</STRONG> (Thumb, 56 bytes, Stack size 16 bytes, gd32f4xx_usart.o(i.usart_interrupt_flag_get))
<BR><BR>[Stack]<UL><LI>Max Depth = 16<LI>Call Chain = usart_interrupt_flag_get
</UL>
<BR>[Called By]<UL><LI><a href="#[3e]">&gt;&gt;</a>&nbsp;&nbsp;&nbsp;USART0_IRQHandler
</UL>

<P><STRONG><a name="[fb]"></a>usart_parity_config</STRONG> (Thumb, 16 bytes, Stack size 0 bytes, gd32f4xx_usart.o(i.usart_parity_config))
<BR><BR>[Called By]<UL><LI><a href="#[c8]">&gt;&gt;</a>&nbsp;&nbsp;&nbsp;usart_init
</UL>

<P><STRONG><a name="[fd]"></a>usart_receive_config</STRONG> (Thumb, 16 bytes, Stack size 0 bytes, gd32f4xx_usart.o(i.usart_receive_config))
<BR><BR>[Called By]<UL><LI><a href="#[c8]">&gt;&gt;</a>&nbsp;&nbsp;&nbsp;usart_init
</UL>

<P><STRONG><a name="[f9]"></a>usart_stop_bit_set</STRONG> (Thumb, 16 bytes, Stack size 0 bytes, gd32f4xx_usart.o(i.usart_stop_bit_set))
<BR><BR>[Called By]<UL><LI><a href="#[c8]">&gt;&gt;</a>&nbsp;&nbsp;&nbsp;usart_init
</UL>

<P><STRONG><a name="[fc]"></a>usart_transmit_config</STRONG> (Thumb, 16 bytes, Stack size 0 bytes, gd32f4xx_usart.o(i.usart_transmit_config))
<BR><BR>[Called By]<UL><LI><a href="#[c8]">&gt;&gt;</a>&nbsp;&nbsp;&nbsp;usart_init
</UL>

<P><STRONG><a name="[fa]"></a>usart_word_length_set</STRONG> (Thumb, 16 bytes, Stack size 0 bytes, gd32f4xx_usart.o(i.usart_word_length_set))
<BR><BR>[Called By]<UL><LI><a href="#[c8]">&gt;&gt;</a>&nbsp;&nbsp;&nbsp;usart_init
</UL>

<P><STRONG><a name="[c]"></a>usmart_cmd_rec</STRONG> (Thumb, 170 bytes, Stack size 96 bytes, usmart.o(i.usmart_cmd_rec))
<BR><BR>[Stack]<UL><LI>Max Depth = 380<LI>Call Chain = usmart_cmd_rec &rArr; usmart_get_fparam &rArr; usmart_str2num &rArr; usmart_pow
</UL>
<BR>[Calls]<UL><LI><a href="#[101]">&gt;&gt;</a>&nbsp;&nbsp;&nbsp;usmart_strcmp
<LI><a href="#[102]">&gt;&gt;</a>&nbsp;&nbsp;&nbsp;usmart_get_fparam
<LI><a href="#[100]">&gt;&gt;</a>&nbsp;&nbsp;&nbsp;usmart_get_fname
</UL>
<BR>[Address Reference Count : 1]<UL><LI> usmart_config.o(.data)
</UL>
<P><STRONG><a name="[d]"></a>usmart_exe</STRONG> (Thumb, 632 bytes, Stack size 128 bytes, usmart.o(i.usmart_exe))
<BR><BR>[Stack]<UL><LI>Max Depth = 272 + Unknown Stack Size
<LI>Call Chain = usmart_exe &rArr; __2printf &rArr; _printf_char_file &rArr; _printf_char_common &rArr; __printf
</UL>
<BR>[Calls]<UL><LI><a href="#[90]">&gt;&gt;</a>&nbsp;&nbsp;&nbsp;__2printf
<LI><a href="#[104]">&gt;&gt;</a>&nbsp;&nbsp;&nbsp;usmart_timerx_reset_runtime
<LI><a href="#[105]">&gt;&gt;</a>&nbsp;&nbsp;&nbsp;usmart_timerx_get_runtime
<LI><a href="#[103]">&gt;&gt;</a>&nbsp;&nbsp;&nbsp;usmart_get_parmpos
<LI><a href="#[100]">&gt;&gt;</a>&nbsp;&nbsp;&nbsp;usmart_get_fname
</UL>
<BR>[Address Reference Count : 1]<UL><LI> usmart_config.o(.data)
</UL>
<P><STRONG><a name="[107]"></a>usmart_get_aparm</STRONG> (Thumb, 212 bytes, Stack size 20 bytes, usmart_str.o(i.usmart_get_aparm))
<BR><BR>[Stack]<UL><LI>Max Depth = 20<LI>Call Chain = usmart_get_aparm
</UL>
<BR>[Called By]<UL><LI><a href="#[102]">&gt;&gt;</a>&nbsp;&nbsp;&nbsp;usmart_get_fparam
<LI><a href="#[10d]">&gt;&gt;</a>&nbsp;&nbsp;&nbsp;usmart_sys_cmd_exe
</UL>

<P><STRONG><a name="[10f]"></a>usmart_get_cmdname</STRONG> (Thumb, 54 bytes, Stack size 8 bytes, usmart_str.o(i.usmart_get_cmdname))
<BR><BR>[Stack]<UL><LI>Max Depth = 8<LI>Call Chain = usmart_get_cmdname
</UL>
<BR>[Called By]<UL><LI><a href="#[10d]">&gt;&gt;</a>&nbsp;&nbsp;&nbsp;usmart_sys_cmd_exe
</UL>

<P><STRONG><a name="[100]"></a>usmart_get_fname</STRONG> (Thumb, 440 bytes, Stack size 72 bytes, usmart_str.o(i.usmart_get_fname))
<BR><BR>[Stack]<UL><LI>Max Depth = 72<LI>Call Chain = usmart_get_fname
</UL>
<BR>[Calls]<UL><LI><a href="#[106]">&gt;&gt;</a>&nbsp;&nbsp;&nbsp;usmart_search_nextc
<LI><a href="#[101]">&gt;&gt;</a>&nbsp;&nbsp;&nbsp;usmart_strcmp
</UL>
<BR>[Called By]<UL><LI><a href="#[10d]">&gt;&gt;</a>&nbsp;&nbsp;&nbsp;usmart_sys_cmd_exe
<LI><a href="#[d]">&gt;&gt;</a>&nbsp;&nbsp;&nbsp;usmart_exe
<LI><a href="#[c]">&gt;&gt;</a>&nbsp;&nbsp;&nbsp;usmart_cmd_rec
</UL>

<P><STRONG><a name="[102]"></a>usmart_get_fparam</STRONG> (Thumb, 262 bytes, Stack size 240 bytes, usmart_str.o(i.usmart_get_fparam))
<BR><BR>[Stack]<UL><LI>Max Depth = 284<LI>Call Chain = usmart_get_fparam &rArr; usmart_str2num &rArr; usmart_pow
</UL>
<BR>[Calls]<UL><LI><a href="#[109]">&gt;&gt;</a>&nbsp;&nbsp;&nbsp;usmart_strlen
<LI><a href="#[10a]">&gt;&gt;</a>&nbsp;&nbsp;&nbsp;usmart_strcopy
<LI><a href="#[108]">&gt;&gt;</a>&nbsp;&nbsp;&nbsp;usmart_str2num
<LI><a href="#[103]">&gt;&gt;</a>&nbsp;&nbsp;&nbsp;usmart_get_parmpos
<LI><a href="#[107]">&gt;&gt;</a>&nbsp;&nbsp;&nbsp;usmart_get_aparm
</UL>
<BR>[Called By]<UL><LI><a href="#[c]">&gt;&gt;</a>&nbsp;&nbsp;&nbsp;usmart_cmd_rec
</UL>

<P><STRONG><a name="[10c]"></a>usmart_get_input_string</STRONG> (Thumb, 30 bytes, Stack size 0 bytes, usmart_port.o(i.usmart_get_input_string))
<BR><BR>[Called By]<UL><LI><a href="#[e]">&gt;&gt;</a>&nbsp;&nbsp;&nbsp;usmart_scan
</UL>

<P><STRONG><a name="[103]"></a>usmart_get_parmpos</STRONG> (Thumb, 26 bytes, Stack size 0 bytes, usmart_str.o(i.usmart_get_parmpos))
<BR><BR>[Called By]<UL><LI><a href="#[102]">&gt;&gt;</a>&nbsp;&nbsp;&nbsp;usmart_get_fparam
<LI><a href="#[d]">&gt;&gt;</a>&nbsp;&nbsp;&nbsp;usmart_exe
</UL>

<P><STRONG><a name="[b]"></a>usmart_init</STRONG> (Thumb, 18 bytes, Stack size 8 bytes, usmart.o(i.usmart_init))
<BR><BR>[Stack]<UL><LI>Max Depth = 56<LI>Call Chain = usmart_init &rArr; usmart_timerx_init &rArr; nvic_irq_enable
</UL>
<BR>[Calls]<UL><LI><a href="#[10b]">&gt;&gt;</a>&nbsp;&nbsp;&nbsp;usmart_timerx_init
</UL>
<BR>[Called By]<UL><LI><a href="#[8a]">&gt;&gt;</a>&nbsp;&nbsp;&nbsp;main
</UL>
<BR>[Address Reference Count : 1]<UL><LI> usmart_config.o(.data)
</UL>
<P><STRONG><a name="[10e]"></a>usmart_pow</STRONG> (Thumb, 22 bytes, Stack size 8 bytes, usmart_str.o(i.usmart_pow))
<BR><BR>[Stack]<UL><LI>Max Depth = 8<LI>Call Chain = usmart_pow
</UL>
<BR>[Called By]<UL><LI><a href="#[108]">&gt;&gt;</a>&nbsp;&nbsp;&nbsp;usmart_str2num
</UL>

<P><STRONG><a name="[e]"></a>usmart_scan</STRONG> (Thumb, 106 bytes, Stack size 16 bytes, usmart.o(i.usmart_scan))
<BR><BR>[Stack]<UL><LI>Max Depth = 216 + Unknown Stack Size
<LI>Call Chain = usmart_scan &rArr; usmart_sys_cmd_exe &rArr; __2printf &rArr; _printf_char_file &rArr; _printf_char_common &rArr; __printf
</UL>
<BR>[Calls]<UL><LI><a href="#[90]">&gt;&gt;</a>&nbsp;&nbsp;&nbsp;__2printf
<LI><a href="#[10c]">&gt;&gt;</a>&nbsp;&nbsp;&nbsp;usmart_get_input_string
<LI><a href="#[10d]">&gt;&gt;</a>&nbsp;&nbsp;&nbsp;usmart_sys_cmd_exe
</UL>
<BR>[Address Reference Count : 1]<UL><LI> usmart_config.o(.data)
</UL>
<P><STRONG><a name="[106]"></a>usmart_search_nextc</STRONG> (Thumb, 22 bytes, Stack size 0 bytes, usmart_str.o(i.usmart_search_nextc))
<BR><BR>[Called By]<UL><LI><a href="#[100]">&gt;&gt;</a>&nbsp;&nbsp;&nbsp;usmart_get_fname
</UL>

<P><STRONG><a name="[108]"></a>usmart_str2num</STRONG> (Thumb, 262 bytes, Stack size 36 bytes, usmart_str.o(i.usmart_str2num))
<BR><BR>[Stack]<UL><LI>Max Depth = 44<LI>Call Chain = usmart_str2num &rArr; usmart_pow
</UL>
<BR>[Calls]<UL><LI><a href="#[10e]">&gt;&gt;</a>&nbsp;&nbsp;&nbsp;usmart_pow
</UL>
<BR>[Called By]<UL><LI><a href="#[102]">&gt;&gt;</a>&nbsp;&nbsp;&nbsp;usmart_get_fparam
<LI><a href="#[10d]">&gt;&gt;</a>&nbsp;&nbsp;&nbsp;usmart_sys_cmd_exe
</UL>

<P><STRONG><a name="[101]"></a>usmart_strcmp</STRONG> (Thumb, 34 bytes, Stack size 0 bytes, usmart_str.o(i.usmart_strcmp))
<BR><BR>[Called By]<UL><LI><a href="#[100]">&gt;&gt;</a>&nbsp;&nbsp;&nbsp;usmart_get_fname
<LI><a href="#[10d]">&gt;&gt;</a>&nbsp;&nbsp;&nbsp;usmart_sys_cmd_exe
<LI><a href="#[c]">&gt;&gt;</a>&nbsp;&nbsp;&nbsp;usmart_cmd_rec
</UL>

<P><STRONG><a name="[10a]"></a>usmart_strcopy</STRONG> (Thumb, 22 bytes, Stack size 0 bytes, usmart_str.o(i.usmart_strcopy))
<BR><BR>[Called By]<UL><LI><a href="#[102]">&gt;&gt;</a>&nbsp;&nbsp;&nbsp;usmart_get_fparam
</UL>

<P><STRONG><a name="[109]"></a>usmart_strlen</STRONG> (Thumb, 24 bytes, Stack size 0 bytes, usmart_str.o(i.usmart_strlen))
<BR><BR>[Called By]<UL><LI><a href="#[102]">&gt;&gt;</a>&nbsp;&nbsp;&nbsp;usmart_get_fparam
</UL>

<P><STRONG><a name="[10d]"></a>usmart_sys_cmd_exe</STRONG> (Thumb, 1540 bytes, Stack size 56 bytes, usmart.o(i.usmart_sys_cmd_exe))
<BR><BR>[Stack]<UL><LI>Max Depth = 200 + Unknown Stack Size
<LI>Call Chain = usmart_sys_cmd_exe &rArr; __2printf &rArr; _printf_char_file &rArr; _printf_char_common &rArr; __printf
</UL>
<BR>[Calls]<UL><LI><a href="#[90]">&gt;&gt;</a>&nbsp;&nbsp;&nbsp;__2printf
<LI><a href="#[101]">&gt;&gt;</a>&nbsp;&nbsp;&nbsp;usmart_strcmp
<LI><a href="#[108]">&gt;&gt;</a>&nbsp;&nbsp;&nbsp;usmart_str2num
<LI><a href="#[100]">&gt;&gt;</a>&nbsp;&nbsp;&nbsp;usmart_get_fname
<LI><a href="#[10f]">&gt;&gt;</a>&nbsp;&nbsp;&nbsp;usmart_get_cmdname
<LI><a href="#[107]">&gt;&gt;</a>&nbsp;&nbsp;&nbsp;usmart_get_aparm
</UL>
<BR>[Called By]<UL><LI><a href="#[e]">&gt;&gt;</a>&nbsp;&nbsp;&nbsp;usmart_scan
</UL>

<P><STRONG><a name="[105]"></a>usmart_timerx_get_runtime</STRONG> (Thumb, 60 bytes, Stack size 8 bytes, usmart_port.o(i.usmart_timerx_get_runtime))
<BR><BR>[Stack]<UL><LI>Max Depth = 8<LI>Call Chain = usmart_timerx_get_runtime
</UL>
<BR>[Calls]<UL><LI><a href="#[a4]">&gt;&gt;</a>&nbsp;&nbsp;&nbsp;timer_interrupt_flag_get
<LI><a href="#[110]">&gt;&gt;</a>&nbsp;&nbsp;&nbsp;timer_counter_read
</UL>
<BR>[Called By]<UL><LI><a href="#[d]">&gt;&gt;</a>&nbsp;&nbsp;&nbsp;usmart_exe
</UL>

<P><STRONG><a name="[10b]"></a>usmart_timerx_init</STRONG> (Thumb, 112 bytes, Stack size 24 bytes, usmart_port.o(i.usmart_timerx_init))
<BR><BR>[Stack]<UL><LI>Max Depth = 48<LI>Call Chain = usmart_timerx_init &rArr; nvic_irq_enable
</UL>
<BR>[Calls]<UL><LI><a href="#[b9]">&gt;&gt;</a>&nbsp;&nbsp;&nbsp;rcu_periph_clock_enable
<LI><a href="#[d6]">&gt;&gt;</a>&nbsp;&nbsp;&nbsp;nvic_irq_enable
<LI><a href="#[111]">&gt;&gt;</a>&nbsp;&nbsp;&nbsp;timer_struct_para_init
<LI><a href="#[a7]">&gt;&gt;</a>&nbsp;&nbsp;&nbsp;timer_interrupt_flag_clear
<LI><a href="#[113]">&gt;&gt;</a>&nbsp;&nbsp;&nbsp;timer_interrupt_enable
<LI><a href="#[112]">&gt;&gt;</a>&nbsp;&nbsp;&nbsp;timer_init
<LI><a href="#[114]">&gt;&gt;</a>&nbsp;&nbsp;&nbsp;timer_enable
<LI><a href="#[f2]">&gt;&gt;</a>&nbsp;&nbsp;&nbsp;timer_deinit
</UL>
<BR>[Called By]<UL><LI><a href="#[b]">&gt;&gt;</a>&nbsp;&nbsp;&nbsp;usmart_init
</UL>

<P><STRONG><a name="[104]"></a>usmart_timerx_reset_runtime</STRONG> (Thumb, 38 bytes, Stack size 8 bytes, usmart_port.o(i.usmart_timerx_reset_runtime))
<BR><BR>[Stack]<UL><LI>Max Depth = 8<LI>Call Chain = usmart_timerx_reset_runtime
</UL>
<BR>[Calls]<UL><LI><a href="#[a7]">&gt;&gt;</a>&nbsp;&nbsp;&nbsp;timer_interrupt_flag_clear
<LI><a href="#[a5]">&gt;&gt;</a>&nbsp;&nbsp;&nbsp;timer_counter_value_config
<LI><a href="#[a6]">&gt;&gt;</a>&nbsp;&nbsp;&nbsp;timer_autoreload_value_config
</UL>
<BR>[Called By]<UL><LI><a href="#[d]">&gt;&gt;</a>&nbsp;&nbsp;&nbsp;usmart_exe
</UL>

<P><STRONG><a name="[3]"></a>write_addr</STRONG> (Thumb, 4 bytes, Stack size 0 bytes, usmart.o(i.write_addr))
<BR>[Address Reference Count : 1]<UL><LI> usmart_config.o(.data)
</UL>
<P><STRONG><a name="[84]"></a>_fp_init</STRONG> (Thumb, 10 bytes, Stack size 0 bytes, fpinit.o(x$fpl$fpinit))
<BR><BR>[Called By]<UL><LI><a href="#[83]">&gt;&gt;</a>&nbsp;&nbsp;&nbsp;__rt_lib_init_fp_1
</UL>

<P><STRONG><a name="[144]"></a>__fplib_config_fpu_vfp</STRONG> (Thumb, 0 bytes, Stack size unknown bytes, fpinit.o(x$fpl$fpinit), UNUSED)

<P><STRONG><a name="[145]"></a>__fplib_config_pureend_doubles</STRONG> (Thumb, 0 bytes, Stack size unknown bytes, fpinit.o(x$fpl$fpinit), UNUSED)
<P>
<H3>
Local Symbols
</H3>
<P><STRONG><a name="[f1]"></a>system_clock_240m_25m_hxtal</STRONG> (Thumb, 250 bytes, Stack size 0 bytes, system_gd32f4xx.o(i.system_clock_240m_25m_hxtal))
<BR><BR>[Called By]<UL><LI><a href="#[a3]">&gt;&gt;</a>&nbsp;&nbsp;&nbsp;system_clock_config
</UL>

<P><STRONG><a name="[a3]"></a>system_clock_config</STRONG> (Thumb, 8 bytes, Stack size 8 bytes, system_gd32f4xx.o(i.system_clock_config))
<BR><BR>[Stack]<UL><LI>Max Depth = 8<LI>Call Chain = system_clock_config
</UL>
<BR>[Calls]<UL><LI><a href="#[f1]">&gt;&gt;</a>&nbsp;&nbsp;&nbsp;system_clock_240m_25m_hxtal
</UL>
<BR>[Called By]<UL><LI><a href="#[72]">&gt;&gt;</a>&nbsp;&nbsp;&nbsp;SystemInit
</UL>

<P><STRONG><a name="[b7]"></a>iic_delay</STRONG> (Thumb, 10 bytes, Stack size 8 bytes, myiic.o(i.iic_delay))
<BR><BR>[Stack]<UL><LI>Max Depth = 24<LI>Call Chain = iic_delay &rArr; delay_us
</UL>
<BR>[Calls]<UL><LI><a href="#[5]">&gt;&gt;</a>&nbsp;&nbsp;&nbsp;delay_us
</UL>
<BR>[Called By]<UL><LI><a href="#[c0]">&gt;&gt;</a>&nbsp;&nbsp;&nbsp;iic_wait_ack
<LI><a href="#[bc]">&gt;&gt;</a>&nbsp;&nbsp;&nbsp;iic_stop
<LI><a href="#[bf]">&gt;&gt;</a>&nbsp;&nbsp;&nbsp;iic_start
<LI><a href="#[bd]">&gt;&gt;</a>&nbsp;&nbsp;&nbsp;iic_send_byte
</UL>

<P><STRONG><a name="[db]"></a>oled_pow</STRONG> (Thumb, 22 bytes, Stack size 8 bytes, oled.o(i.oled_pow))
<BR><BR>[Stack]<UL><LI>Max Depth = 8<LI>Call Chain = oled_pow
</UL>
<BR>[Called By]<UL><LI><a href="#[ab]">&gt;&gt;</a>&nbsp;&nbsp;&nbsp;oled_show_num
</UL>

<P><STRONG><a name="[d9]"></a>oled_wr_byte</STRONG> (Thumb, 56 bytes, Stack size 16 bytes, oled.o(i.oled_wr_byte))
<BR><BR>[Stack]<UL><LI>Max Depth = 56<LI>Call Chain = oled_wr_byte &rArr; iic_send_byte &rArr; iic_delay &rArr; delay_us
</UL>
<BR>[Calls]<UL><LI><a href="#[c0]">&gt;&gt;</a>&nbsp;&nbsp;&nbsp;iic_wait_ack
<LI><a href="#[bc]">&gt;&gt;</a>&nbsp;&nbsp;&nbsp;iic_stop
<LI><a href="#[bf]">&gt;&gt;</a>&nbsp;&nbsp;&nbsp;iic_start
<LI><a href="#[bd]">&gt;&gt;</a>&nbsp;&nbsp;&nbsp;iic_send_byte
</UL>
<BR>[Called By]<UL><LI><a href="#[c9]">&gt;&gt;</a>&nbsp;&nbsp;&nbsp;oled_init
<LI><a href="#[ad]">&gt;&gt;</a>&nbsp;&nbsp;&nbsp;oled_refresh_gram
</UL>

<P><STRONG><a name="[e3]"></a>rtc_bcd2dec</STRONG> (Thumb, 22 bytes, Stack size 0 bytes, rtc.o(i.rtc_bcd2dec))
<BR><BR>[Called By]<UL><LI><a href="#[af]">&gt;&gt;</a>&nbsp;&nbsp;&nbsp;rtc_get_time
</UL>

<P><STRONG><a name="[e8]"></a>rtc_dec2bcd</STRONG> (Thumb, 28 bytes, Stack size 0 bytes, rtc.o(i.rtc_dec2bcd))
<BR><BR>[Called By]<UL><LI><a href="#[6]">&gt;&gt;</a>&nbsp;&nbsp;&nbsp;rtc_set_time
<LI><a href="#[7]">&gt;&gt;</a>&nbsp;&nbsp;&nbsp;rtc_set_date
<LI><a href="#[9]">&gt;&gt;</a>&nbsp;&nbsp;&nbsp;rtc_set_alarma
</UL>

<P><STRONG><a name="[ce]"></a>menu_contain</STRONG> (Thumb, 44 bytes, Stack size 8 bytes, menu.o(i.menu_contain))
<BR><BR>[Stack]<UL><LI>Max Depth = 136<LI>Call Chain = menu_contain &rArr; menu_pointer &rArr; oled_fill &rArr; oled_refresh_gram &rArr; oled_wr_byte &rArr; iic_send_byte &rArr; iic_delay &rArr; delay_us
</UL>
<BR>[Calls]<UL><LI><a href="#[ad]">&gt;&gt;</a>&nbsp;&nbsp;&nbsp;oled_refresh_gram
<LI><a href="#[cf]">&gt;&gt;</a>&nbsp;&nbsp;&nbsp;oled_fill
<LI><a href="#[d0]">&gt;&gt;</a>&nbsp;&nbsp;&nbsp;menu_pointer
<LI><a href="#[d1]">&gt;&gt;</a>&nbsp;&nbsp;&nbsp;menu_display_point_up
<LI><a href="#[d2]">&gt;&gt;</a>&nbsp;&nbsp;&nbsp;menu_display_point_down
</UL>
<BR>[Called By]<UL><LI><a href="#[cb]">&gt;&gt;</a>&nbsp;&nbsp;&nbsp;menu_init
<LI><a href="#[cc]">&gt;&gt;</a>&nbsp;&nbsp;&nbsp;menu_exit
</UL>

<P><STRONG><a name="[d2]"></a>menu_display_point_down</STRONG> (Thumb, 46 bytes, Stack size 8 bytes, menu.o(i.menu_display_point_down))
<BR><BR>[Stack]<UL><LI>Max Depth = 120<LI>Call Chain = menu_display_point_down &rArr; oled_show_string &rArr; oled_clear &rArr; oled_refresh_gram &rArr; oled_wr_byte &rArr; iic_send_byte &rArr; iic_delay &rArr; delay_us
</UL>
<BR>[Calls]<UL><LI><a href="#[ac]">&gt;&gt;</a>&nbsp;&nbsp;&nbsp;oled_show_string
</UL>
<BR>[Called By]<UL><LI><a href="#[d5]">&gt;&gt;</a>&nbsp;&nbsp;&nbsp;menu_next_app
<LI><a href="#[ce]">&gt;&gt;</a>&nbsp;&nbsp;&nbsp;menu_contain
</UL>

<P><STRONG><a name="[d1]"></a>menu_display_point_up</STRONG> (Thumb, 46 bytes, Stack size 8 bytes, menu.o(i.menu_display_point_up))
<BR><BR>[Stack]<UL><LI>Max Depth = 120<LI>Call Chain = menu_display_point_up &rArr; oled_show_string &rArr; oled_clear &rArr; oled_refresh_gram &rArr; oled_wr_byte &rArr; iic_send_byte &rArr; iic_delay &rArr; delay_us
</UL>
<BR>[Calls]<UL><LI><a href="#[ac]">&gt;&gt;</a>&nbsp;&nbsp;&nbsp;oled_show_string
</UL>
<BR>[Called By]<UL><LI><a href="#[d4]">&gt;&gt;</a>&nbsp;&nbsp;&nbsp;menu_last_app
<LI><a href="#[ce]">&gt;&gt;</a>&nbsp;&nbsp;&nbsp;menu_contain
</UL>

<P><STRONG><a name="[d0]"></a>menu_pointer</STRONG> (Thumb, 80 bytes, Stack size 24 bytes, menu.o(i.menu_pointer))
<BR><BR>[Stack]<UL><LI>Max Depth = 128<LI>Call Chain = menu_pointer &rArr; oled_fill &rArr; oled_refresh_gram &rArr; oled_wr_byte &rArr; iic_send_byte &rArr; iic_delay &rArr; delay_us
</UL>
<BR>[Calls]<UL><LI><a href="#[cf]">&gt;&gt;</a>&nbsp;&nbsp;&nbsp;oled_fill
</UL>
<BR>[Called By]<UL><LI><a href="#[d5]">&gt;&gt;</a>&nbsp;&nbsp;&nbsp;menu_next_app
<LI><a href="#[d4]">&gt;&gt;</a>&nbsp;&nbsp;&nbsp;menu_last_app
<LI><a href="#[ce]">&gt;&gt;</a>&nbsp;&nbsp;&nbsp;menu_contain
</UL>

<P><STRONG><a name="[d3]"></a>menu_skeletons</STRONG> (Thumb, 72 bytes, Stack size 8 bytes, menu.o(i.menu_skeletons))
<BR><BR>[Stack]<UL><LI>Max Depth = 112<LI>Call Chain = menu_skeletons &rArr; oled_fill &rArr; oled_refresh_gram &rArr; oled_wr_byte &rArr; iic_send_byte &rArr; iic_delay &rArr; delay_us
</UL>
<BR>[Calls]<UL><LI><a href="#[ad]">&gt;&gt;</a>&nbsp;&nbsp;&nbsp;oled_refresh_gram
<LI><a href="#[cf]">&gt;&gt;</a>&nbsp;&nbsp;&nbsp;oled_fill
</UL>
<BR>[Called By]<UL><LI><a href="#[cb]">&gt;&gt;</a>&nbsp;&nbsp;&nbsp;menu_init
<LI><a href="#[cc]">&gt;&gt;</a>&nbsp;&nbsp;&nbsp;menu_exit
</UL>

<P><STRONG><a name="[75]"></a>_printf_input_char</STRONG> (Thumb, 10 bytes, Stack size 0 bytes, _printf_char_common.o(.text))
<BR>[Address Reference Count : 1]<UL><LI> _printf_char_common.o(.text)
</UL><P>
<H3>
Undefined Global Symbols
</H3><HR></body></html>
